W/ContextImpl( 1304): Calling a method in the system process without a qualified user: android.app.ContextImpl.sendBroadcast:1252 android.content.ContextWrapper.sendBroadcast:365 com.motorola.motocare.util.TriggerHelper$TriggerBuilder.send:76 com.motorola.motocare.internal.frameworkevents.ProcessKillTrigger.sendTrigger:147 com.motorola.motocare.internal.frameworkevents.ProcessKillTrigger.handleLmkKill:337 
W/ContextImpl( 1304): Calling a method in the system process without a qualified user: android.app.ContextImpl.sendBroadcast:1252 android.content.ContextWrapper.sendBroadcast:365 com.motorola.motocare.util.TriggerHelper$TriggerBuilder.send:76 com.motorola.motocare.internal.frameworkevents.ProcessKillTrigger.sendTrigger:147 com.motorola.motocare.internal.frameworkevents.ProcessKillTrigger.handleLmkKill:337 
W/ContextImpl( 1304): Calling a method in the system process without a qualified user: android.app.ContextImpl.sendBroadcast:1252 android.content.ContextWrapper.sendBroadcast:365 com.motorola.motocare.util.TriggerHelper$TriggerBuilder.send:76 com.motorola.motocare.internal.frameworkevents.ProcessKillTrigger.sendTrigger:147 com.motorola.motocare.internal.frameworkevents.ProcessKillTrigger.handleLmkKill:337 
W/ContextImpl( 1304): Calling a method in the system process without a qualified user: android.app.ContextImpl.sendBroadcast:1252 android.content.ContextWrapper.sendBroadcast:365 com.motorola.motocare.util.TriggerHelper$TriggerBuilder.send:76 com.motorola.motocare.internal.frameworkevents.ProcessKillTrigger.sendTrigger:147 com.motorola.motocare.internal.frameworkevents.ProcessKillTrigger.handleLmkKill:337 
W/ContextImpl( 1304): Calling a method in the system process without a qualified user: android.app.ContextImpl.sendBroadcast:1252 android.content.ContextWrapper.sendBroadcast:365 com.motorola.motocare.util.TriggerHelper$TriggerBuilder.send:76 com.motorola.motocare.internal.frameworkevents.ProcessKillTrigger.sendTrigger:147 com.motorola.motocare.internal.frameworkevents.ProcessKillTrigger.handleLmkKill:337 
W/ContextImpl( 1304): Calling a method in the system process without a qualified user: android.app.ContextImpl.sendBroadcast:1252 android.content.ContextWrapper.sendBroadcast:365 com.motorola.motocare.util.TriggerHelper$TriggerBuilder.send:76 com.motorola.motocare.internal.frameworkevents.ProcessKillTrigger.sendTrigger:147 com.motorola.motocare.internal.frameworkevents.ProcessKillTrigger.handleLmkKill:337 
W/ContextImpl( 1304): Calling a method in the system process without a qualified user: android.app.ContextImpl.sendBroadcast:1252 android.content.ContextWrapper.sendBroadcast:365 com.motorola.motocare.util.TriggerHelper$TriggerBuilder.send:76 com.motorola.motocare.internal.frameworkevents.ProcessKillTrigger.sendTrigger:147 com.motorola.motocare.internal.frameworkevents.ProcessKillTrigger.handleLmkKill:337 
W/ContextImpl( 1304): Calling a method in the system process without a qualified user: android.app.ContextImpl.sendBroadcast:1252 android.content.ContextWrapper.sendBroadcast:365 com.motorola.motocare.util.TriggerHelper$TriggerBuilder.send:76 com.motorola.motocare.internal.frameworkevents.ProcessKillTrigger.sendTrigger:147 com.motorola.motocare.internal.frameworkevents.ProcessKillTrigger.handleLmkKill:337 
W/ContextImpl( 1304): Calling a method in the system process without a qualified user: android.app.ContextImpl.sendBroadcast:1252 android.content.ContextWrapper.sendBroadcast:365 com.motorola.motocare.util.TriggerHelper$TriggerBuilder.send:76 com.motorola.motocare.internal.frameworkevents.ProcessKillTrigger.sendTrigger:147 com.motorola.motocare.internal.frameworkevents.ProcessKillTrigger.handleLmkKill:337 
W/ContextImpl( 1304): Calling a method in the system process without a qualified user: android.app.ContextImpl.sendBroadcast:1252 android.content.ContextWrapper.sendBroadcast:365 com.motorola.motocare.util.TriggerHelper$TriggerBuilder.send:76 com.motorola.motocare.internal.frameworkevents.ProcessKillTrigger.sendTrigger:147 com.motorola.motocare.internal.frameworkevents.ProcessKillTrigger.handleLmkKill:337 
W/ContextImpl( 1304): Calling a method in the system process without a qualified user: android.app.ContextImpl.sendBroadcast:1252 android.content.ContextWrapper.sendBroadcast:365 com.motorola.motocare.util.TriggerHelper$TriggerBuilder.send:76 com.motorola.motocare.internal.frameworkevents.ProcessKillTrigger.sendTrigger:147 com.motorola.motocare.internal.frameworkevents.ProcessKillTrigger.handleLmkKill:337 
W/ContextImpl( 1304): Calling a method in the system process without a qualified user: android.app.ContextImpl.sendBroadcast:1252 android.content.ContextWrapper.sendBroadcast:365 com.motorola.motocare.util.TriggerHelper$TriggerBuilder.send:76 com.motorola.motocare.internal.frameworkevents.ProcessKillTrigger.sendTrigger:147 com.motorola.motocare.internal.frameworkevents.ProcessKillTrigger.handleLmkKill:337 
W/ContextImpl( 1304): Calling a method in the system process without a qualified user: android.app.ContextImpl.sendBroadcast:1252 android.content.ContextWrapper.sendBroadcast:365 com.motorola.motocare.util.TriggerHelper$TriggerBuilder.send:76 com.motorola.motocare.internal.frameworkevents.ProcessKillTrigger.sendTrigger:147 com.motorola.motocare.internal.frameworkevents.ProcessKillTrigger.handleLmkKill:337 
W/ContextImpl( 1304): Calling a method in the system process without a qualified user: android.app.ContextImpl.sendBroadcast:1252 android.content.ContextWrapper.sendBroadcast:365 com.motorola.motocare.util.TriggerHelper$TriggerBuilder.send:76 com.motorola.motocare.internal.frameworkevents.ProcessKillTrigger.sendTrigger:147 com.motorola.motocare.internal.frameworkevents.ProcessKillTrigger.handleLmkKill:337 
W/ContextImpl( 1304): Calling a method in the system process without a qualified user: android.app.ContextImpl.sendBroadcast:1252 android.content.ContextWrapper.sendBroadcast:365 com.motorola.motocare.util.TriggerHelper$TriggerBuilder.send:76 com.motorola.motocare.internal.frameworkevents.ProcessKillTrigger.sendTrigger:147 com.motorola.motocare.internal.frameworkevents.ProcessKillTrigger.handleLmkKill:337 
W/ContextImpl( 1304): Calling a method in the system process without a qualified user: android.app.ContextImpl.sendBroadcast:1252 android.content.ContextWrapper.sendBroadcast:365 com.motorola.motocare.util.TriggerHelper$TriggerBuilder.send:76 com.motorola.motocare.internal.frameworkevents.ProcessKillTrigger.sendTrigger:147 com.motorola.motocare.internal.frameworkevents.ProcessKillTrigger.handleLmkKill:337 
W/ContextImpl( 1304): Calling a method in the system process without a qualified user: android.app.ContextImpl.sendBroadcast:1252 android.content.ContextWrapper.sendBroadcast:365 com.motorola.motocare.util.TriggerHelper$TriggerBuilder.send:76 com.motorola.motocare.internal.frameworkevents.ProcessKillTrigger.sendTrigger:147 com.motorola.motocare.internal.frameworkevents.ProcessKillTrigger.handleLmkKill:337 
W/ContextImpl( 1304): Calling a method in the system process without a qualified user: android.app.ContextImpl.sendBroadcast:1252 android.content.ContextWrapper.sendBroadcast:365 com.motorola.motocare.util.TriggerHelper$TriggerBuilder.send:76 com.motorola.motocare.internal.frameworkevents.ProcessKillTrigger.sendTrigger:147 com.motorola.motocare.internal.frameworkevents.ProcessKillTrigger.handleLmkKill:337 
W/ContextImpl( 1304): Calling a method in the system process without a qualified user: android.app.ContextImpl.sendBroadcast:1252 android.content.ContextWrapper.sendBroadcast:365 com.motorola.motocare.util.TriggerHelper$TriggerBuilder.send:76 com.motorola.motocare.internal.frameworkevents.ProcessKillTrigger.sendTrigger:147 com.motorola.motocare.internal.frameworkevents.ProcessKillTrigger.handleLmkKill:337 
W/ContextImpl( 1304): Calling a method in the system process without a qualified user: android.app.ContextImpl.sendBroadcast:1252 android.content.ContextWrapper.sendBroadcast:365 com.motorola.motocare.util.TriggerHelper$TriggerBuilder.send:76 com.motorola.motocare.internal.frameworkevents.ProcessKillTrigger.sendTrigger:147 com.motorola.motocare.internal.frameworkevents.ProcessKillTrigger.handleLmkKill:337 
W/ContextImpl( 1304): Calling a method in the system process without a qualified user: android.app.ContextImpl.sendBroadcast:1252 android.content.ContextWrapper.sendBroadcast:365 com.motorola.motocare.util.TriggerHelper$TriggerBuilder.send:76 com.motorola.motocare.internal.frameworkevents.ProcessKillTrigger.sendTrigger:147 com.motorola.motocare.internal.frameworkevents.ProcessKillTrigger.handleLmkKill:337 
W/ContextImpl( 1304): Calling a method in the system process without a qualified user: android.app.ContextImpl.sendBroadcast:1252 android.content.ContextWrapper.sendBroadcast:365 com.motorola.motocare.util.TriggerHelper$TriggerBuilder.send:76 com.motorola.motocare.internal.frameworkevents.ProcessKillTrigger.sendTrigger:147 com.motorola.motocare.internal.frameworkevents.ProcessKillTrigger.handleLmkKill:337 
W/ContextImpl( 1304): Calling a method in the system process without a qualified user: android.app.ContextImpl.sendBroadcast:1252 android.content.ContextWrapper.sendBroadcast:365 com.motorola.motocare.util.TriggerHelper$TriggerBuilder.send:76 com.motorola.motocare.internal.frameworkevents.ProcessKillTrigger.sendTrigger:147 com.motorola.motocare.internal.frameworkevents.ProcessKillTrigger.handleLmkKill:337 
W/ContextImpl( 1304): Calling a method in the system process without a qualified user: android.app.ContextImpl.sendBroadcast:1252 android.content.ContextWrapper.sendBroadcast:365 com.motorola.motocare.util.TriggerHelper$TriggerBuilder.send:76 com.motorola.motocare.internal.frameworkevents.ProcessKillTrigger.sendTrigger:147 com.motorola.motocare.internal.frameworkevents.ProcessKillTrigger.handleLmkKill:337 
W/ContextImpl( 1304): Calling a method in the system process without a qualified user: android.app.ContextImpl.sendBroadcast:1252 android.content.ContextWrapper.sendBroadcast:365 com.motorola.motocare.util.TriggerHelper$TriggerBuilder.send:76 com.motorola.motocare.internal.frameworkevents.ProcessKillTrigger.sendTrigger:147 com.motorola.motocare.internal.frameworkevents.ProcessKillTrigger.handleLmkKill:337 
W/ContextImpl( 1304): Calling a method in the system process without a qualified user: android.app.ContextImpl.sendBroadcast:1252 android.content.ContextWrapper.sendBroadcast:365 com.motorola.motocare.util.TriggerHelper$TriggerBuilder.send:76 com.motorola.motocare.internal.frameworkevents.ProcessKillTrigger.sendTrigger:147 com.motorola.motocare.internal.frameworkevents.ProcessKillTrigger.handleLmkKill:337 
W/ContextImpl( 1304): Calling a method in the system process without a qualified user: android.app.ContextImpl.sendBroadcast:1252 android.content.ContextWrapper.sendBroadcast:365 com.motorola.motocare.util.TriggerHelper$TriggerBuilder.send:76 com.motorola.motocare.internal.frameworkevents.ProcessKillTrigger.sendTrigger:147 com.motorola.motocare.internal.frameworkevents.ProcessKillTrigger.handleLmkKill:337 
W/ContextImpl( 1304): Calling a method in the system process without a qualified user: android.app.ContextImpl.sendBroadcast:1252 android.content.ContextWrapper.sendBroadcast:365 com.motorola.motocare.util.TriggerHelper$TriggerBuilder.send:76 com.motorola.motocare.internal.frameworkevents.ProcessKillTrigger.sendTrigger:147 com.motorola.motocare.internal.frameworkevents.ProcessKillTrigger.handleLmkKill:337 
W/ContextImpl( 1304): Calling a method in the system process without a qualified user: android.app.ContextImpl.sendBroadcast:1252 android.content.ContextWrapper.sendBroadcast:365 com.motorola.motocare.util.TriggerHelper$TriggerBuilder.send:76 com.motorola.motocare.internal.frameworkevents.ProcessKillTrigger.sendTrigger:147 com.motorola.motocare.internal.frameworkevents.ProcessKillTrigger.handleLmkKill:337 
W/ContextImpl( 1304): Calling a method in the system process without a qualified user: android.app.ContextImpl.sendBroadcast:1252 android.content.ContextWrapper.sendBroadcast:365 com.motorola.motocare.util.TriggerHelper$TriggerBuilder.send:76 com.motorola.motocare.internal.frameworkevents.ProcessKillTrigger.sendTrigger:147 com.motorola.motocare.internal.frameworkevents.ProcessKillTrigger.handleLmkKill:337 
W/ContextImpl( 1304): Calling a method in the system process without a qualified user: android.app.ContextImpl.sendBroadcast:1252 android.content.ContextWrapper.sendBroadcast:365 com.motorola.motocare.util.TriggerHelper$TriggerBuilder.send:76 com.motorola.motocare.internal.frameworkevents.ProcessKillTrigger.sendTrigger:147 com.motorola.motocare.internal.frameworkevents.ProcessKillTrigger.handleLmkKill:337 
W/ContextImpl( 1304): Calling a method in the system process without a qualified user: android.app.ContextImpl.sendBroadcast:1252 android.content.ContextWrapper.sendBroadcast:365 com.motorola.motocare.util.TriggerHelper$TriggerBuilder.send:76 com.motorola.motocare.internal.frameworkevents.ProcessKillTrigger.sendTrigger:147 com.motorola.motocare.internal.frameworkevents.ProcessKillTrigger.handleLmkKill:337 
W/ContextImpl( 1304): Calling a method in the system process without a qualified user: android.app.ContextImpl.sendBroadcast:1252 android.content.ContextWrapper.sendBroadcast:365 com.motorola.motocare.util.TriggerHelper$TriggerBuilder.send:76 com.motorola.motocare.internal.frameworkevents.ProcessKillTrigger.sendTrigger:147 com.motorola.motocare.internal.frameworkevents.ProcessKillTrigger.handleLmkKill:337 
W/ContextImpl( 1304): Calling a method in the system process without a qualified user: android.app.ContextImpl.sendBroadcast:1252 android.content.ContextWrapper.sendBroadcast:365 com.motorola.motocare.util.TriggerHelper$TriggerBuilder.send:76 com.motorola.motocare.internal.frameworkevents.ProcessKillTrigger.sendTrigger:147 com.motorola.motocare.internal.frameworkevents.ProcessKillTrigger.handleLmkKill:337 
W/ContextImpl( 1304): Calling a method in the system process without a qualified user: android.app.ContextImpl.sendBroadcast:1252 android.content.ContextWrapper.sendBroadcast:365 com.motorola.motocare.util.TriggerHelper$TriggerBuilder.send:76 com.motorola.motocare.internal.frameworkevents.ProcessKillTrigger.sendTrigger:147 com.motorola.motocare.internal.frameworkevents.ProcessKillTrigger.handleLmkKill:337 
W/ContextImpl( 1304): Calling a method in the system process without a qualified user: android.app.ContextImpl.sendBroadcast:1252 android.content.ContextWrapper.sendBroadcast:365 com.motorola.motocare.util.TriggerHelper$TriggerBuilder.send:76 com.motorola.motocare.internal.frameworkevents.ProcessKillTrigger.sendTrigger:147 com.motorola.motocare.internal.frameworkevents.ProcessKillTrigger.handleLmkKill:337 
W/ContextImpl( 1304): Calling a method in the system process without a qualified user: android.app.ContextImpl.sendBroadcast:1252 android.content.ContextWrapper.sendBroadcast:365 com.motorola.motocare.util.TriggerHelper$TriggerBuilder.send:76 com.motorola.motocare.internal.frameworkevents.ProcessKillTrigger.sendTrigger:147 com.motorola.motocare.internal.frameworkevents.ProcessKillTrigger.handleLmkKill:337 
W/ContextImpl( 1304): Calling a method in the system process without a qualified user: android.app.ContextImpl.sendBroadcast:1252 android.content.ContextWrapper.sendBroadcast:365 com.motorola.motocare.util.TriggerHelper$TriggerBuilder.send:76 com.motorola.motocare.internal.frameworkevents.ProcessKillTrigger.sendTrigger:147 com.motorola.motocare.internal.frameworkevents.ProcessKillTrigger.handleLmkKill:337 
W/ContextImpl( 1304): Calling a method in the system process without a qualified user: android.app.ContextImpl.sendBroadcast:1252 android.content.ContextWrapper.sendBroadcast:365 com.motorola.motocare.util.TriggerHelper$TriggerBuilder.send:76 com.motorola.motocare.internal.frameworkevents.ProcessKillTrigger.sendTrigger:147 com.motorola.motocare.internal.frameworkevents.ProcessKillTrigger.handleLmkKill:337 
D/dalvikvm( 1304): GC_EXPLICIT freed 1196K, 46% free 9328K/17184K, paused 3ms+3ms, total 28ms
D/CatchMeIfYouCan(32595): Process (<default>) ca: '/data/data/com.facebook.katana/app_cmiyc/A1657CCD543F12E66E587EE52ED9D802E22AAC4701'
D/CatchMeIfYouCan(32595): Process (<default>) fc: '/data/data/com.facebook.katana/app_cmiyc/A1657CCD543F12E66E587EE52ED9D802E22AAC4702'
D/CatchMeIfYouCan(32595): Process (<default>) cp: '('default', 3, 120000, silent [true], restart [false], logout [false])'
I/ActivityManager( 1018): Process com.alibaba.aliexpresshd:notify (pid 32395) has died.
D/ACRA    (32595): ACRA is enabled for com.facebook.katana, intializing...
F/ProcessStats( 1018): Starting service ServiceState{42fff988 com.whatsapp.messaging.MessageService pkg=com.whatsapp proc=42fff988} without owner
I/ActivityThread(32468): Removing dead content provider:android.content.ContentProviderProxy@421247a8
F/ProcessStats( 1018): Starting service ServiceState{4366a010 com.google.android.gms.drive.api.ApiService pkg=com.google.android.gms proc=4366a010} without owner
I/ActivityManager( 1018): Process com.amazon.kindle (pid 32417) has died.
I/ActivityManager( 1018): Start proc com.amazon.kindle for content provider com.amazon.kindle/.map.StandaloneMAPInformationProvider: pid=32634 uid=10143 gids={50143, 3003, 1028, 1015}
D/ACRA    (32595): Looking for error files in /data/data/com.facebook.katana/app_acra-reports
D/ACRA    (32595): Looking for error files in /data/data/com.facebook.katana/app_minidumps
W/dalvikvm(32634): VFY: unable to resolve static field 37152 (SINGLETON) in Lorg/slf4j/impl/StaticMarkerBinder;
D/dalvikvm(32634): VFY: replacing opcode 0x62 at 0x0000
I/dalvikvm(32634): Could not find method org.slf4j.impl.StaticLoggerBinder.getSingleton, referenced from method org.slf4j.LoggerFactory.bind
W/dalvikvm(32634): VFY: unable to resolve static method 57987: Lorg/slf4j/impl/StaticLoggerBinder;.getSingleton ()Lorg/slf4j/impl/StaticLoggerBinder;
D/dalvikvm(32634): VFY: replacing opcode 0x71 at 0x0007
I/dalvikvm(32634): Could not find method org.slf4j.impl.StaticLoggerBinder.getSingleton, referenced from method org.slf4j.LoggerFactory.getILoggerFactory
W/dalvikvm(32634): VFY: unable to resolve static method 57987: Lorg/slf4j/impl/StaticLoggerBinder;.getSingleton ()Lorg/slf4j/impl/StaticLoggerBinder;
D/dalvikvm(32634): VFY: replacing opcode 0x71 at 0x0017
I/dalvikvm(32634): Could not find method org.slf4j.impl.StaticLoggerBinder.getSingleton, referenced from method org.slf4j.LoggerFactory.reportActualBinding
W/dalvikvm(32634): VFY: unable to resolve static method 57987: Lorg/slf4j/impl/StaticLoggerBinder;.getSingleton ()Lorg/slf4j/impl/StaticLoggerBinder;
D/dalvikvm(32634): VFY: replacing opcode 0x71 at 0x0011
W/dalvikvm(32634): VFY: unable to resolve static field 37150 (REQUESTED_API_VERSION) in Lorg/slf4j/impl/StaticLoggerBinder;
D/dalvikvm(32634): VFY: replacing opcode 0x62 at 0x0000
D/dalvikvm(32595): Trying to load lib /data/app-lib/com.facebook.katana-1/libfb_stl_shared.so 0x41f87d28
D/dalvikvm(32595): Added shared lib /data/app-lib/com.facebook.katana-1/libfb_stl_shared.so 0x41f87d28
D/dalvikvm(32595): No JNI_OnLoad found in /data/app-lib/com.facebook.katana-1/libfb_stl_shared.so 0x41f87d28, skipping init
D/dalvikvm(32595): Trying to load lib /data/app-lib/com.facebook.katana-1/libfb_breakpad_client.so 0x41f87d28
D/dalvikvm(32595): Added shared lib /data/app-lib/com.facebook.katana-1/libfb_breakpad_client.so 0x41f87d28
W/System.err(32634): SLF4J: Failed to load class "org.slf4j.impl.StaticLoggerBinder".
W/System.err(32634): SLF4J: Defaulting to no-operation (NOP) logger implementation
W/System.err(32634): SLF4J: See http://www.slf4j.org/codes.html#StaticLoggerBinder for further details.
I/ActivityManager( 1018): Waited long enough for: ServiceRecord{42c1c1e0 u0 com.alibaba.aliexpresshd/com.taobao.agoo.PushService}
W/Unknown/com.amazon.identity.auth.device.utils.ReflectionHelper(32634): Failed to locate class named com.amazon.acos.util.AmazonBuild. If this is not a Kindle device, you can ignore this warning.
I/Unknown/com.amazon.identity.platform.setting.PlatformSettings(32634): DCP settings not available; using defaults
I/Unknown/com.amazon.identity.auth.device.api.MAPInit(32634): Initializing MAP SSO
I/Unknown/com.amazon.identity.auth.device.features.FeatureCache(32634): Setting feature OverrideDeviceAttributes to true
I/Unknown/com.amazon.identity.auth.device.utils.CentralApkUtils(32634): Cannot find amazon authenticator. returning null
I/Unknown/com.amazon.identity.auth.device.utils.CentralApkUtils(32634): No central apk detected. This should be a 3P device.
I/Unknown/com.amazon.identity.auth.device.attribute.DeviceAttributeCache(32634): Setting device attribute CentralAPK to false
I/com.amazon.kindle/com.amazon.identity.auth.device.utils.CentralApkUtils(32634): Cannot find amazon authenticator. If this is 1P device, this is a bug!
I/com.amazon.kindle/com.amazon.identity.auth.device.api.MAPInit(32634): Initializing MAP (130013210 / MAPAndroidLib-1.0.365.0) for app com.amazon.kindle
D/SystemClassLoaderAdder(32595): Marked as initialized entry corresponding to path /data/app/com.facebook.katana-1.apk
V/DexLibLoader(32595): Preparing secondary program dexes from null
D/AndroidRuntime(32632): 
D/AndroidRuntime(32632): >>>>>> AndroidRuntime START com.android.internal.os.RuntimeInit <<<<<<
V/DexLibLoader(32595): Loaded 4 raw lines of metadata.
V/DexLibLoader(32595): Secondary program dex metadata: secondary-1.dex.jar.xz 67dacb695fa8d1623302e29e51f9d8d6a6eeec27 secondary.dex01.Canary
D/AndroidRuntime(32630): 
D/AndroidRuntime(32630): >>>>>> AndroidRuntime START com.android.internal.os.RuntimeInit <<<<<<
D/AndroidRuntime(32632): CheckJNI is OFF
D/AndroidRuntime(32630): CheckJNI is OFF
V/DexLibLoader(32595): Secondary program dex metadata: secondary-2.dex.jar.xz 8c2369cab8de72ed296f7b3e7b8884a967ab300e secondary.dex02.Canary
V/DexLibLoader(32595): Secondary program dex metadata: secondary-3.dex.jar.xz cff192dd14260135270b485064fec9e5dc42e243 secondary.dex03.Canary
V/DexLibLoader(32595): Secondary program dex metadata: secondary-4.dex.jar.xz 93d535c7ed7ef87cec994f1db3d2734154cd0495 secondary.dex04.Canary
W/DexLibLoader(32595): Unexpected file in program dex directory: /data/data/com.facebook.katana/app_secondary_program_dex/temp_dex_lock
D/dalvikvm(32630): Trying to load lib libjavacore.so 0x0
D/dalvikvm(32632): Trying to load lib libjavacore.so 0x0
D/dalvikvm(32630): Added shared lib libjavacore.so 0x0
D/dalvikvm(32632): Added shared lib libjavacore.so 0x0
D/dalvikvm(32630): Trying to load lib libnativehelper.so 0x0
D/dalvikvm(32632): Trying to load lib libnativehelper.so 0x0
D/dalvikvm(32632): Added shared lib libnativehelper.so 0x0
D/dalvikvm(32630): Added shared lib libnativehelper.so 0x0
D/dalvikvm(32632): No JNI_OnLoad found in libnativehelper.so 0x0, skipping init
D/dalvikvm(32630): No JNI_OnLoad found in libnativehelper.so 0x0, skipping init
V/DexLibLoader(32595): Preparing to extract secondary-1.dex.jar.xz to /data/data/com.facebook.katana/app_secondary_program_dex/program-67dacb695fa8d1623302e29e51f9d8d6a6eeec27bfc618b7.dex.jar
V/DexLibLoader(32595): Dex already copied
D/OdexVerifier(32595): Odex verification is skipped.
V/DexLibLoader(32595): Creating class loader
D/dalvikvm(32634): Trying to load lib /data/app-lib/com.amazon.kindle-1/libNativeLibraryWrapper.so 0x41f7d748
D/dalvikvm(32634): Added shared lib /data/app-lib/com.amazon.kindle-1/libNativeLibraryWrapper.so 0x41f7d748
D/dalvikvm(32630): Note: class Landroid/app/ActivityManagerNative; has 181 unimplemented (abstract) methods
D/dalvikvm(32632): Note: class Landroid/app/ActivityManagerNative; has 181 unimplemented (abstract) methods
V/DexLibLoader(32595): Finished creating class loader
V/DexLibLoader(32595): Preparing to extract secondary-2.dex.jar.xz to /data/data/com.facebook.katana/app_secondary_program_dex/program-8c2369cab8de72ed296f7b3e7b8884a967ab300ebfc618b7.dex.jar
V/DexLibLoader(32595): Dex already copied
D/OdexVerifier(32595): Odex verification is skipped.
V/DexLibLoader(32595): Creating class loader
V/DexLibLoader(32595): Finished creating class loader
V/DexLibLoader(32595): Preparing to extract secondary-3.dex.jar.xz to /data/data/com.facebook.katana/app_secondary_program_dex/program-cff192dd14260135270b485064fec9e5dc42e243bfc618b7.dex.jar
V/DexLibLoader(32595): Dex already copied
D/OdexVerifier(32595): Odex verification is skipped.
V/DexLibLoader(32595): Creating class loader
V/DexElementCompatibility(32634): ElementObjectFileFileDexFile is not the right one for this platform
V/DexElementCompatibility(32634): ElementObjectFileZipFileDexFile is not the right one for this platform
E/memtrack(32630): Couldn't load memtrack module (No such file or directory)
E/android.os.Debug(32630): failed to load memtrack module: -2
E/memtrack(32632): Couldn't load memtrack module (No such file or directory)
E/android.os.Debug(32632): failed to load memtrack module: -2
V/DexLibLoader(32595): Finished creating class loader
V/DexLibLoader(32595): Preparing to extract secondary-4.dex.jar.xz to /data/data/com.facebook.katana/app_secondary_program_dex/program-93d535c7ed7ef87cec994f1db3d2734154cd0495bfc618b7.dex.jar
V/DexLibLoader(32595): Dex already copied
D/OdexVerifier(32595): Odex verification is skipped.
V/DexLibLoader(32595): Creating class loader
D/AndroidRuntime(32630): Calling main entry com.android.commands.pm.Pm
D/AndroidRuntime(32632): Calling main entry com.android.commands.pm.Pm
V/DexLibLoader(32595): Finished creating class loader
V/DexLibLoader(32595): Verifying classes from secondary dexes.
I/ActivityManager( 1018): Process com.amazon.mShop.android (pid 32468) has died.
D/DexLibLoader(32595): DexLibLoader.ensureDexLoaded took 454 ms
D/dalvikvm(32595): Trying to load lib /data/app-lib/com.facebook.katana-1/libfb_dalvik-internals.so 0x41f87d28
D/AndroidRuntime(32630): Shutting down VM
D/dalvikvm(32595): Added shared lib /data/app-lib/com.facebook.katana-1/libfb_dalvik-internals.so 0x41f87d28
D/dalvikvm(32630): GC_CONCURRENT freed 456K, 45% free 573K/1032K, paused 2ms+0ms, total 5ms
D/AndroidRuntime(32632): Shutting down VM
D/dalvikvm(32632): GC_CONCURRENT freed 456K, 45% free 573K/1032K, paused 1ms+1ms, total 4ms
I/ActivityManager( 1018): Process com.ideashower.readitlater.pro (pid 32499) has died.
I/dalvik-internals(32595): Successfully looked up JNI_GetCreatedJavaVMs
I/dalvik-internals(32595): Successfully looked up gDvm
E/dalvik-internals(32595): Failed to look up ladDumpProfiles
E/dalvik-internals(32595): Failed to look up ladResetProfiles
E/dalvik-internals(32595): Failed to look up ladPrintHeaderInfo
I/dalvik-internals(32595): gDvm has value 0x41699e18.  Searching for vmList (initial offset in [704,1480]).
I/dalvik-internals(32595): Beginning search.  Actual offset in [704,1468].
E/dalvik-internals(32595): Failed to find vmList in gDvm.  Going to brute-force search for LinearAllocHdr.
D/dalvik-internals(32595): Evaluating LinearAllocHdr candidate at 0x415d5ca8.
I/dalvik-internals(32595): Found LinearAllocHdr (with no vmList) at offset 948.
I/ActivityManager( 1018): Process com.amazon.kindle (pid 32634) has died.
D/AndroidRuntime(32704): 
D/AndroidRuntime(32704): >>>>>> AndroidRuntime START com.android.internal.os.RuntimeInit <<<<<<
D/AndroidRuntime(32704): CheckJNI is OFF
D/AndroidRuntime(32706): 
D/AndroidRuntime(32706): >>>>>> AndroidRuntime START com.android.internal.os.RuntimeInit <<<<<<
D/AndroidRuntime(32706): CheckJNI is OFF
D/dalvikvm(32704): Trying to load lib libjavacore.so 0x0
D/dalvikvm(32704): Added shared lib libjavacore.so 0x0
D/dalvikvm(32704): Trying to load lib libnativehelper.so 0x0
D/dalvikvm(32704): Added shared lib libnativehelper.so 0x0
D/dalvikvm(32704): No JNI_OnLoad found in libnativehelper.so 0x0, skipping init
D/dalvikvm(32706): Trying to load lib libjavacore.so 0x0
D/dalvikvm(32706): Added shared lib libjavacore.so 0x0
D/dalvikvm(32706): Trying to load lib libnativehelper.so 0x0
D/dalvikvm(32706): Added shared lib libnativehelper.so 0x0
D/dalvikvm(32706): No JNI_OnLoad found in libnativehelper.so 0x0, skipping init
D/dalvikvm(32704): Note: class Landroid/app/ActivityManagerNative; has 181 unimplemented (abstract) methods
D/dalvikvm(32706): Note: class Landroid/app/ActivityManagerNative; has 181 unimplemented (abstract) methods
E/memtrack(32704): Couldn't load memtrack module (No such file or directory)
E/android.os.Debug(32704): failed to load memtrack module: -2
E/memtrack(32706): Couldn't load memtrack module (No such file or directory)
E/android.os.Debug(32706): failed to load memtrack module: -2
D/AndroidRuntime(32704): Calling main entry com.android.commands.pm.Pm
D/AndroidRuntime(32706): Calling main entry com.android.commands.pm.Pm
D/AndroidRuntime(32704): Shutting down VM
D/dalvikvm(32704): GC_CONCURRENT freed 456K, 45% free 573K/1032K, paused 1ms+0ms, total 4ms
D/AndroidRuntime(32706): Shutting down VM
D/dalvikvm(32706): GC_CONCURRENT freed 456K, 45% free 573K/1032K, paused 0ms+1ms, total 3ms
D/dalvikvm(21718): GC_CONCURRENT freed 1917K, 45% free 9531K/17184K, paused 2ms+3ms, total 72ms
I/GAV3    (32329): Thread[GAThread,5,main]: No campaign data found.
W/dalvikvm(32595): method Lcom/facebook/reflex/view/AbstractListView;.invalidate incorrectly overrides package-private method with same name in Landroid/view/View;
W/dalvikvm(32595): method Lcom/facebook/reflex/view/GalleryViewAutoReflex;.invalidate incorrectly overrides package-private method with same name in Landroid/view/View;
W/dalvikvm(32595): method Lcom/facebook/reflex/view/HorizontalScrollViewAutoReflex;.invalidate incorrectly overrides package-private method with same name in Landroid/view/View;
W/dalvikvm(32595): method Lcom/facebook/reflex/view/ImageViewAutoReflex;.invalidate incorrectly overrides package-private method with same name in Landroid/view/View;
W/dalvikvm(32595): method Lcom/facebook/reflex/view/ScrollViewAutoReflex;.invalidate incorrectly overrides package-private method with same name in Landroid/view/View;
W/dalvikvm(32595): method Lcom/facebook/reflex/view/ViewPagerAutoReflex;.invalidate incorrectly overrides package-private method with same name in Landroid/view/View;
W/dalvikvm(32595): method Lcom/facebook/reflex/view/FrameLayoutAutoReflex;.invalidate incorrectly overrides package-private method with same name in Landroid/view/View;
W/dalvikvm(32595): method Lcom/facebook/feed/reflex/ZoomableImageViewAutoReflex;.invalidate incorrectly overrides package-private method with same name in Landroid/view/View;
D/AndroidRuntime(  309): 
D/AndroidRuntime(  309): >>>>>> AndroidRuntime START com.android.internal.os.RuntimeInit <<<<<<
D/AndroidRuntime(  309): CheckJNI is OFF
D/dalvikvm(  309): Trying to load lib libjavacore.so 0x0
D/dalvikvm(  309): Added shared lib libjavacore.so 0x0
D/dalvikvm(  309): Trying to load lib libnativehelper.so 0x0
D/dalvikvm(  309): Added shared lib libnativehelper.so 0x0
D/dalvikvm(  309): No JNI_OnLoad found in libnativehelper.so 0x0, skipping init
D/AndroidRuntime(  311): 
D/AndroidRuntime(  311): >>>>>> AndroidRuntime START com.android.internal.os.RuntimeInit <<<<<<
D/AndroidRuntime(  311): CheckJNI is OFF
D/dalvikvm(  311): Trying to load lib libjavacore.so 0x0
D/dalvikvm(  311): Added shared lib libjavacore.so 0x0
D/dalvikvm(  311): Trying to load lib libnativehelper.so 0x0
D/dalvikvm(  311): Added shared lib libnativehelper.so 0x0
D/dalvikvm(  311): No JNI_OnLoad found in libnativehelper.so 0x0, skipping init
D/dalvikvm(  309): Note: class Landroid/app/ActivityManagerNative; has 181 unimplemented (abstract) methods
D/dalvikvm(  311): Note: class Landroid/app/ActivityManagerNative; has 181 unimplemented (abstract) methods
E/memtrack(  309): Couldn't load memtrack module (No such file or directory)
E/android.os.Debug(  309): failed to load memtrack module: -2
E/memtrack(  311): Couldn't load memtrack module (No such file or directory)
E/android.os.Debug(  311): failed to load memtrack module: -2
D/AndroidRuntime(  309): Calling main entry com.android.commands.pm.Pm
D/AndroidRuntime(  311): Calling main entry com.android.commands.pm.Pm
D/AndroidRuntime(  309): Shutting down VM
D/dalvikvm(  309): GC_CONCURRENT freed 456K, 45% free 573K/1032K, paused 0ms+0ms, total 3ms
D/AndroidRuntime(  311): Shutting down VM
D/dalvikvm(  311): GC_CONCURRENT freed 456K, 45% free 573K/1032K, paused 0ms+1ms, total 3ms
W/dalvikvm(32595): method Lcom/facebook/messaging/reflex/SwipableOverlayLayoutAutoReflex;.invalidate incorrectly overrides package-private method with same name in Landroid/view/View;
D/dalvikvm(32595): GC_CONCURRENT freed 3715K, 22% free 13435K/17184K, paused 3ms+5ms, total 62ms
D/dalvikvm(32595): WAIT_FOR_CONCURRENT_GC blocked 21ms
W/fb4a(:<default>):StaticBindingVerifier(32595): Verify
D/WifiService( 1018): New client listening to asynchronous messages
D/dalvikvm(32595): GC_FOR_ALLOC freed 1706K, 21% free 13580K/17184K, paused 60ms, total 60ms
W/fb4a(:<default>):BaseAnalyticsConfig(32595): willEventBeLogged() called before shared prefs were initialized! Defaulting to true.
D/AndroidRuntime(  427): 
D/AndroidRuntime(  427): >>>>>> AndroidRuntime START com.android.internal.os.RuntimeInit <<<<<<
D/AndroidRuntime(  427): CheckJNI is OFF
D/dalvikvm(  427): Trying to load lib libjavacore.so 0x0
D/dalvikvm(  427): Added shared lib libjavacore.so 0x0
D/dalvikvm(  427): Trying to load lib libnativehelper.so 0x0
D/dalvikvm(  427): Added shared lib libnativehelper.so 0x0
D/dalvikvm(  427): No JNI_OnLoad found in libnativehelper.so 0x0, skipping init
D/AndroidRuntime(  433): 
D/AndroidRuntime(  433): >>>>>> AndroidRuntime START com.android.internal.os.RuntimeInit <<<<<<
D/AndroidRuntime(  433): CheckJNI is OFF
D/dalvikvm(  427): Note: class Landroid/app/ActivityManagerNative; has 181 unimplemented (abstract) methods
D/dalvikvm(  433): Trying to load lib libjavacore.so 0x0
D/dalvikvm(  433): Added shared lib libjavacore.so 0x0
D/dalvikvm(  433): Trying to load lib libnativehelper.so 0x0
D/dalvikvm(  433): Added shared lib libnativehelper.so 0x0
D/dalvikvm(  433): No JNI_OnLoad found in libnativehelper.so 0x0, skipping init
D/dalvikvm(  433): Note: class Landroid/app/ActivityManagerNative; has 181 unimplemented (abstract) methods
E/memtrack(  427): Couldn't load memtrack module (No such file or directory)
E/android.os.Debug(  427): failed to load memtrack module: -2
D/AndroidRuntime(  427): Calling main entry com.android.commands.pm.Pm
E/dalvikvm(32595): Could not find class 'org.apache.harmony.xnet.provider.jsse.OpenSSLSocketImpl', referenced from method com.facebook.ssl.openssl.check.CheckOpenSSLImplHasRequiredMethods.<clinit>
W/dalvikvm(32595): VFY: unable to resolve const-class 15198 (Lorg/apache/harmony/xnet/provider/jsse/OpenSSLSocketImpl;) in Lcom/facebook/ssl/openssl/check/CheckOpenSSLImplHasRequiredMethods;
D/dalvikvm(32595): VFY: replacing opcode 0x1c at 0x000d
E/dalvikvm(32595): Could not find class 'org.apache.harmony.xnet.provider.jsse.OpenSSLSocketFactoryImpl', referenced from method com.facebook.ssl.openssl.reflect.SSLParametersGetter.<clinit>
W/dalvikvm(32595): VFY: unable to resolve const-class 15197 (Lorg/apache/harmony/xnet/provider/jsse/OpenSSLSocketFactoryImpl;) in Lcom/facebook/ssl/openssl/reflect/SSLParametersGetter;
D/dalvikvm(32595): VFY: replacing opcode 0x1c at 0x000d
E/dalvikvm(32595): Could not find class 'org.apache.harmony.xnet.provider.jsse.SSLParametersImpl', referenced from method com.facebook.ssl.openssl.reflect.SSLParametersGetter.a
W/dalvikvm(32595): VFY: unable to resolve check-cast 15200 (Lorg/apache/harmony/xnet/provider/jsse/SSLParametersImpl;) in Lcom/facebook/ssl/openssl/reflect/SSLParametersGetter;
D/dalvikvm(32595): VFY: replacing opcode 0x1f at 0x0006
E/dalvikvm(32595): Could not find class 'org.apache.harmony.xnet.provider.jsse.SSLParametersImpl', referenced from method com.facebook.ssl.openssl.reflect.SSLSessionTimeoutSetter.<clinit>
W/dalvikvm(32595): VFY: unable to resolve const-class 15200 (Lorg/apache/harmony/xnet/provider/jsse/SSLParametersImpl;) in Lcom/facebook/ssl/openssl/reflect/SSLSessionTimeoutSetter;
D/dalvikvm(32595): VFY: replacing opcode 0x1c at 0x000d
W/dalvikvm(32595): VFY: unable to find class referenced in signature (Lorg/apache/harmony/xnet/provider/jsse/SSLParametersImpl;)
E/dalvikvm(32595): Could not find class 'org.apache.harmony.xnet.provider.jsse.ClientSessionContext', referenced from method com.facebook.ssl.openssl.reflect.SSLSessionTimeoutSetter.a
W/dalvikvm(32595): VFY: unable to resolve check-cast 15196 (Lorg/apache/harmony/xnet/provider/jsse/ClientSessionContext;) in Lcom/facebook/ssl/openssl/reflect/SSLSessionTimeoutSetter;
D/dalvikvm(32595): VFY: replacing opcode 0x1f at 0x0006
W/dalvikvm(32595): VFY: unable to find class referenced in signature (Lorg/apache/harmony/xnet/provider/jsse/SSLParametersImpl;)
W/dalvikvm(32595): Unable to resolve superclass of Lcom/facebook/ssl/openssl/TicketEnabledOpenSSLSocketImplWrapper; (15199)
W/dalvikvm(32595): Link of class 'Lcom/facebook/ssl/openssl/TicketEnabledOpenSSLSocketImplWrapper;' failed
E/memtrack(  433): Couldn't load memtrack module (No such file or directory)
E/dalvikvm(32595): Could not find class 'com.facebook.ssl.openssl.TicketEnabledOpenSSLSocketImplWrapper', referenced from method com.facebook.ssl.openssl.TicketEnabledOpenSSLSocketFactoryHelper.a
E/android.os.Debug(  433): failed to load memtrack module: -2
W/dalvikvm(32595): VFY: unable to resolve new-instance 11874 (Lcom/facebook/ssl/openssl/TicketEnabledOpenSSLSocketImplWrapper;) in Lcom/facebook/ssl/openssl/TicketEnabledOpenSSLSocketFactoryHelper;
D/dalvikvm(32595): VFY: replacing opcode 0x22 at 0x0000
W/dalvikvm(32595): Unable to resolve superclass of Lcom/facebook/ssl/openssl/TicketEnabledOpenSSLSocketImplWrapper; (15199)
W/dalvikvm(32595): Link of class 'Lcom/facebook/ssl/openssl/TicketEnabledOpenSSLSocketImplWrapper;' failed
D/dalvikvm(32595): DexOpt: unable to opt direct call 0xb3fb at 0x08 in Lcom/facebook/ssl/openssl/TicketEnabledOpenSSLSocketFactoryHelper;.a
D/AndroidRuntime(  433): Calling main entry com.android.commands.pm.Pm
D/AndroidRuntime(  427): Shutting down VM
D/dalvikvm(  427): GC_CONCURRENT freed 456K, 45% free 573K/1032K, paused 1ms+0ms, total 4ms
D/AndroidRuntime(  433): Shutting down VM
D/dalvikvm(  433): GC_CONCURRENT freed 456K, 45% free 573K/1032K, paused 0ms+1ms, total 3ms
D/dalvikvm(32595): GC_CONCURRENT freed 902K, 15% free 14707K/17184K, paused 4ms+6ms, total 99ms
I/widget.provider(32496): com.devhd.feedly.widget.FeedlyWidgetProvider onReceive: android.net.conn.CONNECTIVITY_CHANGE
I/ActivityManager( 1018): Start proc com.wunderkinder.wunderlistandroid for broadcast com.wunderkinder.wunderlistandroid/.receiver.WLConnectivityReceiver: pid=496 uid=10157 gids={50157, 3003, 1028, 1015}
I/selector.c(32496): onLowMemory() <-- selector
I/selector.br(32496): ONAPPEVENT({"type":"memoryWarning"})
I/selector$bottom.c(32496): onLowMemory() <-- selector$bottom
I/selector$bottom.br(32496): ONAPPEVENT({"type":"memoryWarning"})
I/storeGroup.c(32496): onLowMemory() <-- storeGroup
I/article$toolbar.c(32496): onLowMemory() <-- article$toolbar
I/article$toolbar.br(32496): ONAPPEVENT({"type":"memoryWarning"})
I/more.c  (32496): onLowMemory() <-- more
I/more.br (32496): ONAPPEVENT({"type":"memoryWarning"})
I/store.c (32496): onLowMemory() <-- store
I/store.br(32496): ONAPPEVENT({"type":"memoryWarning"})
I/article.c(32496): onLowMemory() <-- article
I/article$prev.c(32496): onLowMemory() <-- article$prev
I/article$prev.br(32496): ONAPPEVENT({"type":"memoryWarning"})
I/searchBox.c(32496): onLowMemory() <-- searchBox
I/searchBox.br(32496): ONAPPEVENT({"type":"memoryWarning"})
I/article$center.c(32496): onLowMemory() <-- article$center
I/article$center.br(32496): ONAPPEVENT({"type":"memoryWarning"})
I/article$next.c(32496): onLowMemory() <-- article$next
I/article$next.br(32496): ONAPPEVENT({"type":"memoryWarning"})
I/main.c  (32496): onLowMemory() <-- main
I/main.br (32496): ONAPPEVENT({"type":"memoryWarning"})
W/ManagedEGLContext(32496): doTerminate failed: EGL count is 2 but managed count is 1
D/dalvikvm(32496): GC_CONCURRENT freed 1998K, 34% free 13444K/20100K, paused 4ms+2ms, total 49ms
D/dalvikvm(32595): Trying to load lib /data/app-lib/com.facebook.katana-1/libfb_stl_shared.so 0x41f87d28
D/dalvikvm(32595): Shared lib '/data/app-lib/com.facebook.katana-1/libfb_stl_shared.so' already loaded in same CL 0x41f87d28
D/dalvikvm(32595): Trying to load lib /data/app-lib/com.facebook.katana-1/libfb.so 0x41f87d28
D/dalvikvm(32595): Added shared lib /data/app-lib/com.facebook.katana-1/libfb.so 0x41f87d28
D/dalvikvm(32595): No JNI_OnLoad found in /data/app-lib/com.facebook.katana-1/libfb.so 0x41f87d28, skipping init
D/dalvikvm(32595): Trying to load lib /data/app-lib/com.facebook.katana-1/libfb_breakpad_client.so 0x41f87d28
D/dalvikvm(32595): Shared lib '/data/app-lib/com.facebook.katana-1/libfb_breakpad_client.so' already loaded in same CL 0x41f87d28
D/dalvikvm(32595): Trying to load lib /data/app-lib/com.facebook.katana-1/libfbjni.so 0x41f87d28
D/dalvikvm(32595): Added shared lib /data/app-lib/com.facebook.katana-1/libfbjni.so 0x41f87d28
D/dalvikvm(32595): Trying to load lib /data/app-lib/com.facebook.katana-1/libheartbleed.so 0x41f87d28
D/dalvikvm(32595): Added shared lib /data/app-lib/com.facebook.katana-1/libheartbleed.so 0x41f87d28
E/LocSvc_ApiV02( 1018): W/virtual loc_api_adapter_err LocApiV02::getZppFix(GpsLocation&, LocPosTechMask&):2554]: error! status = eLOC_CLIENT_FAILURE_INVALID_PARAMETER, zpp_ind.status = eQMI_LOC_SUCCESS_V02
I/Crashlytics(  496): Initializing Crashlytics 1.1.11.10
W/BroadcastQueue( 1018): Permission Denial: broadcasting Intent { act=android.net.conn.INET_CONDITION_ACTION flg=0x4000010 (has extras) } from null (pid=-1, uid=-1) requires com.facebook.permission.prod.FB_APP_COMMUNICATION due to registered receiver BroadcastFilter{436d0ca0 u0 ReceiverList{436c7a30 32595 com.facebook.katana/10184/u0 remote:42d58db8}}
W/BroadcastQueue( 1018): Permission Denial: broadcasting Intent { act=android.net.conn.CONNECTIVITY_CHANGE flg=0x4000010 (has extras) } from null (pid=-1, uid=-1) requires com.facebook.permission.prod.FB_APP_COMMUNICATION due to registered receiver BroadcastFilter{436d0ca0 u0 ReceiverList{436c7a30 32595 com.facebook.katana/10184/u0 remote:42d58db8}}
V/AlarmManager( 1018): sending alarm Alarm{43097708 type 2 com.facebook.katana}
D/dalvikvm(32595): GC_CONCURRENT freed 1450K, 11% free 15304K/17184K, paused 4ms+4ms, total 64ms
D/dalvikvm(32595): WAIT_FOR_CONCURRENT_GC blocked 31ms
D/dalvikvm(32595): WAIT_FOR_CONCURRENT_GC blocked 30ms
D/GCoreFlp(16162): Unknown pending intent to remove.
D/Wunderlist APID(  496): ffcafa7d-56e1-4ce8-8057-9d9a7c645066
D/dalvikvm( 1018): GC_EXPLICIT freed 988K, 30% free 33933K/48328K, paused 5ms+16ms, total 161ms
I/ActivityManager( 1018): Start proc com.twitter.android for broadcast com.twitter.android/.client.AppBroadcastReceiver: pid=556 uid=10130 gids={50130, 3003, 1028, 1015}
W/BroadcastQueue( 1018): Permission Denial: broadcasting Intent { act=android.net.conn.CONNECTIVITY_CHANGE flg=0x4000010 (has extras) } from null (pid=-1, uid=-1) requires com.facebook.permission.prod.FB_APP_COMMUNICATION due to registered receiver BroadcastFilter{435b10f8 u0 ReceiverList{4368a388 32595 com.facebook.katana/10184/u0 remote:43109748}}
V/AlarmManager( 1018): sending alarm Alarm{440380c0 type 2 com.facebook.katana}
W/fb4a(:<default>):FbObjectMapper(32595): Falling back to Jackson for [simple type, class com.facebook.contacts.graphql.contactprofiletype.ContactProfileType]
D/dalvikvm(32595): GC_CONCURRENT freed 1517K, 10% free 15794K/17452K, paused 5ms+4ms, total 70ms
D/dalvikvm(32595): WAIT_FOR_CONCURRENT_GC blocked 48ms
D/dalvikvm(32595): WAIT_FOR_CONCURRENT_GC blocked 68ms
W/fb4a(:<default>):FbObjectMapper(32595): Falling back to Jackson for [simple type, class com.facebook.common.util.TriState]
I/Crashlytics(  556): Initializing Crashlytics 1.1.11.11
I/ActivityManager( 1018): Process com.facebook.orca (pid 30934) has died.
W/ActivityManager( 1018): Scheduling restart of crashed service com.facebook.orca/com.facebook.analytics.service.AnalyticsService in 18448ms
W/ActivityManager( 1018): Scheduling restart of crashed service com.facebook.orca/com.facebook.push.mqtt.service.MqttPushService in 18447ms
I/dalvikvm(  496): Could not find method org.slf4j.impl.StaticLoggerBinder.getSingleton, referenced from method org.slf4j.LoggerFactory.bind
W/dalvikvm(  496): VFY: unable to resolve static method 42897: Lorg/slf4j/impl/StaticLoggerBinder;.getSingleton ()Lorg/slf4j/impl/StaticLoggerBinder;
D/dalvikvm(  496): VFY: replacing opcode 0x71 at 0x0007
I/dalvikvm(  496): Could not find method org.slf4j.impl.StaticLoggerBinder.getSingleton, referenced from method org.slf4j.LoggerFactory.getILoggerFactory
W/dalvikvm(  496): VFY: unable to resolve static method 42897: Lorg/slf4j/impl/StaticLoggerBinder;.getSingleton ()Lorg/slf4j/impl/StaticLoggerBinder;
D/dalvikvm(  496): VFY: replacing opcode 0x71 at 0x0017
I/dalvikvm(  496): Could not find method org.slf4j.impl.StaticLoggerBinder.getSingleton, referenced from method org.slf4j.LoggerFactory.reportActualBinding
W/dalvikvm(  496): VFY: unable to resolve static method 42897: Lorg/slf4j/impl/StaticLoggerBinder;.getSingleton ()Lorg/slf4j/impl/StaticLoggerBinder;
D/dalvikvm(  496): VFY: replacing opcode 0x71 at 0x0011
W/dalvikvm(  496): VFY: unable to resolve static field 18808 (REQUESTED_API_VERSION) in Lorg/slf4j/impl/StaticLoggerBinder;
D/dalvikvm(  496): VFY: replacing opcode 0x62 at 0x0000
W/System.err(  496): SLF4J: Failed to load class "org.slf4j.impl.StaticLoggerBinder".
W/System.err(  496): SLF4J: Defaulting to no-operation (NOP) logger implementation
W/System.err(  496): SLF4J: See http://www.slf4j.org/codes.html#StaticLoggerBinder for further details.
I/ActivityManager( 1018): Process com.wunderkinder.wunderlistandroid (pid 496) has died.
W/ActivityManager( 1018): Service ServiceRecord{44079df8 u0 com.wunderkinder.wunderlistandroid/com.wunderkinder.wlapi.services.WLPusherService} in process ProcessRecord{431d9200 496:com.wunderkinder.wunderlistandroid/u0a157} not same as in map: null
W/ActivityManager( 1018): Service ServiceRecord{43339d70 u0 com.wunderkinder.wunderlistandroid/com.wunderkinder.wlapi.services.WLAPIManager} in process ProcessRecord{431d9200 496:com.wunderkinder.wunderlistandroid/u0a157} not same as in map: null
D/dalvikvm(32595): GC_CONCURRENT freed 2180K, 13% free 15784K/18108K, paused 5ms+5ms, total 73ms
D/dalvikvm(32595): WAIT_FOR_CONCURRENT_GC blocked 63ms
D/dalvikvm(32595): WAIT_FOR_CONCURRENT_GC blocked 25ms
D/AndroidRuntime(  598): 
D/AndroidRuntime(  598): >>>>>> AndroidRuntime START com.android.internal.os.RuntimeInit <<<<<<
D/AndroidRuntime(  603): 
D/AndroidRuntime(  603): >>>>>> AndroidRuntime START com.android.internal.os.RuntimeInit <<<<<<
D/AndroidRuntime(  603): CheckJNI is OFF
D/AndroidRuntime(  598): CheckJNI is OFF
D/dalvikvm(  598): Trying to load lib libjavacore.so 0x0
D/dalvikvm(  603): Trying to load lib libjavacore.so 0x0
D/dalvikvm(  598): Added shared lib libjavacore.so 0x0
D/dalvikvm(  603): Added shared lib libjavacore.so 0x0
D/dalvikvm(  603): Trying to load lib libnativehelper.so 0x0
D/dalvikvm(  598): Trying to load lib libnativehelper.so 0x0
D/dalvikvm(  598): Added shared lib libnativehelper.so 0x0
D/dalvikvm(  603): Added shared lib libnativehelper.so 0x0
D/dalvikvm(  598): No JNI_OnLoad found in libnativehelper.so 0x0, skipping init
D/dalvikvm(  603): No JNI_OnLoad found in libnativehelper.so 0x0, skipping init
D/dalvikvm(  603): Note: class Landroid/app/ActivityManagerNative; has 181 unimplemented (abstract) methods
D/dalvikvm(  598): Note: class Landroid/app/ActivityManagerNative; has 181 unimplemented (abstract) methods
D/DEBUG   (18277): Received intent : com.motorola.blur.service.blur.Actions.POLLINGMGR_CONNECTIVITY
W/ContextImpl(18277): Implicit intents with startService are not safe: Intent { act=com.motorola.blur.service.blur.Actions.BIND_WSPROXY_SVC } android.content.ContextWrapper.bindService:517 com.motorola.ccc.notification.GetNotificationsWS.bindWebServices:65 com.motorola.ccc.notification.SundryService.onCreate:1039 
I/ActivityManager( 1018): Start proc com.motorola.ccc.sso for broadcast com.motorola.ccc.sso.app/.GoogleAccountWatcherReceiver: pid=667 uid=10000 gids={50000, 3003, 3001, 1007, 9004, 1028, 1015, 2001, 9014}
D/GetNotificationsWS(18277): bindWebServices(): registering our AIDL callback...
D/GetNotificationsWS(18277): onServiceConnected()
I/SundryService(18277): onHandleIntent(): action=com.motorola.blur.service.blur.Actions.POLLINGMGR_CONNECTIVITY
D/WaitableIntentService(18277): ServiceHandler.handleMessage: mWaitCount=0
D/GetNotificationsWS(18277): onServiceConnected(): Registered for remote service callbacks...
D/GetNotificationsWS(18277): unbindWebServices(): un-registering our AIDL callback...
D/EmailService.MarketingOptInSetter(18277): received com.motorola.blur.service.blur.Actions.POLLINGMGR_CONNECTIVITY
D/GCM     ( 6685): GcmService start Intent { act=com.google.android.gms.INITIALIZE flg=0x10 pkg=com.google.android.gms cmp=com.google.android.gms/.gcm.GcmService } com.google.android.gms.INITIALIZE
E/memtrack(  603): Couldn't load memtrack module (No such file or directory)
E/android.os.Debug(  603): failed to load memtrack module: -2
E/memtrack(  598): Couldn't load memtrack module (No such file or directory)
E/android.os.Debug(  598): failed to load memtrack module: -2
W/BroadcastQueue( 1018): Failure sending broadcast Intent { act=com.facebook.push.mqtt.keepalive.KeepaliveManager.ACTION_INEXACT_ALARM.com.facebook.katana flg=0x14 pkg=com.facebook.katana (has extras) }
W/BroadcastQueue( 1018): android.os.DeadObjectException
W/BroadcastQueue( 1018): 	at android.os.BinderProxy.transact(Native Method)
