W/BroadcastQueue( 1018): 	at android.content.IIntentReceiver$Stub$Proxy.performReceive(IIntentReceiver.java:124)
W/BroadcastQueue( 1018): 	at com.android.server.am.BroadcastQueue.performReceiveLocked(BroadcastQueue.java:424)
W/BroadcastQueue( 1018): 	at com.android.server.am.BroadcastQueue.deliverToRegisteredReceiverLocked(BroadcastQueue.java:507)
W/BroadcastQueue( 1018): 	at com.android.server.am.BroadcastQueue.processNextBroadcast(BroadcastQueue.java:714)
W/BroadcastQueue( 1018): 	at com.android.server.am.ActivityManagerService.finishReceiver(ActivityManagerService.java:14032)
W/BroadcastQueue( 1018): 	at android.app.ActivityManagerNative.onTransact(ActivityManagerNative.java:394)
W/BroadcastQueue( 1018): 	at com.android.server.am.ActivityManagerService.onTransact(ActivityManagerService.java:2140)
W/BroadcastQueue( 1018): 	at android.os.Binder.execTransact(Binder.java:404)
W/BroadcastQueue( 1018): 	at dalvik.system.NativeStart.run(Native Method)
W/BroadcastQueue( 1018): Failure sending broadcast Intent { act=com.facebook.push.mqtt.keepalive.b.ACTION_INEXACT_ALARM.com.facebook.orca flg=0x14 pkg=com.facebook.orca (has extras) }
W/BroadcastQueue( 1018): android.os.DeadObjectException
W/BroadcastQueue( 1018): 	at android.os.BinderProxy.transact(Native Method)
W/BroadcastQueue( 1018): 	at android.content.IIntentReceiver$Stub$Proxy.performReceive(IIntentReceiver.java:124)
W/BroadcastQueue( 1018): 	at com.android.server.am.BroadcastQueue.performReceiveLocked(BroadcastQueue.java:424)
W/BroadcastQueue( 1018): 	at com.android.server.am.BroadcastQueue.deliverToRegisteredReceiverLocked(BroadcastQueue.java:507)
W/BroadcastQueue( 1018): 	at com.android.server.am.BroadcastQueue.processNextBroadcast(BroadcastQueue.java:714)
W/BroadcastQueue( 1018): 	at com.android.server.am.BroadcastQueue$1.handleMessage(BroadcastQueue.java:141)
W/BroadcastQueue( 1018): 	at android.os.Handler.dispatchMessage(Handler.java:102)
W/BroadcastQueue( 1018): 	at android.os.Looper.loop(Looper.java:136)
W/BroadcastQueue( 1018): 	at com.android.server.am.ActivityManagerService$AThread.run(ActivityManagerService.java:1917)
W/BroadcastQueue( 1018): Failure sending broadcast Intent { act=com.facebook.analytics.service.b.ACTION_ALARM flg=0x14 (has extras) }
W/BroadcastQueue( 1018): android.os.DeadObjectException
W/BroadcastQueue( 1018): 	at android.os.BinderProxy.transact(Native Method)
W/BroadcastQueue( 1018): 	at android.content.IIntentReceiver$Stub$Proxy.performReceive(IIntentReceiver.java:124)
W/BroadcastQueue( 1018): 	at com.android.server.am.BroadcastQueue.performReceiveLocked(BroadcastQueue.java:424)
W/BroadcastQueue( 1018): 	at com.android.server.am.BroadcastQueue.deliverToRegisteredReceiverLocked(BroadcastQueue.java:507)
W/BroadcastQueue( 1018): 	at com.android.server.am.BroadcastQueue.processNextBroadcast(BroadcastQueue.java:714)
W/BroadcastQueue( 1018): 	at com.android.server.am.BroadcastQueue$1.handleMessage(BroadcastQueue.java:141)
W/BroadcastQueue( 1018): 	at android.os.Handler.dispatchMessage(Handler.java:102)
W/BroadcastQueue( 1018): 	at android.os.Looper.loop(Looper.java:136)
W/BroadcastQueue( 1018): 	at com.android.server.am.ActivityManagerService$AThread.run(ActivityManagerService.java:1917)
W/ContextImpl( 1304): Calling a method in the system process without a qualified user: android.app.ContextImpl.startService:1608 android.content.ContextWrapper.startService:494 android.content.ContextWrapper.startService:494 com.motorola.motocare.internal.batterystats.BatteryStatsAction.onReceive:33 android.app.ActivityThread.handleReceiver:2434 
I/AdsMeasurementBroadcastReceiver(29520): Reporting settings might have changed, alerting AdsMeasurementService
D/AdsMeasurementBroadcastReceiver(29520): Unauthorized to start the main service
W/BroadcastQueue( 1018): Failure sending broadcast Intent { act=com.facebook.push.mqtt.keepalive.KeepaliveManager.ACTION_INEXACT_ALARM.com.facebook.katana flg=0x14 pkg=com.facebook.katana (has extras) }
W/BroadcastQueue( 1018): android.os.DeadObjectException
W/BroadcastQueue( 1018): 	at android.os.BinderProxy.transact(Native Method)
W/BroadcastQueue( 1018): 	at android.content.IIntentReceiver$Stub$Proxy.performReceive(IIntentReceiver.java:124)
W/BroadcastQueue( 1018): 	at com.android.server.am.BroadcastQueue.performReceiveLocked(BroadcastQueue.java:424)
W/BroadcastQueue( 1018): 	at com.android.server.am.BroadcastQueue.deliverToRegisteredReceiverLocked(BroadcastQueue.java:507)
W/BroadcastQueue( 1018): 	at com.android.server.am.BroadcastQueue.processNextBroadcast(BroadcastQueue.java:714)
W/BroadcastQueue( 1018): 	at com.android.server.am.ActivityManagerService.finishReceiver(ActivityManagerService.java:14032)
W/BroadcastQueue( 1018): 	at android.app.ActivityManagerNative.onTransact(ActivityManagerNative.java:394)
W/BroadcastQueue( 1018): 	at com.android.server.am.ActivityManagerService.onTransact(ActivityManagerService.java:2140)
W/BroadcastQueue( 1018): 	at android.os.Binder.execTransact(Binder.java:404)
W/BroadcastQueue( 1018): 	at dalvik.system.NativeStart.run(Native Method)
D/AndroidRuntime(  603): Calling main entry com.android.commands.pm.Pm
D/AndroidRuntime(  598): Calling main entry com.android.commands.pm.Pm
D/AndroidRuntime(  603): Shutting down VM
D/AndroidRuntime(  598): Shutting down VM
D/dalvikvm(  603): GC_CONCURRENT freed 456K, 45% free 573K/1032K, paused 0ms+0ms, total 4ms
D/dalvikvm(  598): GC_CONCURRENT freed 456K, 45% free 573K/1032K, paused 0ms+0ms, total 3ms
I/ActivityManager( 1018): Start proc com.google.android.gm for broadcast com.google.android.gm/.widget.GmailWidgetProvider: pid=702 uid=10059 gids={50059, 3003, 1028, 1015}
D/Sensors ( 1018): AccelerationSensor: Set Sensors state 0x1
D/Sensors ( 1018): AccelerationSensor: set delay 20
D/Sensors ( 1018): AccelerationSensor: set delay 20
I/ActivityManager( 1018): Process com.motorola.ccc.sso (pid 667) has died.
V/AlarmManager( 1018): sending alarm Alarm{431d2370 type 2 com.facebook.katana}
D/dalvikvm(32595): GC_CONCURRENT freed 2022K, 12% free 15949K/18108K, paused 8ms+10ms, total 88ms
D/dalvikvm(32595): WAIT_FOR_CONCURRENT_GC blocked 20ms
V/AlarmManager( 1018): sending alarm Alarm{42d6b480 type 2 com.facebook.katana}
I/ActivityManager( 1018): Start proc com.facebook.orca for content provider com.facebook.orca/.notify.MessengerLoggedInUserProvider: pid=732 uid=10186 gids={50186, 3003, 1028, 1015}
I/dalvikvm(32595): Jit: resizing JitTable from 4096 to 8192
I/dalvikvm(32595): Could not find method com.android.internal.widget.ILockSettings$Stub.a, referenced from method com.facebook.keyguardtype.LockSettingsServiceKeyguardTypeResolver.b
W/dalvikvm(32595): VFY: unable to resolve static method 4693: Lcom/android/internal/widget/ILockSettings$Stub;.a (Landroid/os/IBinder;)Lcom/android/internal/widget/ILockSettings;
D/dalvikvm(32595): VFY: replacing opcode 0x71 at 0x0023
W/GAV2    (  702): Thread[main,5,main]: Need to call initialize() and be in fallback mode to start dispatch.
W/BroadcastQueue( 1018): Failure sending broadcast Intent { act=com.facebook.common.executors.bz.ACTION_ALARM.com.facebook.orca flg=0x14 pkg=com.facebook.orca (has extras) }
W/BroadcastQueue( 1018): android.os.DeadObjectException
W/BroadcastQueue( 1018): 	at android.os.BinderProxy.transact(Native Method)
W/BroadcastQueue( 1018): 	at android.content.IIntentReceiver$Stub$Proxy.performReceive(IIntentReceiver.java:124)
W/BroadcastQueue( 1018): 	at com.android.server.am.BroadcastQueue.performReceiveLocked(BroadcastQueue.java:424)
W/BroadcastQueue( 1018): 	at com.android.server.am.BroadcastQueue.deliverToRegisteredReceiverLocked(BroadcastQueue.java:507)
W/BroadcastQueue( 1018): 	at com.android.server.am.BroadcastQueue.processNextBroadcast(BroadcastQueue.java:714)
W/BroadcastQueue( 1018): 	at com.android.server.am.ActivityManagerService.finishReceiver(ActivityManagerService.java:14032)
W/BroadcastQueue( 1018): 	at android.app.ActivityManagerNative.onTransact(ActivityManagerNative.java:394)
W/BroadcastQueue( 1018): 	at com.android.server.am.ActivityManagerService.onTransact(ActivityManagerService.java:2140)
W/BroadcastQueue( 1018): 	at android.os.Binder.execTransact(Binder.java:404)
W/BroadcastQueue( 1018): 	at dalvik.system.NativeStart.run(Native Method)
W/BroadcastQueue( 1018): Failure sending broadcast Intent { act=com.facebook.common.executors.bz.ACTION_ALARM.com.facebook.orca flg=0x14 pkg=com.facebook.orca (has extras) }
W/BroadcastQueue( 1018): android.os.DeadObjectException
W/BroadcastQueue( 1018): 	at android.os.BinderProxy.transact(Native Method)
W/BroadcastQueue( 1018): 	at android.content.IIntentReceiver$Stub$Proxy.performReceive(IIntentReceiver.java:124)
W/BroadcastQueue( 1018): 	at com.android.server.am.BroadcastQueue.performReceiveLocked(BroadcastQueue.java:424)
W/BroadcastQueue( 1018): 	at com.android.server.am.BroadcastQueue.deliverToRegisteredReceiverLocked(BroadcastQueue.java:507)
W/BroadcastQueue( 1018): 	at com.android.server.am.BroadcastQueue.processNextBroadcast(BroadcastQueue.java:714)
W/BroadcastQueue( 1018): 	at com.android.server.am.BroadcastQueue$1.handleMessage(BroadcastQueue.java:141)
W/BroadcastQueue( 1018): 	at android.os.Handler.dispatchMessage(Handler.java:102)
W/BroadcastQueue( 1018): 	at android.os.Looper.loop(Looper.java:136)
W/BroadcastQueue( 1018): 	at com.android.server.am.ActivityManagerService$AThread.run(ActivityManagerService.java:1917)
W/BroadcastQueue( 1018): Failure sending broadcast Intent { act=com.facebook.common.executors.bz.ACTION_ALARM.com.facebook.orca flg=0x14 pkg=com.facebook.orca (has extras) }
W/BroadcastQueue( 1018): android.os.DeadObjectException
W/BroadcastQueue( 1018): 	at android.os.BinderProxy.transact(Native Method)
W/BroadcastQueue( 1018): 	at android.content.IIntentReceiver$Stub$Proxy.performReceive(IIntentReceiver.java:124)
W/BroadcastQueue( 1018): 	at com.android.server.am.BroadcastQueue.performReceiveLocked(BroadcastQueue.java:424)
W/BroadcastQueue( 1018): 	at com.android.server.am.BroadcastQueue.deliverToRegisteredReceiverLocked(BroadcastQueue.java:507)
W/BroadcastQueue( 1018): 	at com.android.server.am.BroadcastQueue.processNextBroadcast(BroadcastQueue.java:714)
W/BroadcastQueue( 1018): 	at com.android.server.am.BroadcastQueue$1.handleMessage(BroadcastQueue.java:141)
W/BroadcastQueue( 1018): 	at android.os.Handler.dispatchMessage(Handler.java:102)
W/BroadcastQueue( 1018): 	at android.os.Looper.loop(Looper.java:136)
W/BroadcastQueue( 1018): 	at com.android.server.am.ActivityManagerService$AThread.run(ActivityManagerService.java:1917)
D/GCM     ( 6685): GcmService start Intent { act=com.google.android.checkin.CHECKIN_COMPLETE flg=0x10 cmp=com.google.android.gms/.gcm.GcmService (has extras) } com.google.android.checkin.CHECKIN_COMPLETE
W/BroadcastQueue( 1018): Failure sending broadcast Intent { act=com.facebook.common.executors.bz.ACTION_ALARM.com.facebook.orca flg=0x14 pkg=com.facebook.orca (has extras) }
W/BroadcastQueue( 1018): android.os.DeadObjectException
W/BroadcastQueue( 1018): 	at android.os.BinderProxy.transact(Native Method)
W/BroadcastQueue( 1018): 	at android.content.IIntentReceiver$Stub$Proxy.performReceive(IIntentReceiver.java:124)
W/BroadcastQueue( 1018): 	at com.android.server.am.BroadcastQueue.performReceiveLocked(BroadcastQueue.java:424)
W/BroadcastQueue( 1018): 	at com.android.server.am.BroadcastQueue.deliverToRegisteredReceiverLocked(BroadcastQueue.java:507)
W/BroadcastQueue( 1018): 	at com.android.server.am.BroadcastQueue.processNextBroadcast(BroadcastQueue.java:714)
W/BroadcastQueue( 1018): 	at com.android.server.am.ActivityManagerService.finishReceiver(ActivityManagerService.java:14032)
W/BroadcastQueue( 1018): 	at android.app.ActivityManagerNative.onTransact(ActivityManagerNative.java:394)
W/BroadcastQueue( 1018): 	at com.android.server.am.ActivityManagerService.onTransact(ActivityManagerService.java:2140)
W/BroadcastQueue( 1018): 	at android.os.Binder.execTransact(Binder.java:404)
W/BroadcastQueue( 1018): 	at dalvik.system.NativeStart.run(Native Method)
I/GCM     ( 6685): GCM config loaded
D/GCM     ( 6685): GcmService start Intent { act=com.google.android.checkin.CHECKIN_COMPLETE flg=0x10 cmp=com.google.android.gms/.gcm.GcmService (has extras) } com.google.android.checkin.CHECKIN_COMPLETE
D/ACRA    (  732): ACRA is enabled for com.facebook.orca, intializing...
W/BroadcastQueue( 1018): Failure sending broadcast Intent { act=com.facebook.common.executors.WakingExecutorService.ACTION_ALARM.com.facebook.katana flg=0x14 pkg=com.facebook.katana (has extras) }
W/BroadcastQueue( 1018): android.os.DeadObjectException
W/BroadcastQueue( 1018): 	at android.os.BinderProxy.transact(Native Method)
W/BroadcastQueue( 1018): 	at android.content.IIntentReceiver$Stub$Proxy.performReceive(IIntentReceiver.java:124)
W/BroadcastQueue( 1018): 	at com.android.server.am.BroadcastQueue.performReceiveLocked(BroadcastQueue.java:424)
W/BroadcastQueue( 1018): 	at com.android.server.am.BroadcastQueue.deliverToRegisteredReceiverLocked(BroadcastQueue.java:507)
W/BroadcastQueue( 1018): 	at com.android.server.am.BroadcastQueue.processNextBroadcast(BroadcastQueue.java:714)
W/BroadcastQueue( 1018): 	at com.android.server.am.ActivityManagerService.finishReceiver(ActivityManagerService.java:14032)
W/BroadcastQueue( 1018): 	at android.app.ActivityManagerNative.onTransact(ActivityManagerNative.java:394)
W/BroadcastQueue( 1018): 	at com.android.server.am.ActivityManagerService.onTransact(ActivityManagerService.java:2140)
W/BroadcastQueue( 1018): 	at android.os.Binder.execTransact(Binder.java:404)
W/BroadcastQueue( 1018): 	at dalvik.system.NativeStart.run(Native Method)
W/BroadcastQueue( 1018): Failure sending broadcast Intent { act=com.facebook.common.executors.WakingExecutorService.ACTION_ALARM.com.facebook.katana flg=0x14 pkg=com.facebook.katana (has extras) }
W/BroadcastQueue( 1018): android.os.DeadObjectException
W/BroadcastQueue( 1018): 	at android.os.BinderProxy.transact(Native Method)
W/BroadcastQueue( 1018): 	at android.content.IIntentReceiver$Stub$Proxy.performReceive(IIntentReceiver.java:124)
W/BroadcastQueue( 1018): 	at com.android.server.am.BroadcastQueue.performReceiveLocked(BroadcastQueue.java:424)
W/BroadcastQueue( 1018): 	at com.android.server.am.BroadcastQueue.deliverToRegisteredReceiverLocked(BroadcastQueue.java:507)
W/BroadcastQueue( 1018): 	at com.android.server.am.BroadcastQueue.processNextBroadcast(BroadcastQueue.java:714)
W/BroadcastQueue( 1018): 	at com.android.server.am.BroadcastQueue$1.handleMessage(BroadcastQueue.java:141)
W/BroadcastQueue( 1018): 	at android.os.Handler.dispatchMessage(Handler.java:102)
W/BroadcastQueue( 1018): 	at android.os.Looper.loop(Looper.java:136)
W/BroadcastQueue( 1018): 	at com.android.server.am.ActivityManagerService$AThread.run(ActivityManagerService.java:1917)
W/BroadcastQueue( 1018): Failure sending broadcast Intent { act=com.facebook.common.executors.WakingExecutorService.ACTION_ALARM.com.facebook.katana flg=0x14 pkg=com.facebook.katana (has extras) }
W/BroadcastQueue( 1018): android.os.DeadObjectException
W/BroadcastQueue( 1018): 	at android.os.BinderProxy.transact(Native Method)
W/BroadcastQueue( 1018): 	at android.content.IIntentReceiver$Stub$Proxy.performReceive(IIntentReceiver.java:124)
W/BroadcastQueue( 1018): 	at com.android.server.am.BroadcastQueue.performReceiveLocked(BroadcastQueue.java:424)
W/BroadcastQueue( 1018): 	at com.android.server.am.BroadcastQueue.deliverToRegisteredReceiverLocked(BroadcastQueue.java:507)
W/BroadcastQueue( 1018): 	at com.android.server.am.BroadcastQueue.processNextBroadcast(BroadcastQueue.java:714)
W/BroadcastQueue( 1018): 	at com.android.server.am.BroadcastQueue$1.handleMessage(BroadcastQueue.java:141)
W/BroadcastQueue( 1018): 	at android.os.Handler.dispatchMessage(Handler.java:102)
W/BroadcastQueue( 1018): 	at android.os.Looper.loop(Looper.java:136)
W/BroadcastQueue( 1018): 	at com.android.server.am.ActivityManagerService$AThread.run(ActivityManagerService.java:1917)
W/BroadcastQueue( 1018): Failure sending broadcast Intent { act=com.facebook.common.executors.WakingExecutorService.ACTION_ALARM.com.facebook.katana flg=0x14 pkg=com.facebook.katana (has extras) }
W/BroadcastQueue( 1018): android.os.DeadObjectException
W/BroadcastQueue( 1018): 	at android.os.BinderProxy.transact(Native Method)
W/BroadcastQueue( 1018): 	at android.content.IIntentReceiver$Stub$Proxy.performReceive(IIntentReceiver.java:124)
W/BroadcastQueue( 1018): 	at com.android.server.am.BroadcastQueue.performReceiveLocked(BroadcastQueue.java:424)
W/BroadcastQueue( 1018): 	at com.android.server.am.BroadcastQueue.deliverToRegisteredReceiverLocked(BroadcastQueue.java:507)
W/BroadcastQueue( 1018): 	at com.android.server.am.BroadcastQueue.processNextBroadcast(BroadcastQueue.java:714)
W/BroadcastQueue( 1018): 	at com.android.server.am.BroadcastQueue$1.handleMessage(BroadcastQueue.java:141)
W/BroadcastQueue( 1018): 	at android.os.Handler.dispatchMessage(Handler.java:102)
W/BroadcastQueue( 1018): 	at android.os.Looper.loop(Looper.java:136)
W/BroadcastQueue( 1018): 	at com.android.server.am.ActivityManagerService$AThread.run(ActivityManagerService.java:1917)
D/ACRA    (  732): Looking for error files in /data/user/0/com.facebook.orca/app_acra-reports
D/ACRA    (  732): Looking for error files in /data/user/0/com.facebook.orca/app_minidumps
D/dalvikvm(  732): Trying to load lib /data/app-lib/com.facebook.orca-1/libfb_stl_shared.so 0x41f84208
D/dalvikvm(  732): Added shared lib /data/app-lib/com.facebook.orca-1/libfb_stl_shared.so 0x41f84208
D/dalvikvm(  732): No JNI_OnLoad found in /data/app-lib/com.facebook.orca-1/libfb_stl_shared.so 0x41f84208, skipping init
D/dalvikvm(  732): Trying to load lib /data/app-lib/com.facebook.orca-1/libfb_breakpad_client.so 0x41f84208
D/dalvikvm(  732): Added shared lib /data/app-lib/com.facebook.orca-1/libfb_breakpad_client.so 0x41f84208
W/OrcaGuiceModule(  732): Sig: ijxLJi1yGs1JpL-X1SExmchvork
D/dalvikvm(  556): GC_CONCURRENT freed 5636K, 33% free 11515K/17184K, paused 3ms+3ms, total 51ms
D/dalvikvm(  556): WAIT_FOR_CONCURRENT_GC blocked 27ms
V/DexLibLoader(  732): Preparing secondary program dexes from null
V/DexLibLoader(  732): Loaded 1 raw lines of metadata.
V/DexLibLoader(  732): Secondary program dex metadata: secondary-1.dex.jar e314e1b9828a052558440728c225ffcb05020cfc secondary.dex01.Canary
W/DexLibLoader(  732): Unexpected file in program dex directory: /data/user/0/com.facebook.orca/app_secondary_program_dex/temp_dex_lock
W/BroadcastQueue( 1018): Failure sending broadcast Intent { act=com.facebook.push.mqtt.keepalive.b.ACTION_INEXACT_ALARM.com.facebook.orca flg=0x14 pkg=com.facebook.orca (has extras) }
W/BroadcastQueue( 1018): android.os.DeadObjectException
W/BroadcastQueue( 1018): 	at android.os.BinderProxy.transact(Native Method)
W/BroadcastQueue( 1018): 	at android.content.IIntentReceiver$Stub$Proxy.performReceive(IIntentReceiver.java:124)
W/BroadcastQueue( 1018): 	at com.android.server.am.BroadcastQueue.performReceiveLocked(BroadcastQueue.java:424)
W/BroadcastQueue( 1018): 	at com.android.server.am.BroadcastQueue.deliverToRegisteredReceiverLocked(BroadcastQueue.java:507)
W/BroadcastQueue( 1018): 	at com.android.server.am.BroadcastQueue.processNextBroadcast(BroadcastQueue.java:714)
W/BroadcastQueue( 1018): 	at com.android.server.am.ActivityManagerService.finishReceiver(ActivityManagerService.java:14032)
W/BroadcastQueue( 1018): 	at android.app.ActivityManagerNative.onTransact(ActivityManagerNative.java:394)
W/BroadcastQueue( 1018): 	at com.android.server.am.ActivityManagerService.onTransact(ActivityManagerService.java:2140)
W/BroadcastQueue( 1018): 	at android.os.Binder.execTransact(Binder.java:404)
W/BroadcastQueue( 1018): 	at dalvik.system.NativeStart.run(Native Method)
D/GCM     ( 6685): GcmService start Intent { act=com.google.android.checkin.CHECKIN_COMPLETE flg=0x10 cmp=com.google.android.gms/.gcm.GcmService (has extras) } com.google.android.checkin.CHECKIN_COMPLETE
V/DexLibLoader(  732): Preparing to extract secondary-1.dex.jar to /data/user/0/com.facebook.orca/app_secondary_program_dex/program-e314e1b9828a052558440728c225ffcb05020cfcbfc618b7.dex.jar
V/DexLibLoader(  732): Dex already copied
D/o       (  732): Odex verification is skipped.
V/DexLibLoader(  732): Creating class loader
W/fb4a(:<default>):AbstractMqttPushService(32595): Attempt to start service that is already started
D/GCM     ( 6685): GcmService start Intent { act=com.google.android.checkin.CHECKIN_COMPLETE flg=0x10 cmp=com.google.android.gms/.gcm.GcmService (has extras) } com.google.android.checkin.CHECKIN_COMPLETE
D/android.widget.GridLayout( 1146): horizontal constraints: x3-x0>=540, x3-x2<=95, x3-x0<=428, x2-x1<=133, x1-x0<=125 are inconsistent; permanently removing: x3-x2<=95, x3-x0<=428. 
V/AlarmManager( 1018): sending alarm Alarm{4304feb8 type 2 com.facebook.katana}
D/android.widget.GridLayout( 1146): vertical constraints: y2-y0>=112, y2-y1<=67, y1-y0<=38 are inconsistent; permanently removing: y2-y1<=67. 
D/android.widget.GridLayout( 1146): horizontal constraints: x2-x0>=236, x2-x1<=83, x1-x0<=64 are inconsistent; permanently removing: x2-x1<=83. 
D/android.widget.GridLayout( 1146): vertical constraints: y2-y0>=112, y2-y1<=64, y1-y0<=37 are inconsistent; permanently removing: y2-y1<=64. 
V/DexLibLoader(  732): Finished creating class loader
V/DexLibLoader(  732): Verifying classes from secondary dexes.
D/DexLibLoader(  732): DexLibLoader.ensureDexLoaded took 248 ms
D/android.widget.GridLayout( 1146): horizontal constraints: x3-x0>=540, x3-x2<=95, x3-x0<=428, x2-x1<=133, x1-x0<=125 are inconsistent; permanently removing: x3-x2<=95, x3-x0<=428. 
D/android.widget.GridLayout( 1146): vertical constraints: y2-y0>=112, y2-y1<=67, y1-y0<=38 are inconsistent; permanently removing: y2-y1<=67. 
D/android.widget.GridLayout( 1146): horizontal constraints: x2-x0>=236, x2-x1<=83, x1-x0<=64 are inconsistent; permanently removing: x2-x1<=83. 
D/android.widget.GridLayout( 1146): vertical constraints: y2-y0>=112, y2-y1<=64, y1-y0<=37 are inconsistent; permanently removing: y2-y1<=64. 
D/android.widget.GridLayout( 1146): horizontal constraints: x3-x0>=540, x3-x2<=95, x3-x0<=428, x2-x1<=133, x1-x0<=125 are inconsistent; permanently removing: x3-x2<=95, x3-x0<=428. 
D/android.widget.GridLayout( 1146): vertical constraints: y2-y0>=112, y2-y1<=67, y1-y0<=38 are inconsistent; permanently removing: y2-y1<=67. 
D/android.widget.GridLayout( 1146): horizontal constraints: x2-x0>=236, x2-x1<=83, x1-x0<=64 are inconsistent; permanently removing: x2-x1<=83. 
D/android.widget.GridLayout( 1146): vertical constraints: y2-y0>=112, y2-y1<=64, y1-y0<=37 are inconsistent; permanently removing: y2-y1<=64. 
D/dalvikvm(  556): GC_FOR_ALLOC freed 1261K, 31% free 11879K/17184K, paused 46ms, total 48ms
I/dalvikvm-heap(  556): Grow heap (frag case) to 13.706MB for 78050-byte allocation
D/dalvikvm(21718): GC_CONCURRENT freed 1920K, 45% free 9590K/17184K, paused 2ms+2ms, total 27ms
D/AndroidRuntime(  792): 
D/AndroidRuntime(  792): >>>>>> AndroidRuntime START com.android.internal.os.RuntimeInit <<<<<<
D/AndroidRuntime(  794): 
D/AndroidRuntime(  794): >>>>>> AndroidRuntime START com.android.internal.os.RuntimeInit <<<<<<
D/AndroidRuntime(  794): CheckJNI is OFF
D/AndroidRuntime(  792): CheckJNI is OFF
D/dalvikvm(  794): Trying to load lib libjavacore.so 0x0
D/dalvikvm(  792): Trying to load lib libjavacore.so 0x0
D/dalvikvm(  794): Added shared lib libjavacore.so 0x0
D/dalvikvm(  792): Added shared lib libjavacore.so 0x0
D/dalvikvm(  794): Trying to load lib libnativehelper.so 0x0
D/dalvikvm(  794): Added shared lib libnativehelper.so 0x0
D/dalvikvm(  794): No JNI_OnLoad found in libnativehelper.so 0x0, skipping init
D/dalvikvm(  792): Trying to load lib libnativehelper.so 0x0
D/dalvikvm(  792): Added shared lib libnativehelper.so 0x0
D/dalvikvm(  792): No JNI_OnLoad found in libnativehelper.so 0x0, skipping init
D/dalvikvm(  794): Note: class Landroid/app/ActivityManagerNative; has 181 unimplemented (abstract) methods
D/dalvikvm(  792): Note: class Landroid/app/ActivityManagerNative; has 181 unimplemented (abstract) methods
D/WifiService( 1018): New client listening to asynchronous messages
E/memtrack(  792): Couldn't load memtrack module (No such file or directory)
E/android.os.Debug(  792): failed to load memtrack module: -2
E/memtrack(  794): Couldn't load memtrack module (No such file or directory)
E/android.os.Debug(  794): failed to load memtrack module: -2
D/AndroidRuntime(  794): Calling main entry com.android.commands.pm.Pm
D/AndroidRuntime(  792): Calling main entry com.android.commands.pm.Pm
D/AndroidRuntime(  794): Shutting down VM
D/dalvikvm(  794): GC_CONCURRENT freed 456K, 45% free 573K/1032K, paused 1ms+0ms, total 3ms
D/AndroidRuntime(  792): Shutting down VM
D/dalvikvm(  792): GC_CONCURRENT freed 456K, 45% free 573K/1032K, paused 1ms+1ms, total 4ms
I/ActivityManager( 1018): Process com.twitter.android (pid 556) has died.
W/ActivityManager( 1018): Service ServiceRecord{44052518 u0 com.twitter.android/com.twitter.internal.android.service.AsyncService} in process ProcessRecord{43570f50 556:com.twitter.android/u0a130} not same as in map: null
W/dalvikvm(  732): method Lcom/facebook/reflex/view/a;.invalidate incorrectly overrides package-private method with same name in Landroid/view/View;
W/dalvikvm(  732): method Lcom/facebook/reflex/view/z;.invalidate incorrectly overrides package-private method with same name in Landroid/view/View;
W/dalvikvm(  732): method Lcom/facebook/reflex/view/af;.invalidate incorrectly overrides package-private method with same name in Landroid/view/View;
W/dalvikvm(  732): method Lcom/facebook/reflex/view/aj;.invalidate incorrectly overrides package-private method with same name in Landroid/view/View;
W/dalvikvm(  732): method Lcom/facebook/reflex/view/bd;.invalidate incorrectly overrides package-private method with same name in Landroid/view/View;
W/dalvikvm(  732): method Lcom/facebook/reflex/view/by;.invalidate incorrectly overrides package-private method with same name in Landroid/view/View;
W/dalvikvm(  732): method Lcom/facebook/reflex/view/w;.invalidate incorrectly overrides package-private method with same name in Landroid/view/View;
I/Gmail   (  702): calculateUnknownSyncRationalesAndPurgeInBackground: queueing
I/Gmail   (  702): calculateUnknownSyncRationalesAndPurgeInBackground: queueing
I/Gmail   (  702): calculateUnknownSyncRationalesAndPurgeInBackground: running
D/dalvikvm(32595): GC_CONCURRENT freed 1690K, 10% free 16504K/18312K, paused 6ms+5ms, total 84ms
D/dalvikvm(32595): WAIT_FOR_CONCURRENT_GC blocked 67ms
I/Gmail   (  702): calculateUnknownSyncRationalesAndPurgeInBackground: running
W/dalvikvm(  732): method Lcom/facebook/messaging/b/y;.invalidate incorrectly overrides package-private method with same name in Landroid/view/View;
I/Gmail   (  702): calculateUnknownSyncRationalesAndPurgeInBackground: queueing
I/Gmail   (  702): calculateUnknownSyncRationalesAndPurgeInBackground: queueing
W/msgr(:<default>):bp(  732): Verify
I/Gmail   (  702): calculateUnknownSyncRationalesAndPurgeInBackground: running
I/Gmail   (  702): calculateUnknownSyncRationalesAndPurgeInBackground: running
I/Gmail   (  702): calculateUnknownSyncRationalesAndPurgeInBackground: queueing
I/Gmail   (  702): calculateUnknownSyncRationalesAndPurgeInBackground: queueing
I/Gmail   (  702): calculateUnknownSyncRationalesAndPurgeInBackground: running
I/Gmail   (  702): calculateUnknownSyncRationalesAndPurgeInBackground: running
E/dalvikvm(  732): Could not find class 'org.apache.harmony.xnet.provider.jsse.OpenSSLSocketImpl', referenced from method com.facebook.ssl.openssl.a.c.<clinit>
W/dalvikvm(  732): VFY: unable to resolve const-class 11809 (Lorg/apache/harmony/xnet/provider/jsse/OpenSSLSocketImpl;) in Lcom/facebook/ssl/openssl/a/c;
D/dalvikvm(  732): VFY: replacing opcode 0x1c at 0x000d
E/dalvikvm(  732): Could not find class 'org.apache.harmony.xnet.provider.jsse.OpenSSLSocketFactoryImpl', referenced from method com.facebook.ssl.openssl.b.b.<clinit>
W/dalvikvm(  732): VFY: unable to resolve const-class 11808 (Lorg/apache/harmony/xnet/provider/jsse/OpenSSLSocketFactoryImpl;) in Lcom/facebook/ssl/openssl/b/b;
D/dalvikvm(  732): VFY: replacing opcode 0x1c at 0x000d
E/dalvikvm(  732): Could not find class 'org.apache.harmony.xnet.provider.jsse.SSLParametersImpl', referenced from method com.facebook.ssl.openssl.b.b.a
W/dalvikvm(  732): VFY: unable to resolve check-cast 11811 (Lorg/apache/harmony/xnet/provider/jsse/SSLParametersImpl;) in Lcom/facebook/ssl/openssl/b/b;
D/dalvikvm(  732): VFY: replacing opcode 0x1f at 0x0006
E/dalvikvm(  732): Could not find class 'org.apache.harmony.xnet.provider.jsse.SSLParametersImpl', referenced from method com.facebook.ssl.openssl.b.c.<clinit>
W/dalvikvm(  732): VFY: unable to resolve const-class 11811 (Lorg/apache/harmony/xnet/provider/jsse/SSLParametersImpl;) in Lcom/facebook/ssl/openssl/b/c;
D/dalvikvm(  732): VFY: replacing opcode 0x1c at 0x000d
W/dalvikvm(  732): VFY: unable to find class referenced in signature (Lorg/apache/harmony/xnet/provider/jsse/SSLParametersImpl;)
E/dalvikvm(  732): Could not find class 'org.apache.harmony.xnet.provider.jsse.ClientSessionContext', referenced from method com.facebook.ssl.openssl.b.c.a
W/dalvikvm(  732): VFY: unable to resolve check-cast 11807 (Lorg/apache/harmony/xnet/provider/jsse/ClientSessionContext;) in Lcom/facebook/ssl/openssl/b/c;
D/dalvikvm(  732): VFY: replacing opcode 0x1f at 0x0006
W/dalvikvm(  732): VFY: unable to find class referenced in signature (Lorg/apache/harmony/xnet/provider/jsse/SSLParametersImpl;)
W/dalvikvm(  732): Unable to resolve superclass of Lcom/facebook/ssl/openssl/TicketEnabledOpenSSLSocketImplWrapper; (11810)
W/dalvikvm(  732): Link of class 'Lcom/facebook/ssl/openssl/TicketEnabledOpenSSLSocketImplWrapper;' failed
E/dalvikvm(  732): Could not find class 'com.facebook.ssl.openssl.TicketEnabledOpenSSLSocketImplWrapper', referenced from method com.facebook.ssl.openssl.b.a
W/dalvikvm(  732): VFY: unable to resolve new-instance 8608 (Lcom/facebook/ssl/openssl/TicketEnabledOpenSSLSocketImplWrapper;) in Lcom/facebook/ssl/openssl/b;
D/dalvikvm(  732): VFY: replacing opcode 0x22 at 0x0000
W/dalvikvm(  732): Unable to resolve superclass of Lcom/facebook/ssl/openssl/TicketEnabledOpenSSLSocketImplWrapper; (11810)
W/dalvikvm(  732): Link of class 'Lcom/facebook/ssl/openssl/TicketEnabledOpenSSLSocketImplWrapper;' failed
D/dalvikvm(  732): DexOpt: unable to opt direct call 0xb001 at 0x08 in Lcom/facebook/ssl/openssl/b;.a
D/Sensors ( 1018): AccelerationSensor: Set Sensors state 0x0
D/dalvikvm( 1018): GC_EXPLICIT freed 1680K, 31% free 33816K/48328K, paused 4ms+17ms, total 168ms
V/AlarmManager( 1018): sending alarm Alarm{44047e58 type 1 com.alibaba.aliexpresshd}
D/dalvikvm(  732): Trying to load lib /data/app-lib/com.facebook.orca-1/libfb_stl_shared.so 0x41f84208
D/dalvikvm(  732): Shared lib '/data/app-lib/com.facebook.orca-1/libfb_stl_shared.so' already loaded in same CL 0x41f84208
D/dalvikvm(  732): Trying to load lib /data/app-lib/com.facebook.orca-1/libfb.so 0x41f84208
D/dalvikvm(  732): Added shared lib /data/app-lib/com.facebook.orca-1/libfb.so 0x41f84208
D/dalvikvm(  732): No JNI_OnLoad found in /data/app-lib/com.facebook.orca-1/libfb.so 0x41f84208, skipping init
D/dalvikvm(  732): Trying to load lib /data/app-lib/com.facebook.orca-1/libfb_breakpad_client.so 0x41f84208
D/dalvikvm(  732): Shared lib '/data/app-lib/com.facebook.orca-1/libfb_breakpad_client.so' already loaded in same CL 0x41f84208
D/dalvikvm(  732): Trying to load lib /data/app-lib/com.facebook.orca-1/libfbjni.so 0x41f84208
D/dalvikvm(  732): Added shared lib /data/app-lib/com.facebook.orca-1/libfbjni.so 0x41f84208
D/dalvikvm(  732): Trying to load lib /data/app-lib/com.facebook.orca-1/libheartbleed.so 0x41f84208
D/dalvikvm(  732): Added shared lib /data/app-lib/com.facebook.orca-1/libheartbleed.so 0x41f84208
W/msgr(:<default>):i(  732): Falling back to Jackson for [simple type, class com.facebook.mqtt.a]
I/ActivityManager( 1018): Process com.google.android.gm (pid 702) has died.
W/BroadcastQueue( 1018): Permission Denial: broadcasting Intent { act=android.net.conn.INET_CONDITION_ACTION flg=0x4000010 (has extras) } from null (pid=-1, uid=-1) requires com.facebook.permission.prod.FB_APP_COMMUNICATION due to registered receiver BroadcastFilter{431401f0 u0 ReceiverList{43643258 732 com.facebook.orca/10186/u0 remote:42fc9398}}
W/BroadcastQueue( 1018): Permission Denial: broadcasting Intent { act=android.net.conn.CONNECTIVITY_CHANGE flg=0x4000010 (has extras) } from null (pid=-1, uid=-1) requires com.facebook.permission.prod.FB_APP_COMMUNICATION due to registered receiver BroadcastFilter{431401f0 u0 ReceiverList{43643258 732 com.facebook.orca/10186/u0 remote:42fc9398}}
V/AlarmManager( 1018): sending alarm Alarm{432b8a10 type 2 com.facebook.orca}
D/AndroidRuntime(  923): 
D/AndroidRuntime(  923): >>>>>> AndroidRuntime START com.android.internal.os.RuntimeInit <<<<<<
D/AndroidRuntime(  925): 
D/AndroidRuntime(  925): >>>>>> AndroidRuntime START com.android.internal.os.RuntimeInit <<<<<<
D/AndroidRuntime(  923): CheckJNI is OFF
D/AndroidRuntime(  925): CheckJNI is OFF
D/dalvikvm(  923): Trying to load lib libjavacore.so 0x0
D/dalvikvm(  925): Trying to load lib libjavacore.so 0x0
D/dalvikvm(  923): Added shared lib libjavacore.so 0x0
D/dalvikvm(  925): Added shared lib libjavacore.so 0x0
D/dalvikvm(  923): Trying to load lib libnativehelper.so 0x0
D/dalvikvm(  923): Added shared lib libnativehelper.so 0x0
D/dalvikvm(  923): No JNI_OnLoad found in libnativehelper.so 0x0, skipping init
D/dalvikvm(  925): Trying to load lib libnativehelper.so 0x0
D/dalvikvm(  925): Added shared lib libnativehelper.so 0x0
D/dalvikvm(  925): No JNI_OnLoad found in libnativehelper.so 0x0, skipping init
W/fb4a(:<default>):FbObjectMapper(32595): Falling back to Jackson for [simple type, class com.facebook.timeline.cache.TimelineCacheEntryMetadata]
W/msgr(:<default>):a(  732): Attempt to start service that is already started
V/AlarmManager( 1018): sending alarm Alarm{42f80b40 type 2 com.facebook.orca}
D/dalvikvm(  925): Note: class Landroid/app/ActivityManagerNative; has 181 unimplemented (abstract) methods
D/dalvikvm(  923): Note: class Landroid/app/ActivityManagerNative; has 181 unimplemented (abstract) methods
W/BroadcastQueue( 1018): Permission Denial: broadcasting Intent { act=android.net.conn.CONNECTIVITY_CHANGE flg=0x4000010 (has extras) } from null (pid=-1, uid=-1) requires com.facebook.permission.prod.FB_APP_COMMUNICATION due to registered receiver BroadcastFilter{42d7cc30 u0 ReceiverList{43340518 732 com.facebook.orca/10186/u0 remote:42b7bae0}}
D/dalvikvm(  732): GC_CONCURRENT freed 4975K, 30% free 12176K/17184K, paused 3ms+5ms, total 94ms
D/dalvikvm(  732): WAIT_FOR_CONCURRENT_GC blocked 38ms
D/dalvikvm(  732): WAIT_FOR_CONCURRENT_GC blocked 42ms
D/dalvikvm(  732): WAIT_FOR_CONCURRENT_GC blocked 37ms
D/dalvikvm(  732): WAIT_FOR_CONCURRENT_GC blocked 47ms
E/memtrack(  925): Couldn't load memtrack module (No such file or directory)
E/android.os.Debug(  925): failed to load memtrack module: -2
E/memtrack(  923): Couldn't load memtrack module (No such file or directory)
E/android.os.Debug(  923): failed to load memtrack module: -2
D/AndroidRuntime(  925): Calling main entry com.android.commands.pm.Pm
D/AndroidRuntime(  923): Calling main entry com.android.commands.pm.Pm
I/ActivityManager( 1018): Process com.facebook.orca (pid 732) has died.
W/ActivityManager( 1018): Scheduling restart of crashed service com.facebook.orca/com.facebook.push.mqtt.service.MqttPushService in 73788ms
D/AndroidRuntime(  925): Shutting down VM
D/dalvikvm(  925): GC_CONCURRENT freed 456K, 45% free 573K/1032K, paused 1ms+0ms, total 3ms
D/AndroidRuntime(  923): Shutting down VM
D/dalvikvm(  923): GC_CONCURRENT freed 456K, 45% free 573K/1032K, paused 1ms+0ms, total 3ms
D/AndroidRuntime(  978): 
D/AndroidRuntime(  978): >>>>>> AndroidRuntime START com.android.internal.os.RuntimeInit <<<<<<
D/AndroidRuntime(  976): 
D/AndroidRuntime(  976): >>>>>> AndroidRuntime START com.android.internal.os.RuntimeInit <<<<<<
D/AndroidRuntime(  978): CheckJNI is OFF
D/AndroidRuntime(  976): CheckJNI is OFF
D/dalvikvm(  978): Trying to load lib libjavacore.so 0x0
D/dalvikvm(  976): Trying to load lib libjavacore.so 0x0
D/dalvikvm(  978): Added shared lib libjavacore.so 0x0
D/dalvikvm(  976): Added shared lib libjavacore.so 0x0
D/dalvikvm(  978): Trying to load lib libnativehelper.so 0x0
D/dalvikvm(  978): Added shared lib libnativehelper.so 0x0
D/dalvikvm(  978): No JNI_OnLoad found in libnativehelper.so 0x0, skipping init
D/dalvikvm(  976): Trying to load lib libnativehelper.so 0x0
D/dalvikvm(  976): Added shared lib libnativehelper.so 0x0
D/dalvikvm(  976): No JNI_OnLoad found in libnativehelper.so 0x0, skipping init
D/dalvikvm(  978): Note: class Landroid/app/ActivityManagerNative; has 181 unimplemented (abstract) methods
D/dalvikvm(  976): Note: class Landroid/app/ActivityManagerNative; has 181 unimplemented (abstract) methods
E/memtrack(  976): Couldn't load memtrack module (No such file or directory)
E/memtrack(  978): Couldn't load memtrack module (No such file or directory)
E/android.os.Debug(  978): failed to load memtrack module: -2
E/android.os.Debug(  976): failed to load memtrack module: -2
D/AndroidRuntime(  978): Calling main entry com.android.commands.pm.Pm
D/AndroidRuntime(  976): Calling main entry com.android.commands.pm.Pm
D/AndroidRuntime(  978): Shutting down VM
D/dalvikvm(  978): GC_CONCURRENT freed 456K, 45% free 573K/1032K, paused 1ms+1ms, total 4ms
D/AndroidRuntime(  976): Shutting down VM
D/dalvikvm(  976): GC_CONCURRENT freed 456K, 45% free 573K/1032K, paused 1ms+0ms, total 4ms
I/ActivityManager( 1018): Start proc com.google.android.gms.drive for service com.google.android.gms/.drive.api.ApiService: pid=1064 uid=10019 gids={50019, 3007, 2001, 3003, 1007, 3006, 1028, 1015, 3002, 3001}
I/MultiDex( 1064): install
I/MultiDex( 1064): MultiDexExtractor.load(/data/app/com.google.android.gms-2.apk, false)
I/MultiDex( 1064): loading existing secondary dex files
I/MultiDex( 1064): load found 1 secondary dex files
I/MultiDex( 1064): install done
I/ProviderInstaller( 1064): Insert disabled by gate 'gms:security:enable_conscrypt_in_gms_application'
D/GCM     ( 6685): GcmService start Intent { act=com.google.android.gms.INITIALIZE flg=0x10 pkg=com.google.android.gms cmp=com.google.android.gms/.gcm.GcmService } com.google.android.gms.INITIALIZE
E/LocSvc_ApiV02( 1018): W/virtual loc_api_adapter_err LocApiV02::getZppFix(GpsLocation&, LocPosTechMask&):2554]: error! status = eLOC_CLIENT_FAILURE_INVALID_PARAMETER, zpp_ind.status = eQMI_LOC_SUCCESS_V02
D/AndroidRuntime( 1144): 
D/AndroidRuntime( 1144): >>>>>> AndroidRuntime START com.android.internal.os.RuntimeInit <<<<<<
D/AndroidRuntime( 1147): 
D/AndroidRuntime( 1147): >>>>>> AndroidRuntime START com.android.internal.os.RuntimeInit <<<<<<
D/AndroidRuntime( 1144): CheckJNI is OFF
D/AndroidRuntime( 1147): CheckJNI is OFF
D/dalvikvm( 1144): Trying to load lib libjavacore.so 0x0
D/dalvikvm( 1147): Trying to load lib libjavacore.so 0x0
D/dalvikvm( 1144): Added shared lib libjavacore.so 0x0
D/dalvikvm( 1147): Added shared lib libjavacore.so 0x0
D/dalvikvm( 1144): Trying to load lib libnativehelper.so 0x0
D/dalvikvm( 1144): Added shared lib libnativehelper.so 0x0
D/dalvikvm( 1144): No JNI_OnLoad found in libnativehelper.so 0x0, skipping init
D/dalvikvm( 1147): Trying to load lib libnativehelper.so 0x0
D/dalvikvm( 1147): Added shared lib libnativehelper.so 0x0
D/dalvikvm( 1147): No JNI_OnLoad found in libnativehelper.so 0x0, skipping init
D/dalvikvm( 1147): Note: class Landroid/app/ActivityManagerNative; has 181 unimplemented (abstract) methods
D/dalvikvm( 1144): Note: class Landroid/app/ActivityManagerNative; has 181 unimplemented (abstract) methods
E/memtrack( 1144): Couldn't load memtrack module (No such file or directory)
E/memtrack( 1147): Couldn't load memtrack module (No such file or directory)
E/android.os.Debug( 1147): failed to load memtrack module: -2
E/android.os.Debug( 1144): failed to load memtrack module: -2
D/AndroidRuntime( 1147): Calling main entry com.android.commands.pm.Pm
D/AndroidRuntime( 1144): Calling main entry com.android.commands.pm.Pm
V/AlarmManager( 1018): sending alarm Alarm{42f6ffc8 type 2 com.redalertisrael.etzly}
V/AlarmManager( 1018): sending alarm Alarm{42f6ff18 type 2 com.facebook.orca}
V/AlarmManager( 1018): sending alarm Alarm{42f6d650 type 2 com.facebook.katana}
V/AlarmManager( 1018): sending alarm Alarm{42f6d0b8 type 2 com.google.android.gms}
V/AlarmManager( 1018): sending alarm Alarm{42f0cf28 type 0 com.google.android.gms}
D/AndroidRuntime( 1147): Shutting down VM
D/dalvikvm( 1147): GC_CONCURRENT freed 456K, 45% free 573K/1032K, paused 0ms+0ms, total 3ms
D/Sensors ( 1018): AccelerationSensor: Set Sensors state 0x1
D/Sensors ( 1018): AccelerationSensor: set delay 20
D/Sensors ( 1018): AccelerationSensor: set delay 20
I/CheckinService(29520): Preparing to send checkin request
I/EventLogService(29520): Accumulating logs since 1405405510122
D/AndroidRuntime( 1144): Shutting down VM
D/dalvikvm( 1144): GC_CONCURRENT freed 456K, 45% free 573K/1032K, paused 0ms+0ms, total 3ms
I/GoogleHttpClient(29520): Falling back to old SSLCertificateSocketFactory
I/GoogleHttpClient(29520): Using GMS GoogleHttpClient
D/dalvikvm( 6685): GC_EXPLICIT freed 546K, 41% free 10237K/17184K, paused 2ms+5ms, total 32ms
W/GLSUser ( 6685): GoogleAccountDataService.getToken()
W/GLSUser ( 6685): GoogleAccountDataService.getToken()
W/GLSUser ( 6685): GoogleAccountDataService.getToken()
I/ActivityManager( 1018): Start proc com.google.android.gms.unstable for service com.google.android.gms/.droidguard.DroidGuardService: pid=1198 uid=10019 gids={50019, 3007, 2001, 3003, 1007, 3006, 1028, 1015, 3002, 3001}
D/dalvikvm(  272): GC_EXPLICIT freed 43K, 48% free 8974K/17184K, paused 1ms+3ms, total 22ms
D/dalvikvm(  272): GC_EXPLICIT freed <1K, 48% free 8974K/17184K, paused 2ms+3ms, total 18ms
I/MultiDex( 1198): install
I/MultiDex( 1198): MultiDexExtractor.load(/data/app/com.google.android.gms-2.apk, false)
I/MultiDex( 1198): loading existing secondary dex files
I/MultiDex( 1198): load found 1 secondary dex files
D/dalvikvm(  272): GC_EXPLICIT freed <1K, 48% free 8974K/17184K, paused 1ms+3ms, total 17ms
I/MultiDex( 1198): install done
I/ProviderInstaller( 1198): Insert disabled by gate 'gms:security:enable_conscrypt_in_gms_application'
D/GCM     ( 6685): GcmService start Intent { act=com.google.android.gms.INITIALIZE flg=0x10 pkg=com.google.android.gms cmp=com.google.android.gms/.gcm.GcmService } com.google.android.gms.INITIALIZE
I/GoogleHttpClient( 1198): Falling back to old SSLCertificateSocketFactory
V/AlarmManager( 1018): sending alarm Alarm{42d99570 type 3 android}
D/AndroidRuntime( 1249): 
D/AndroidRuntime( 1249): >>>>>> AndroidRuntime START com.android.internal.os.RuntimeInit <<<<<<
D/AndroidRuntime( 1249): CheckJNI is OFF
D/dalvikvm( 1249): Trying to load lib libjavacore.so 0x0
D/dalvikvm( 1249): Added shared lib libjavacore.so 0x0
D/dalvikvm( 1249): Trying to load lib libnativehelper.so 0x0
D/dalvikvm( 1249): Added shared lib libnativehelper.so 0x0
D/dalvikvm( 1249): No JNI_OnLoad found in libnativehelper.so 0x0, skipping init
D/AndroidRuntime( 1255): 
D/AndroidRuntime( 1255): >>>>>> AndroidRuntime START com.android.internal.os.RuntimeInit <<<<<<
D/AndroidRuntime( 1255): CheckJNI is OFF
D/dalvikvm( 1255): Trying to load lib libjavacore.so 0x0
D/dalvikvm( 1255): Added shared lib libjavacore.so 0x0
D/dalvikvm( 1255): Trying to load lib libnativehelper.so 0x0
D/dalvikvm( 1255): Added shared lib libnativehelper.so 0x0
D/dalvikvm( 1255): No JNI_OnLoad found in libnativehelper.so 0x0, skipping init
D/dalvikvm( 1249): Note: class Landroid/app/ActivityManagerNative; has 181 unimplemented (abstract) methods
D/dalvikvm( 1255): Note: class Landroid/app/ActivityManagerNative; has 181 unimplemented (abstract) methods
E/memtrack( 1249): Couldn't load memtrack module (No such file or directory)
E/android.os.Debug( 1249): failed to load memtrack module: -2
E/memtrack( 1255): Couldn't load memtrack module (No such file or directory)
E/android.os.Debug( 1255): failed to load memtrack module: -2
D/AndroidRuntime( 1249): Calling main entry com.android.commands.pm.Pm
D/AndroidRuntime( 1255): Calling main entry com.android.commands.pm.Pm
D/AndroidRuntime( 1249): Shutting down VM
D/dalvikvm( 1249): GC_CONCURRENT freed 456K, 45% free 573K/1032K, paused 0ms+0ms, total 3ms
D/AndroidRuntime( 1255): Shutting down VM
D/dalvikvm( 1255): GC_CONCURRENT freed 456K, 45% free 573K/1032K, paused 0ms+0ms, total 3ms
D/dalvikvm( 1198): Trying to load lib /data/data/com.google.android.gms/app_dg_cache/13B49A097479807D61BD65ABB6EB4D53EA5C6778/lib/libdroidguard_A6F991F1020D1896A6EB27EB4BED0467979BB6D9.so 0x4207f9f8
D/dalvikvm( 1198): Added shared lib /data/data/com.google.android.gms/app_dg_cache/13B49A097479807D61BD65ABB6EB4D53EA5C6778/lib/libdroidguard_A6F991F1020D1896A6EB27EB4BED0467979BB6D9.so 0x4207f9f8
D/dalvikvm( 1198): No JNI_OnLoad found in /data/data/com.google.android.gms/app_dg_cache/13B49A097479807D61BD65ABB6EB4D53EA5C6778/lib/libdroidguard_A6F991F1020D1896A6EB27EB4BED0467979BB6D9.so 0x4207f9f8, skipping init
D/Sensors ( 1018): AccelerationSensor: Set Sensors state 0x0
D/AndroidRuntime( 1333): 
D/AndroidRuntime( 1333): >>>>>> AndroidRuntime START com.android.internal.os.RuntimeInit <<<<<<
D/AndroidRuntime( 1333): CheckJNI is OFF
D/dalvikvm( 1333): Trying to load lib libjavacore.so 0x0
D/dalvikvm( 1333): Added shared lib libjavacore.so 0x0
D/dalvikvm( 1333): Trying to load lib libnativehelper.so 0x0
D/dalvikvm( 1333): Added shared lib libnativehelper.so 0x0
D/dalvikvm( 1333): No JNI_OnLoad found in libnativehelper.so 0x0, skipping init
D/dalvikvm( 1333): Note: class Landroid/app/ActivityManagerNative; has 181 unimplemented (abstract) methods
D/AndroidRuntime( 1382): 
D/AndroidRuntime( 1382): >>>>>> AndroidRuntime START com.android.internal.os.RuntimeInit <<<<<<
D/AndroidRuntime( 1382): CheckJNI is OFF
D/dalvikvm( 1382): Trying to load lib libjavacore.so 0x0
D/dalvikvm( 1382): Added shared lib libjavacore.so 0x0
D/dalvikvm( 1382): Trying to load lib libnativehelper.so 0x0
D/dalvikvm( 1382): Added shared lib libnativehelper.so 0x0
D/dalvikvm( 1382): No JNI_OnLoad found in libnativehelper.so 0x0, skipping init
D/dalvikvm( 1382): Note: class Landroid/app/ActivityManagerNative; has 181 unimplemented (abstract) methods
E/memtrack( 1333): Couldn't load memtrack module (No such file or directory)
E/android.os.Debug( 1333): failed to load memtrack module: -2
D/AndroidRuntime( 1333): Calling main entry com.android.commands.pm.Pm
E/memtrack( 1382): Couldn't load memtrack module (No such file or directory)
E/android.os.Debug( 1382): failed to load memtrack module: -2
D/AndroidRuntime( 1333): Shutting down VM
D/dalvikvm( 1333): GC_CONCURRENT freed 456K, 45% free 573K/1032K, paused 0ms+0ms, total 3ms
D/AndroidRuntime( 1382): Calling main entry com.android.commands.pm.Pm
D/AndroidRuntime( 1382): Shutting down VM
D/dalvikvm( 1382): GC_CONCURRENT freed 456K, 45% free 573K/1032K, paused 0ms+0ms, total 3ms
I/CheckinTask(29520): Sending checkin request (4239 bytes)
D/dalvikvm(29520): GC_CONCURRENT freed 1969K, 40% free 10477K/17184K, paused 4ms+4ms, total 29ms
W/ProcessCpuTracker( 1018): Skipping unknown process pid 1340
W/ProcessCpuTracker( 1018): Skipping unknown process pid 1341
W/ProcessCpuTracker( 1018): Skipping unknown process pid 1364
W/ProcessCpuTracker( 1018): Skipping unknown process pid 1377
W/ProcessCpuTracker( 1018): Skipping unknown process pid 1441
W/GLSUser ( 6685): GoogleAccountDataService.getToken()
W/GLSUser ( 6685): GoogleAccountDataService.getToken()
W/GLSUser ( 6685): GoogleAccountDataService.getToken()
D/AndroidRuntime( 1451): 
D/AndroidRuntime( 1451): >>>>>> AndroidRuntime START com.android.internal.os.RuntimeInit <<<<<<
D/AndroidRuntime( 1451): CheckJNI is OFF
D/dalvikvm( 1451): Trying to load lib libjavacore.so 0x0
D/dalvikvm( 1451): Added shared lib libjavacore.so 0x0
D/dalvikvm( 1451): Trying to load lib libnativehelper.so 0x0
D/dalvikvm( 1451): Added shared lib libnativehelper.so 0x0
D/dalvikvm( 1451): No JNI_OnLoad found in libnativehelper.so 0x0, skipping init
D/dalvikvm( 1451): Note: class Landroid/app/ActivityManagerNative; has 181 unimplemented (abstract) methods
D/AndroidRuntime( 1473): 
D/AndroidRuntime( 1473): >>>>>> AndroidRuntime START com.android.internal.os.RuntimeInit <<<<<<
D/AndroidRuntime( 1473): CheckJNI is OFF
D/dalvikvm( 1473): Trying to load lib libjavacore.so 0x0
D/dalvikvm( 1473): Added shared lib libjavacore.so 0x0
D/dalvikvm( 1473): Trying to load lib libnativehelper.so 0x0
D/dalvikvm( 1473): Added shared lib libnativehelper.so 0x0
D/dalvikvm( 1473): No JNI_OnLoad found in libnativehelper.so 0x0, skipping init
D/dalvikvm( 1473): Note: class Landroid/app/ActivityManagerNative; has 181 unimplemented (abstract) methods
E/memtrack( 1451): Couldn't load memtrack module (No such file or directory)
E/android.os.Debug( 1451): failed to load memtrack module: -2
I/CheckinTask(29520): Checkin success: https://android.clients.google.com/checkin (1 requests sent)
W/GoogleHttpClient(29520): Unable to close GMS GoogleHttpClient
D/GCM     ( 6685): GcmService start Intent { act=com.google.android.checkin.CHECKIN_COMPLETE flg=0x10 cmp=com.google.android.gms/.gcm.GcmService (has extras) } com.google.android.checkin.CHECKIN_COMPLETE
I/GCM     ( 6685): GCM config loaded
D/AndroidRuntime( 1451): Calling main entry com.android.commands.pm.Pm
E/ActivityThread(29520): Service com.google.android.gms.checkin.CheckinService has leaked ServiceConnection gbe@421a7528 that was originally bound here
E/ActivityThread(29520): android.app.ServiceConnectionLeaked: Service com.google.android.gms.checkin.CheckinService has leaked ServiceConnection gbe@421a7528 that was originally bound here
