D/dalvikvm(31660): Added shared lib /data/data/com.alibaba.aliexpresshd/files/libSEProtect-1.3.3.so 0x41f7b398
I/SOManager(LoadFile)(31660): validateSha256 libFile success.
W/System.err(31642): SLF4J: Failed to load class "org.slf4j.impl.StaticLoggerBinder".
W/System.err(31642): SLF4J: Defaulting to no-operation (NOP) logger implementation
W/System.err(31642): SLF4J: See http://www.slf4j.org/codes.html#StaticLoggerBinder for further details.
I/Unknown/com.amazon.identity.auth.device.api.MAPInit(31642): Initializing MAP SSO
I/Unknown/com.amazon.identity.platform.setting.PlatformSettings(31642): DCP settings not available; using defaults
W/Unknown/com.amazon.identity.auth.device.utils.ReflectionHelper(31642): Failed to locate class named com.amazon.acos.util.AmazonBuild. If this is not a Kindle device, you can ignore this warning.
I/Unknown/com.amazon.identity.auth.device.utils.CentralApkUtils(31642): Cannot find amazon authenticator. returning null
I/Unknown/com.amazon.identity.auth.device.utils.CentralApkUtils(31642): No central apk detected. This should be a 3P device.
I/Unknown/com.amazon.identity.auth.device.attribute.DeviceAttributeCache(31642): Setting device attribute CentralAPK to false
I/com.amazon.kindle/com.amazon.identity.auth.device.utils.CentralApkUtils(31642): Cannot find amazon authenticator. If this is 1P device, this is a bug!
I/com.amazon.kindle/com.amazon.identity.auth.device.api.MAPInit(31642): Initializing MAP (130013210 / MAPAndroidLib-1.0.365.0) for app com.amazon.kindle
D/dalvikvm(31642): Trying to load lib /data/app-lib/com.amazon.kindle-1/libNativeLibraryWrapper.so 0x41f7d398
D/dalvikvm(31642): Added shared lib /data/app-lib/com.amazon.kindle-1/libNativeLibraryWrapper.so 0x41f7d398
I/Icing   (29520): Indexing done 0BB7CB66CB3BC4D5928182E8545867472BCEA3BD
I/ActivityManager( 1018): Start proc com.amazon.mShop.android for content provider com.amazon.mShop.android/com.amazon.mShop.sso.MShopMAPInformationProvider: pid=31708 uid=10123 gids={50123, 3003}
I/dalvikvm(31708): Enabling JNI app bug workarounds for target SDK version 9...
V/DexElementCompatibility(31642): ElementObjectFileFileDexFile is not the right one for this platform
V/DexElementCompatibility(31642): ElementObjectFileZipFileDexFile is not the right one for this platform
I/Unknown/com.amazon.identity.auth.device.api.MAPInit(31708): Initalizing MAP SSO
I/Unknown/com.amazon.identity.platform.setting.PlatformSettingHolder(31708): Initializing the Platform Settings.
W/Unknown/com.amazon.identity.auth.device.utils.ReflectionHelper(31708): Failed to locate class named com.amazon.dcp.settings.SettingsCache. If this is not a Kindle device, you can ignore this warning.
I/ActivityManager( 1018): Start proc com.ideashower.readitlater.pro for broadcast com.ideashower.readitlater.pro/com.ideashower.readitlater.service.ConnectionReceiver: pid=31728 uid=10161 gids={50161, 3003, 1028, 1015}
F/ProcessStats( 1018): Starting service ServiceState{42fff988 com.whatsapp.messaging.MessageService pkg=com.whatsapp proc=42fff988} without owner
F/ProcessStats( 1018): Starting service ServiceState{4366a010 com.google.android.gms.drive.api.ApiService pkg=com.google.android.gms proc=4366a010} without owner
W/Unknown/com.amazon.identity.auth.device.utils.ReflectionHelper(31708): Failed to locate class named com.amazon.acos.util.AmazonBuild. If this is not a Kindle device, you can ignore this warning.
F/ProcessStats( 1018): Starting service ServiceState{42a68bb0 com.facebook.push.mqtt.service.MqttPushService pkg=com.facebook.katana proc=42a68bb0} without owner
W/Unknown/com.amazon.identity.auth.device.utils.ReflectionHelper(31708): Failed to locate class named com.amazon.dcp.settings.SettingBoolean. If this is not a Kindle device, you can ignore this warning.
I/Unknown/com.amazon.identity.auth.device.utils.CentralApkUtils(31708): Cannot find amazon authenticator. returning null
I/Unknown/com.amazon.identity.auth.device.utils.CentralApkUtils(31708): No central apk detected. This should be a 3P device.
F/ProcessStats( 1018): Starting service ServiceState{42ce23e8 com.urbanairship.push.PushService pkg=com.moblin.israeltrain proc=42ce23e8} without owner
I/Unknown/com.amazon.identity.auth.device.attribute.DeviceAttributeCache(31708): Setting device attribute CentralAPK to false
I/com.amazon.mShop.android/com.amazon.identity.auth.device.utils.CentralApkUtils(31708): Cannot find amazon authenticator. If this is 1P device, this is a bug!
I/com.amazon.mShop.android/com.amazon.identity.auth.device.api.MAPInit(31708): Initalizing MAP (130013210 / MAPAndroidLib-1.0.243.0) for app com.amazon.mShop.android
I/ActivityManager( 1018): Process com.google.android.gm (pid 30208) has died.
F/ProcessStats( 1018): Starting service ServiceState{42fff988 com.whatsapp.messaging.MessageService pkg=com.whatsapp proc=42fff988} without owner
F/ProcessStats( 1018): Starting service ServiceState{4366a010 com.google.android.gms.drive.api.ApiService pkg=com.google.android.gms proc=4366a010} without owner
F/ProcessStats( 1018): Starting service ServiceState{42a68bb0 com.facebook.push.mqtt.service.MqttPushService pkg=com.facebook.katana proc=42a68bb0} without owner
F/ProcessStats( 1018): Starting service ServiceState{42ce23e8 com.urbanairship.push.PushService pkg=com.moblin.israeltrain proc=42ce23e8} without owner
I/com.amazon.mShop.android/com.amazon.identity.auth.device.features.FeatureCache(31708): Setting feature OverrideDeviceAttributes to true
W/com.amazon.mShop.android/com.amazon.identity.auth.device.utils.ReflectionHelper(31708): Failed to locate class named com.amazon.dcp.settings.SettingString. If this is not a Kindle device, you can ignore this warning.
E/com.amazon.mShop.android/com.amazon.identity.auth.device.utils.DeviceTypeHelpers(31708): Device code is invalid. Device appears to be configured incorrectly.
I/DPLogger(31708): DPLogger - Name was too long. Truncating; original name: BaseMetricsServiceFactory, truncated name: BaseMetricsServiceFacto
I/DPLogger(31708): DPLogger - Name was too long. Truncating; original name: MetricsConfigurationParser, truncated name: MetricsConfigurationPar
I/MetricsConfigurationPar(31708): MetricsConfigurationParser - Picking configuration; Domain: prod, Build: user, isDebuggable: false
I/com.amazon.kindle/com.amazon.identity.auth.device.features.FeatureCache(31642): Setting feature OverrideDeviceAttributes to true
I/DPLogger(31708): DPLogger - Name was too long. Truncating; original name: TComm.HttpClientSrrManager, truncated name: TComm.HttpClientSrrMana
I/DPLogger(31708): DPLogger - Name was too long. Truncating; original name: AndroidDeviceInfoManager, truncated name: AndroidDeviceInfoManage
I/DPLogger(31708): DPLogger - Name was too long. Truncating; original name: Metrics:BoundedByteArrayQueue, truncated name: Metrics:BoundedByteArra
I/DPLogger(31708): DPLogger - Name was too long. Truncating; original name: Metrics:NonVolatileBoundedByteArrayQueue, truncated name: Metrics:NonVolatileBoun
I/DPLogger(31708): DPLogger - Name was too long. Truncating; original name: Metrics:BatchTransmitter, truncated name: Metrics:BatchTransmitte
I/DPLogger(31708): DPLogger - Name was too long. Truncating; original name: Metrics:ThreadPoolBatchTransmitter, truncated name: Metrics:ThreadPoolBatch
I/DPLogger(31708): DPLogger - Name was too long. Truncating; original name: PeriodicBatchTransmitter, truncated name: PeriodicBatchTransmitte
I/DPLogger(31708): DPLogger - Name was too long. Truncating; original name: Metrics:UrgentBatchTransmitter, truncated name: Metrics:UrgentBatchTran
W/BaseMetricsServiceFacto(31708): createMetricsService - Skipping batch pipeline setup for ; RESERVED_FOR_LOCATION_SERVICE:  because no configuration is provided.
W/BaseMetricsServiceFacto(31708): createMetricsService - Skipping batch pipeline setup for ; RESERVED_FOR_NON_ANONYMOUS_METRICS:  because no configuration is provided.
I/Metrics:BatchTransmitte(31708): QueuePusher.sendBatches - Drained batch queue.; Number of batches sent: 0
I/Metrics:BatchTransmitte(31708): QueuePusher.sendBatches - Drained batch queue.; Number of batches sent: 0
I/DPLogger(31708): DPLogger - Name was too long. Truncating; original name: MetricsBroadcastReceiver, truncated name: MetricsBroadcastReceive
I/com.amazon.mShop.android/com.amazon.identity.auth.device.api.MAPInit(31708): MAP Components already initalized
V/AmazonApplication(31708): Unable to execute setConfigCallbackForViewRoot on Android Platform4.4.3
I/DPLogger(31708): DPLogger - Name was too long. Truncating; original name: CrashDescriptorStorageUtil, truncated name: CrashDescriptorStorageU
I/CrashDescriptorStorageU(31708): loadFromSharedPreferences - No keys retrieved from shared preferences.;
I/com.amazon.device.a.p(31708): Installing crash detector as default exception handler.
I/com.amazon.device.a.p(31708): Skipping crash report upload. WiFi is not connected.
I/com.amazon.mShop.android/com.amazon.identity.auth.device.utils.CentralApkUtils(31708): Cannot find amazon authenticator. If this is 1P device, this is a bug!
F/ProcessStats( 1018): Starting service ServiceState{42fff988 com.whatsapp.messaging.MessageService pkg=com.whatsapp proc=42fff988} without owner
F/ProcessStats( 1018): Starting service ServiceState{4366a010 com.google.android.gms.drive.api.ApiService pkg=com.google.android.gms proc=4366a010} without owner
F/ProcessStats( 1018): Starting service ServiceState{42a68bb0 com.facebook.push.mqtt.service.MqttPushService pkg=com.facebook.katana proc=42a68bb0} without owner
F/ProcessStats( 1018): Starting service ServiceState{42ce23e8 com.urbanairship.push.PushService pkg=com.moblin.israeltrain proc=42ce23e8} without owner
I/ActivityManager( 1018): Start proc com.facebook.katana for broadcast com.facebook.katana/com.facebook.vault.service.VaultConnectivityChangeReceiver: pid=31780 uid=10184 gids={50184, 1028, 1015, 3003}
I/ActivityManager( 1018): Process com.alibaba.aliexpresshd:notify (pid 31600) has died.
F/ProcessStats( 1018): Starting service ServiceState{42fff988 com.whatsapp.messaging.MessageService pkg=com.whatsapp proc=42fff988} without owner
F/ProcessStats( 1018): Starting service ServiceState{4366a010 com.google.android.gms.drive.api.ApiService pkg=com.google.android.gms proc=4366a010} without owner
F/ProcessStats( 1018): Starting service ServiceState{42a68bb0 com.facebook.push.mqtt.service.MqttPushService pkg=com.facebook.katana proc=42a68bb0} without owner
F/ProcessStats( 1018): Starting service ServiceState{42ce23e8 com.urbanairship.push.PushService pkg=com.moblin.israeltrain proc=42ce23e8} without owner
I/ActivityManager( 1018): Process com.amazon.kindle (pid 31642) has died.
I/ActivityThread(31708): Removing dead content provider:android.content.ContentProviderProxy@421291f8
I/ActivityManager( 1018): Start proc com.amazon.kindle for content provider com.amazon.kindle/.map.StandaloneMAPInformationProvider: pid=31792 uid=10143 gids={50143, 3003, 1028, 1015}
W/dalvikvm(31792): VFY: unable to resolve static field 37152 (SINGLETON) in Lorg/slf4j/impl/StaticMarkerBinder;
D/dalvikvm(31792): VFY: replacing opcode 0x62 at 0x0000
I/dalvikvm(31792): Could not find method org.slf4j.impl.StaticLoggerBinder.getSingleton, referenced from method org.slf4j.LoggerFactory.bind
W/dalvikvm(31792): VFY: unable to resolve static method 57987: Lorg/slf4j/impl/StaticLoggerBinder;.getSingleton ()Lorg/slf4j/impl/StaticLoggerBinder;
D/dalvikvm(31792): VFY: replacing opcode 0x71 at 0x0007
I/dalvikvm(31792): Could not find method org.slf4j.impl.StaticLoggerBinder.getSingleton, referenced from method org.slf4j.LoggerFactory.getILoggerFactory
W/dalvikvm(31792): VFY: unable to resolve static method 57987: Lorg/slf4j/impl/StaticLoggerBinder;.getSingleton ()Lorg/slf4j/impl/StaticLoggerBinder;
D/dalvikvm(31792): VFY: replacing opcode 0x71 at 0x0017
I/dalvikvm(31792): Could not find method org.slf4j.impl.StaticLoggerBinder.getSingleton, referenced from method org.slf4j.LoggerFactory.reportActualBinding
W/dalvikvm(31792): VFY: unable to resolve static method 57987: Lorg/slf4j/impl/StaticLoggerBinder;.getSingleton ()Lorg/slf4j/impl/StaticLoggerBinder;
D/dalvikvm(31792): VFY: replacing opcode 0x71 at 0x0011
W/dalvikvm(31792): VFY: unable to resolve static field 37150 (REQUESTED_API_VERSION) in Lorg/slf4j/impl/StaticLoggerBinder;
D/dalvikvm(31792): VFY: replacing opcode 0x62 at 0x0000
D/CatchMeIfYouCan(31780): Process (<default>) ca: '/data/data/com.facebook.katana/app_cmiyc/A1657CCD543F12E66E587EE52ED9D802E22AAC4701'
D/CatchMeIfYouCan(31780): Process (<default>) fc: '/data/data/com.facebook.katana/app_cmiyc/A1657CCD543F12E66E587EE52ED9D802E22AAC4702'
D/CatchMeIfYouCan(31780): Process (<default>) cp: '('default', 3, 120000, silent [true], restart [false], logout [false])'
D/ACRA    (31780): ACRA is enabled for com.facebook.katana, intializing...
D/ACRA    (31780): Looking for error files in /data/data/com.facebook.katana/app_acra-reports
D/ACRA    (31780): Looking for error files in /data/data/com.facebook.katana/app_minidumps
D/dalvikvm(31780): Trying to load lib /data/app-lib/com.facebook.katana-1/libfb_stl_shared.so 0x41f8bc88
D/dalvikvm(31780): Added shared lib /data/app-lib/com.facebook.katana-1/libfb_stl_shared.so 0x41f8bc88
D/dalvikvm(31780): No JNI_OnLoad found in /data/app-lib/com.facebook.katana-1/libfb_stl_shared.so 0x41f8bc88, skipping init
D/dalvikvm(31780): Trying to load lib /data/app-lib/com.facebook.katana-1/libfb_breakpad_client.so 0x41f8bc88
D/dalvikvm(31780): Added shared lib /data/app-lib/com.facebook.katana-1/libfb_breakpad_client.so 0x41f8bc88
D/SystemClassLoaderAdder(31780): Marked as initialized entry corresponding to path /data/app/com.facebook.katana-1.apk
V/DexLibLoader(31780): Preparing secondary program dexes from null
V/DexLibLoader(31780): Loaded 4 raw lines of metadata.
V/DexLibLoader(31780): Secondary program dex metadata: secondary-1.dex.jar.xz 67dacb695fa8d1623302e29e51f9d8d6a6eeec27 secondary.dex01.Canary
V/DexLibLoader(31780): Secondary program dex metadata: secondary-2.dex.jar.xz 8c2369cab8de72ed296f7b3e7b8884a967ab300e secondary.dex02.Canary
V/DexLibLoader(31780): Secondary program dex metadata: secondary-3.dex.jar.xz cff192dd14260135270b485064fec9e5dc42e243 secondary.dex03.Canary
V/DexLibLoader(31780): Secondary program dex metadata: secondary-4.dex.jar.xz 93d535c7ed7ef87cec994f1db3d2734154cd0495 secondary.dex04.Canary
W/DexLibLoader(31780): Unexpected file in program dex directory: /data/data/com.facebook.katana/app_secondary_program_dex/temp_dex_lock
V/DexLibLoader(31780): Preparing to extract secondary-1.dex.jar.xz to /data/data/com.facebook.katana/app_secondary_program_dex/program-67dacb695fa8d1623302e29e51f9d8d6a6eeec27bfc618b7.dex.jar
V/DexLibLoader(31780): Dex already copied
D/OdexVerifier(31780): Odex verification is skipped.
V/DexLibLoader(31780): Creating class loader
V/DexLibLoader(31780): Finished creating class loader
V/DexLibLoader(31780): Preparing to extract secondary-2.dex.jar.xz to /data/data/com.facebook.katana/app_secondary_program_dex/program-8c2369cab8de72ed296f7b3e7b8884a967ab300ebfc618b7.dex.jar
V/DexLibLoader(31780): Dex already copied
D/OdexVerifier(31780): Odex verification is skipped.
V/DexLibLoader(31780): Creating class loader
V/DexLibLoader(31780): Finished creating class loader
V/DexLibLoader(31780): Preparing to extract secondary-3.dex.jar.xz to /data/data/com.facebook.katana/app_secondary_program_dex/program-cff192dd14260135270b485064fec9e5dc42e243bfc618b7.dex.jar
V/DexLibLoader(31780): Dex already copied
D/OdexVerifier(31780): Odex verification is skipped.
V/DexLibLoader(31780): Creating class loader
V/DexLibLoader(31780): Finished creating class loader
V/DexLibLoader(31780): Preparing to extract secondary-4.dex.jar.xz to /data/data/com.facebook.katana/app_secondary_program_dex/program-93d535c7ed7ef87cec994f1db3d2734154cd0495bfc618b7.dex.jar
V/DexLibLoader(31780): Dex already copied
D/OdexVerifier(31780): Odex verification is skipped.
V/DexLibLoader(31780): Creating class loader
V/DexLibLoader(31780): Finished creating class loader
V/DexLibLoader(31780): Verifying classes from secondary dexes.
D/DexLibLoader(31780): DexLibLoader.ensureDexLoaded took 52 ms
D/dalvikvm(31780): Trying to load lib /data/app-lib/com.facebook.katana-1/libfb_dalvik-internals.so 0x41f8bc88
D/dalvikvm(31780): Added shared lib /data/app-lib/com.facebook.katana-1/libfb_dalvik-internals.so 0x41f8bc88
W/System.err(31792): SLF4J: Failed to load class "org.slf4j.impl.StaticLoggerBinder".
W/System.err(31792): SLF4J: Defaulting to no-operation (NOP) logger implementation
W/System.err(31792): SLF4J: See http://www.slf4j.org/codes.html#StaticLoggerBinder for further details.
W/Unknown/com.amazon.identity.auth.device.utils.ReflectionHelper(31792): Failed to locate class named com.amazon.acos.util.AmazonBuild. If this is not a Kindle device, you can ignore this warning.
I/Unknown/com.amazon.identity.platform.setting.PlatformSettings(31792): DCP settings not available; using defaults
I/Unknown/com.amazon.identity.auth.device.api.MAPInit(31792): Initializing MAP SSO
I/Unknown/com.amazon.identity.auth.device.features.FeatureCache(31792): Setting feature OverrideDeviceAttributes to true
I/Unknown/com.amazon.identity.auth.device.utils.CentralApkUtils(31792): Cannot find amazon authenticator. returning null
I/Unknown/com.amazon.identity.auth.device.utils.CentralApkUtils(31792): No central apk detected. This should be a 3P device.
I/Unknown/com.amazon.identity.auth.device.attribute.DeviceAttributeCache(31792): Setting device attribute CentralAPK to false
I/com.amazon.kindle/com.amazon.identity.auth.device.utils.CentralApkUtils(31792): Cannot find amazon authenticator. If this is 1P device, this is a bug!
I/com.amazon.kindle/com.amazon.identity.auth.device.api.MAPInit(31792): Initializing MAP (130013210 / MAPAndroidLib-1.0.365.0) for app com.amazon.kindle
D/AndroidRuntime(31808): 
D/AndroidRuntime(31808): >>>>>> AndroidRuntime START com.android.internal.os.RuntimeInit <<<<<<
D/AndroidRuntime(31808): CheckJNI is OFF
D/dalvikvm(31808): Trying to load lib libjavacore.so 0x0
D/dalvikvm(31808): Added shared lib libjavacore.so 0x0
D/AndroidRuntime(31814): 
D/AndroidRuntime(31814): >>>>>> AndroidRuntime START com.android.internal.os.RuntimeInit <<<<<<
D/AndroidRuntime(31814): CheckJNI is OFF
D/dalvikvm(31808): Trying to load lib libnativehelper.so 0x0
D/dalvikvm(31808): Added shared lib libnativehelper.so 0x0
D/dalvikvm(31808): No JNI_OnLoad found in libnativehelper.so 0x0, skipping init
D/dalvikvm(31814): Trying to load lib libjavacore.so 0x0
D/dalvikvm(31814): Added shared lib libjavacore.so 0x0
D/dalvikvm(31814): Trying to load lib libnativehelper.so 0x0
D/dalvikvm(31814): Added shared lib libnativehelper.so 0x0
D/dalvikvm(31814): No JNI_OnLoad found in libnativehelper.so 0x0, skipping init
D/dalvikvm(31808): Note: class Landroid/app/ActivityManagerNative; has 181 unimplemented (abstract) methods
D/dalvikvm(31792): Trying to load lib /data/app-lib/com.amazon.kindle-1/libNativeLibraryWrapper.so 0x41f81710
D/dalvikvm(31814): Note: class Landroid/app/ActivityManagerNative; has 181 unimplemented (abstract) methods
D/dalvikvm(31792): Added shared lib /data/app-lib/com.amazon.kindle-1/libNativeLibraryWrapper.so 0x41f81710
I/dalvik-internals(31780): Successfully looked up JNI_GetCreatedJavaVMs
I/dalvik-internals(31780): Successfully looked up gDvm
E/dalvik-internals(31780): Failed to look up ladDumpProfiles
E/dalvik-internals(31780): Failed to look up ladResetProfiles
E/dalvik-internals(31780): Failed to look up ladPrintHeaderInfo
I/dalvik-internals(31780): gDvm has value 0x41699e18.  Searching for vmList (initial offset in [704,1480]).
I/dalvik-internals(31780): Beginning search.  Actual offset in [704,1468].
E/dalvik-internals(31780): Failed to find vmList in gDvm.  Going to brute-force search for LinearAllocHdr.
D/dalvik-internals(31780): Evaluating LinearAllocHdr candidate at 0x415d5ca8.
I/dalvik-internals(31780): Found LinearAllocHdr (with no vmList) at offset 948.
I/ActivityManager( 1018): Process com.amazon.mShop.android (pid 31708) has died.
E/LocSvc_ApiV02( 1018): W/virtual loc_api_adapter_err LocApiV02::getZppFix(GpsLocation&, LocPosTechMask&):2554]: error! status = eLOC_CLIENT_FAILURE_INVALID_PARAMETER, zpp_ind.status = eQMI_LOC_SUCCESS_V02
V/DexElementCompatibility(31792): ElementObjectFileFileDexFile is not the right one for this platform
V/DexElementCompatibility(31792): ElementObjectFileZipFileDexFile is not the right one for this platform
E/memtrack(31808): Couldn't load memtrack module (No such file or directory)
E/android.os.Debug(31808): failed to load memtrack module: -2
E/memtrack(31814): Couldn't load memtrack module (No such file or directory)
E/android.os.Debug(31814): failed to load memtrack module: -2
D/AndroidRuntime(31808): Calling main entry com.android.commands.pm.Pm
D/AndroidRuntime(31814): Calling main entry com.android.commands.pm.Pm
D/AndroidRuntime(31808): Shutting down VM
D/dalvikvm(31808): GC_CONCURRENT freed 456K, 45% free 573K/1032K, paused 1ms+1ms, total 4ms
D/AndroidRuntime(31814): Shutting down VM
D/dalvikvm(31814): GC_CONCURRENT freed 456K, 45% free 573K/1032K, paused 0ms+0ms, total 3ms
W/dalvikvm(31780): method Lcom/facebook/reflex/view/AbstractListView;.invalidate incorrectly overrides package-private method with same name in Landroid/view/View;
W/dalvikvm(31780): method Lcom/facebook/reflex/view/GalleryViewAutoReflex;.invalidate incorrectly overrides package-private method with same name in Landroid/view/View;
W/dalvikvm(31780): method Lcom/facebook/reflex/view/HorizontalScrollViewAutoReflex;.invalidate incorrectly overrides package-private method with same name in Landroid/view/View;
W/dalvikvm(31780): method Lcom/facebook/reflex/view/ImageViewAutoReflex;.invalidate incorrectly overrides package-private method with same name in Landroid/view/View;
W/dalvikvm(31780): method Lcom/facebook/reflex/view/ScrollViewAutoReflex;.invalidate incorrectly overrides package-private method with same name in Landroid/view/View;
W/dalvikvm(31780): method Lcom/facebook/reflex/view/ViewPagerAutoReflex;.invalidate incorrectly overrides package-private method with same name in Landroid/view/View;
W/dalvikvm(31780): method Lcom/facebook/reflex/view/FrameLayoutAutoReflex;.invalidate incorrectly overrides package-private method with same name in Landroid/view/View;
I/ActivityManager( 1018): Process com.ideashower.readitlater.pro (pid 31728) has died.
I/ActivityManager( 1018): Process com.amazon.kindle (pid 31792) has died.
W/dalvikvm(31780): method Lcom/facebook/feed/reflex/ZoomableImageViewAutoReflex;.invalidate incorrectly overrides package-private method with same name in Landroid/view/View;
D/AndroidRuntime(31874): 
D/AndroidRuntime(31874): >>>>>> AndroidRuntime START com.android.internal.os.RuntimeInit <<<<<<
D/AndroidRuntime(31874): CheckJNI is OFF
D/AndroidRuntime(31872): 
D/AndroidRuntime(31872): >>>>>> AndroidRuntime START com.android.internal.os.RuntimeInit <<<<<<
D/AndroidRuntime(31872): CheckJNI is OFF
D/dalvikvm(31874): Trying to load lib libjavacore.so 0x0
D/dalvikvm(31874): Added shared lib libjavacore.so 0x0
D/dalvikvm(31874): Trying to load lib libnativehelper.so 0x0
D/dalvikvm(31874): Added shared lib libnativehelper.so 0x0
D/dalvikvm(31874): No JNI_OnLoad found in libnativehelper.so 0x0, skipping init
D/dalvikvm(31872): Trying to load lib libjavacore.so 0x0
D/dalvikvm(31872): Added shared lib libjavacore.so 0x0
D/dalvikvm(31872): Trying to load lib libnativehelper.so 0x0
D/dalvikvm(31872): Added shared lib libnativehelper.so 0x0
D/dalvikvm(31872): No JNI_OnLoad found in libnativehelper.so 0x0, skipping init
D/dalvikvm(31874): Note: class Landroid/app/ActivityManagerNative; has 181 unimplemented (abstract) methods
D/dalvikvm(31872): Note: class Landroid/app/ActivityManagerNative; has 181 unimplemented (abstract) methods
W/dalvikvm(31780): method Lcom/facebook/messaging/reflex/SwipableOverlayLayoutAutoReflex;.invalidate incorrectly overrides package-private method with same name in Landroid/view/View;
E/memtrack(31874): Couldn't load memtrack module (No such file or directory)
E/android.os.Debug(31874): failed to load memtrack module: -2
E/memtrack(31872): Couldn't load memtrack module (No such file or directory)
E/android.os.Debug(31872): failed to load memtrack module: -2
D/AndroidRuntime(31874): Calling main entry com.android.commands.pm.Pm
V/AlarmManager( 1018): sending alarm Alarm{4340aeb8 type 1 com.alibaba.aliexpresshd}
D/dalvikvm(31780): GC_CONCURRENT freed 3719K, 22% free 13432K/17184K, paused 6ms+9ms, total 85ms
D/dalvikvm(31780): WAIT_FOR_CONCURRENT_GC blocked 46ms
D/AndroidRuntime(31872): Calling main entry com.android.commands.pm.Pm
D/AndroidRuntime(31874): Shutting down VM
D/dalvikvm(31874): GC_CONCURRENT freed 456K, 45% free 573K/1032K, paused 0ms+0ms, total 4ms
D/AndroidRuntime(31872): Shutting down VM
D/dalvikvm(31872): GC_CONCURRENT freed 456K, 45% free 573K/1032K, paused 0ms+0ms, total 3ms
W/fb4a(:<default>):StaticBindingVerifier(31780): Verify
D/WifiService( 1018): New client listening to asynchronous messages
D/dalvikvm(31780): GC_FOR_ALLOC freed 1726K, 21% free 13609K/17184K, paused 49ms, total 49ms
W/fb4a(:<default>):BaseAnalyticsConfig(31780): willEventBeLogged() called before shared prefs were initialized! Defaulting to true.
E/dalvikvm(31780): Could not find class 'org.apache.harmony.xnet.provider.jsse.OpenSSLSocketImpl', referenced from method com.facebook.ssl.openssl.check.CheckOpenSSLImplHasRequiredMethods.<clinit>
W/dalvikvm(31780): VFY: unable to resolve const-class 15198 (Lorg/apache/harmony/xnet/provider/jsse/OpenSSLSocketImpl;) in Lcom/facebook/ssl/openssl/check/CheckOpenSSLImplHasRequiredMethods;
D/dalvikvm(31780): VFY: replacing opcode 0x1c at 0x000d
E/dalvikvm(31780): Could not find class 'org.apache.harmony.xnet.provider.jsse.OpenSSLSocketFactoryImpl', referenced from method com.facebook.ssl.openssl.reflect.SSLParametersGetter.<clinit>
W/dalvikvm(31780): VFY: unable to resolve const-class 15197 (Lorg/apache/harmony/xnet/provider/jsse/OpenSSLSocketFactoryImpl;) in Lcom/facebook/ssl/openssl/reflect/SSLParametersGetter;
D/dalvikvm(31780): VFY: replacing opcode 0x1c at 0x000d
E/dalvikvm(31780): Could not find class 'org.apache.harmony.xnet.provider.jsse.SSLParametersImpl', referenced from method com.facebook.ssl.openssl.reflect.SSLParametersGetter.a
W/dalvikvm(31780): VFY: unable to resolve check-cast 15200 (Lorg/apache/harmony/xnet/provider/jsse/SSLParametersImpl;) in Lcom/facebook/ssl/openssl/reflect/SSLParametersGetter;
D/dalvikvm(31780): VFY: replacing opcode 0x1f at 0x0006
E/dalvikvm(31780): Could not find class 'org.apache.harmony.xnet.provider.jsse.SSLParametersImpl', referenced from method com.facebook.ssl.openssl.reflect.SSLSessionTimeoutSetter.<clinit>
W/dalvikvm(31780): VFY: unable to resolve const-class 15200 (Lorg/apache/harmony/xnet/provider/jsse/SSLParametersImpl;) in Lcom/facebook/ssl/openssl/reflect/SSLSessionTimeoutSetter;
D/dalvikvm(31780): VFY: replacing opcode 0x1c at 0x000d
W/dalvikvm(31780): VFY: unable to find class referenced in signature (Lorg/apache/harmony/xnet/provider/jsse/SSLParametersImpl;)
E/dalvikvm(31780): Could not find class 'org.apache.harmony.xnet.provider.jsse.ClientSessionContext', referenced from method com.facebook.ssl.openssl.reflect.SSLSessionTimeoutSetter.a
W/dalvikvm(31780): VFY: unable to resolve check-cast 15196 (Lorg/apache/harmony/xnet/provider/jsse/ClientSessionContext;) in Lcom/facebook/ssl/openssl/reflect/SSLSessionTimeoutSetter;
D/dalvikvm(31780): VFY: replacing opcode 0x1f at 0x0006
W/dalvikvm(31780): VFY: unable to find class referenced in signature (Lorg/apache/harmony/xnet/provider/jsse/SSLParametersImpl;)
W/dalvikvm(31780): Unable to resolve superclass of Lcom/facebook/ssl/openssl/TicketEnabledOpenSSLSocketImplWrapper; (15199)
W/dalvikvm(31780): Link of class 'Lcom/facebook/ssl/openssl/TicketEnabledOpenSSLSocketImplWrapper;' failed
E/dalvikvm(31780): Could not find class 'com.facebook.ssl.openssl.TicketEnabledOpenSSLSocketImplWrapper', referenced from method com.facebook.ssl.openssl.TicketEnabledOpenSSLSocketFactoryHelper.a
W/dalvikvm(31780): VFY: unable to resolve new-instance 11874 (Lcom/facebook/ssl/openssl/TicketEnabledOpenSSLSocketImplWrapper;) in Lcom/facebook/ssl/openssl/TicketEnabledOpenSSLSocketFactoryHelper;
D/dalvikvm(31780): VFY: replacing opcode 0x22 at 0x0000
W/dalvikvm(31780): Unable to resolve superclass of Lcom/facebook/ssl/openssl/TicketEnabledOpenSSLSocketImplWrapper; (15199)
W/dalvikvm(31780): Link of class 'Lcom/facebook/ssl/openssl/TicketEnabledOpenSSLSocketImplWrapper;' failed
D/dalvikvm(31780): DexOpt: unable to opt direct call 0xb3fb at 0x08 in Lcom/facebook/ssl/openssl/TicketEnabledOpenSSLSocketFactoryHelper;.a
D/dalvikvm(31780): GC_CONCURRENT freed 943K, 15% free 14713K/17184K, paused 4ms+5ms, total 57ms
D/dalvikvm(31780): WAIT_FOR_CONCURRENT_GC blocked 12ms
I/widget.provider(32496): com.devhd.feedly.widget.FeedlyWidgetProvider onReceive: android.net.conn.CONNECTIVITY_CHANGE
I/ActivityManager( 1018): Start proc com.wunderkinder.wunderlistandroid for broadcast com.wunderkinder.wunderlistandroid/.receiver.WLConnectivityReceiver: pid=31935 uid=10157 gids={50157, 3003, 1028, 1015}
I/selector.c(32496): onLowMemory() <-- selector
I/selector.br(32496): ONAPPEVENT({"type":"memoryWarning"})
I/selector$bottom.c(32496): onLowMemory() <-- selector$bottom
I/selector$bottom.br(32496): ONAPPEVENT({"type":"memoryWarning"})
I/storeGroup.c(32496): onLowMemory() <-- storeGroup
I/article$toolbar.c(32496): onLowMemory() <-- article$toolbar
I/article$toolbar.br(32496): ONAPPEVENT({"type":"memoryWarning"})
I/more.c  (32496): onLowMemory() <-- more
I/more.br (32496): ONAPPEVENT({"type":"memoryWarning"})
I/store.c (32496): onLowMemory() <-- store
I/store.br(32496): ONAPPEVENT({"type":"memoryWarning"})
I/article.c(32496): onLowMemory() <-- article
I/article$prev.c(32496): onLowMemory() <-- article$prev
I/article$prev.br(32496): ONAPPEVENT({"type":"memoryWarning"})
I/searchBox.c(32496): onLowMemory() <-- searchBox
I/searchBox.br(32496): ONAPPEVENT({"type":"memoryWarning"})
I/article$center.c(32496): onLowMemory() <-- article$center
I/article$center.br(32496): ONAPPEVENT({"type":"memoryWarning"})
I/article$next.c(32496): onLowMemory() <-- article$next
I/article$next.br(32496): ONAPPEVENT({"type":"memoryWarning"})
I/main.c  (32496): onLowMemory() <-- main
I/main.br (32496): ONAPPEVENT({"type":"memoryWarning"})
W/ManagedEGLContext(32496): doTerminate failed: EGL count is 2 but managed count is 1
D/dalvikvm(31780): Trying to load lib /data/app-lib/com.facebook.katana-1/libfb_stl_shared.so 0x41f8bc88
D/dalvikvm(31780): Shared lib '/data/app-lib/com.facebook.katana-1/libfb_stl_shared.so' already loaded in same CL 0x41f8bc88
I/Crashlytics(31935): Initializing Crashlytics 1.1.11.10
D/dalvikvm(31780): Trying to load lib /data/app-lib/com.facebook.katana-1/libfb.so 0x41f8bc88
D/dalvikvm(31780): Added shared lib /data/app-lib/com.facebook.katana-1/libfb.so 0x41f8bc88
D/dalvikvm(31780): No JNI_OnLoad found in /data/app-lib/com.facebook.katana-1/libfb.so 0x41f8bc88, skipping init
D/dalvikvm(31780): Trying to load lib /data/app-lib/com.facebook.katana-1/libfb_breakpad_client.so 0x41f8bc88
D/dalvikvm(31780): Shared lib '/data/app-lib/com.facebook.katana-1/libfb_breakpad_client.so' already loaded in same CL 0x41f8bc88
D/dalvikvm(31780): Trying to load lib /data/app-lib/com.facebook.katana-1/libfbjni.so 0x41f8bc88
D/dalvikvm(31780): Added shared lib /data/app-lib/com.facebook.katana-1/libfbjni.so 0x41f8bc88
D/dalvikvm(31780): Trying to load lib /data/app-lib/com.facebook.katana-1/libheartbleed.so 0x41f8bc88
D/dalvikvm(31780): Added shared lib /data/app-lib/com.facebook.katana-1/libheartbleed.so 0x41f8bc88
D/AndroidRuntime(31975): 
D/AndroidRuntime(31975): >>>>>> AndroidRuntime START com.android.internal.os.RuntimeInit <<<<<<
D/AndroidRuntime(31967): 
D/AndroidRuntime(31967): >>>>>> AndroidRuntime START com.android.internal.os.RuntimeInit <<<<<<
D/AndroidRuntime(31975): CheckJNI is OFF
D/AndroidRuntime(31967): CheckJNI is OFF
D/dalvikvm(31975): Trying to load lib libjavacore.so 0x0
D/dalvikvm(31967): Trying to load lib libjavacore.so 0x0
D/dalvikvm(31975): Added shared lib libjavacore.so 0x0
D/dalvikvm(31967): Added shared lib libjavacore.so 0x0
D/dalvikvm(31967): Trying to load lib libnativehelper.so 0x0
D/dalvikvm(31975): Trying to load lib libnativehelper.so 0x0
D/dalvikvm(31967): Added shared lib libnativehelper.so 0x0
D/dalvikvm(31967): No JNI_OnLoad found in libnativehelper.so 0x0, skipping init
D/dalvikvm(31975): Added shared lib libnativehelper.so 0x0
D/dalvikvm(31975): No JNI_OnLoad found in libnativehelper.so 0x0, skipping init
W/BroadcastQueue( 1018): Permission Denial: broadcasting Intent { act=android.net.conn.INET_CONDITION_ACTION flg=0x4000010 (has extras) } from null (pid=-1, uid=-1) requires com.facebook.permission.prod.FB_APP_COMMUNICATION due to registered receiver BroadcastFilter{430f2078 u0 ReceiverList{430d42b0 31780 com.facebook.katana/10184/u0 remote:43039ee0}}
W/BroadcastQueue( 1018): Permission Denial: broadcasting Intent { act=android.net.conn.CONNECTIVITY_CHANGE flg=0x4000010 (has extras) } from null (pid=-1, uid=-1) requires com.facebook.permission.prod.FB_APP_COMMUNICATION due to registered receiver BroadcastFilter{430f2078 u0 ReceiverList{430d42b0 31780 com.facebook.katana/10184/u0 remote:43039ee0}}
D/dalvikvm(31975): Note: class Landroid/app/ActivityManagerNative; has 181 unimplemented (abstract) methods
D/dalvikvm(31967): Note: class Landroid/app/ActivityManagerNative; has 181 unimplemented (abstract) methods
V/AlarmManager( 1018): sending alarm Alarm{42ea2978 type 2 com.facebook.katana}
D/dalvikvm(31780): GC_CONCURRENT freed 1532K, 12% free 15229K/17184K, paused 6ms+4ms, total 77ms
D/dalvikvm(31780): WAIT_FOR_CONCURRENT_GC blocked 46ms
D/dalvikvm(31780): WAIT_FOR_CONCURRENT_GC blocked 49ms
D/dalvikvm(31780): WAIT_FOR_CONCURRENT_GC blocked 48ms
D/dalvikvm(31780): WAIT_FOR_CONCURRENT_GC blocked 15ms
E/memtrack(31975): Couldn't load memtrack module (No such file or directory)
E/android.os.Debug(31975): failed to load memtrack module: -2
E/memtrack(31967): Couldn't load memtrack module (No such file or directory)
E/android.os.Debug(31967): failed to load memtrack module: -2
D/AndroidRuntime(31975): Calling main entry com.android.commands.pm.Pm
D/AndroidRuntime(31967): Calling main entry com.android.commands.pm.Pm
D/dalvikvm( 1018): GC_EXPLICIT freed 1964K, 30% free 34006K/48328K, paused 5ms+19ms, total 188ms
D/Wunderlist APID(31935): ffcafa7d-56e1-4ce8-8057-9d9a7c645066
D/GCoreFlp(16162): Unknown pending intent to remove.
D/AndroidRuntime(31975): Shutting down VM
D/dalvikvm(31975): GC_CONCURRENT freed 456K, 45% free 573K/1032K, paused 0ms+0ms, total 4ms
D/AndroidRuntime(31967): Shutting down VM
D/dalvikvm(31967): GC_CONCURRENT freed 456K, 45% free 573K/1032K, paused 0ms+1ms, total 3ms
I/ActivityManager( 1018): Start proc com.twitter.android for broadcast com.twitter.android/.client.AppBroadcastReceiver: pid=32009 uid=10130 gids={50130, 3003, 1028, 1015}
I/Crashlytics(32009): Initializing Crashlytics 1.1.11.11
W/BroadcastQueue( 1018): Permission Denial: broadcasting Intent { act=android.net.conn.CONNECTIVITY_CHANGE flg=0x4000010 (has extras) } from null (pid=-1, uid=-1) requires com.facebook.permission.prod.FB_APP_COMMUNICATION due to registered receiver BroadcastFilter{432fe950 u0 ReceiverList{430a7208 31780 com.facebook.katana/10184/u0 remote:42cccf30}}
V/AlarmManager( 1018): sending alarm Alarm{43efd540 type 2 com.facebook.katana}
V/AlarmManager( 1018): sending alarm Alarm{4305bdf8 type 2 com.facebook.katana}
I/dalvikvm(31935): Could not find method org.slf4j.impl.StaticLoggerBinder.getSingleton, referenced from method org.slf4j.LoggerFactory.bind
W/dalvikvm(31935): VFY: unable to resolve static method 42897: Lorg/slf4j/impl/StaticLoggerBinder;.getSingleton ()Lorg/slf4j/impl/StaticLoggerBinder;
D/dalvikvm(31935): VFY: replacing opcode 0x71 at 0x0007
I/dalvikvm(31935): Could not find method org.slf4j.impl.StaticLoggerBinder.getSingleton, referenced from method org.slf4j.LoggerFactory.getILoggerFactory
W/dalvikvm(31935): VFY: unable to resolve static method 42897: Lorg/slf4j/impl/StaticLoggerBinder;.getSingleton ()Lorg/slf4j/impl/StaticLoggerBinder;
D/dalvikvm(31935): VFY: replacing opcode 0x71 at 0x0017
I/dalvikvm(31935): Could not find method org.slf4j.impl.StaticLoggerBinder.getSingleton, referenced from method org.slf4j.LoggerFactory.reportActualBinding
W/dalvikvm(31935): VFY: unable to resolve static method 42897: Lorg/slf4j/impl/StaticLoggerBinder;.getSingleton ()Lorg/slf4j/impl/StaticLoggerBinder;
D/dalvikvm(31935): VFY: replacing opcode 0x71 at 0x0011
W/dalvikvm(31935): VFY: unable to resolve static field 18808 (REQUESTED_API_VERSION) in Lorg/slf4j/impl/StaticLoggerBinder;
D/dalvikvm(31935): VFY: replacing opcode 0x62 at 0x0000
W/System.err(31935): SLF4J: Failed to load class "org.slf4j.impl.StaticLoggerBinder".
W/System.err(31935): SLF4J: Defaulting to no-operation (NOP) logger implementation
W/System.err(31935): SLF4J: See http://www.slf4j.org/codes.html#StaticLoggerBinder for further details.
V/AlarmManager( 1018): sending alarm Alarm{42f7b828 type 2 com.facebook.katana}
I/ActivityManager( 1018): Process com.wunderkinder.wunderlistandroid (pid 31935) has died.
W/ActivityManager( 1018): Service ServiceRecord{4407a2f8 u0 com.wunderkinder.wunderlistandroid/com.wunderkinder.wlapi.services.WLAPIManager} in process ProcessRecord{42fdded8 31935:com.wunderkinder.wunderlistandroid/u0a157} not same as in map: null
W/ActivityManager( 1018): Service ServiceRecord{44079df8 u0 com.wunderkinder.wunderlistandroid/com.wunderkinder.wlapi.services.WLPusherService} in process ProcessRecord{42fdded8 31935:com.wunderkinder.wunderlistandroid/u0a157} not same as in map: null
D/dalvikvm(31780): GC_CONCURRENT freed 1573K, 10% free 15642K/17352K, paused 6ms+5ms, total 70ms
D/dalvikvm(31780): WAIT_FOR_CONCURRENT_GC blocked 60ms
D/dalvikvm(31780): WAIT_FOR_CONCURRENT_GC blocked 58ms
W/fb4a(:<default>):FbObjectMapper(31780): Falling back to Jackson for [simple type, class com.facebook.contacts.graphql.contactprofiletype.ContactProfileType]
W/fb4a(:<default>):FbObjectMapper(31780): Falling back to Jackson for [simple type, class com.facebook.common.util.TriState]
D/dalvikvm(31780): GC_CONCURRENT freed 1897K, 12% free 15862K/17904K, paused 4ms+4ms, total 68ms
D/dalvikvm(31780): WAIT_FOR_CONCURRENT_GC blocked 61ms
D/DEBUG   (18277): Received intent : com.motorola.blur.service.blur.Actions.POLLINGMGR_CONNECTIVITY
W/ContextImpl(18277): Implicit intents with startService are not safe: Intent { act=com.motorola.blur.service.blur.Actions.BIND_WSPROXY_SVC } android.content.ContextWrapper.bindService:517 com.motorola.ccc.notification.GetNotificationsWS.bindWebServices:65 com.motorola.ccc.notification.SundryService.onCreate:1039 
I/ActivityManager( 1018): Start proc com.motorola.ccc.sso for broadcast com.motorola.ccc.sso.app/.GoogleAccountWatcherReceiver: pid=32083 uid=10000 gids={50000, 3003, 3001, 1007, 9004, 1028, 1015, 2001, 9014}
D/GetNotificationsWS(18277): bindWebServices(): registering our AIDL callback...
D/GetNotificationsWS(18277): onServiceConnected()
I/SundryService(18277): onHandleIntent(): action=com.motorola.blur.service.blur.Actions.POLLINGMGR_CONNECTIVITY
D/WaitableIntentService(18277): ServiceHandler.handleMessage: mWaitCount=0
D/GetNotificationsWS(18277): onServiceConnected(): Registered for remote service callbacks...
D/GetNotificationsWS(18277): unbindWebServices(): un-registering our AIDL callback...
D/dalvikvm(  272): GC_EXPLICIT freed 43K, 48% free 8974K/17184K, paused 2ms+3ms, total 26ms
D/dalvikvm(  272): GC_EXPLICIT freed <1K, 48% free 8974K/17184K, paused 1ms+3ms, total 17ms
D/dalvikvm(  272): GC_EXPLICIT freed <1K, 48% free 8974K/17184K, paused 1ms+3ms, total 17ms
D/AndroidRuntime(32065): 
D/AndroidRuntime(32065): >>>>>> AndroidRuntime START com.android.internal.os.RuntimeInit <<<<<<
D/AndroidRuntime(32065): CheckJNI is OFF
D/AndroidRuntime(32063): 
D/AndroidRuntime(32063): >>>>>> AndroidRuntime START com.android.internal.os.RuntimeInit <<<<<<
D/AndroidRuntime(32063): CheckJNI is OFF
D/dalvikvm(32065): Trying to load lib libjavacore.so 0x0
D/dalvikvm(32065): Added shared lib libjavacore.so 0x0
D/dalvikvm(32063): Trying to load lib libjavacore.so 0x0
D/dalvikvm(32065): Trying to load lib libnativehelper.so 0x0
D/dalvikvm(32065): Added shared lib libnativehelper.so 0x0
D/dalvikvm(32065): No JNI_OnLoad found in libnativehelper.so 0x0, skipping init
D/dalvikvm(32063): Added shared lib libjavacore.so 0x0
D/dalvikvm(32063): Trying to load lib libnativehelper.so 0x0
D/dalvikvm(32063): Added shared lib libnativehelper.so 0x0
D/dalvikvm(32063): No JNI_OnLoad found in libnativehelper.so 0x0, skipping init
D/EmailService.MarketingOptInSetter(18277): received com.motorola.blur.service.blur.Actions.POLLINGMGR_CONNECTIVITY
W/BroadcastQueue( 1018): Failure sending broadcast Intent { act=com.facebook.common.executors.WakingExecutorService.ACTION_ALARM.com.facebook.katana flg=0x14 pkg=com.facebook.katana (has extras) }
W/BroadcastQueue( 1018): android.os.DeadObjectException
W/BroadcastQueue( 1018): 	at android.os.BinderProxy.transact(Native Method)
W/BroadcastQueue( 1018): 	at android.content.IIntentReceiver$Stub$Proxy.performReceive(IIntentReceiver.java:124)
W/BroadcastQueue( 1018): 	at com.android.server.am.BroadcastQueue.performReceiveLocked(BroadcastQueue.java:424)
W/BroadcastQueue( 1018): 	at com.android.server.am.BroadcastQueue.deliverToRegisteredReceiverLocked(BroadcastQueue.java:507)
W/BroadcastQueue( 1018): 	at com.android.server.am.BroadcastQueue.processNextBroadcast(BroadcastQueue.java:714)
W/BroadcastQueue( 1018): 	at com.android.server.am.ActivityManagerService.finishReceiver(ActivityManagerService.java:14032)
W/BroadcastQueue( 1018): 	at android.app.ActivityManagerNative.onTransact(ActivityManagerNative.java:394)
W/BroadcastQueue( 1018): 	at com.android.server.am.ActivityManagerService.onTransact(ActivityManagerService.java:2140)
W/BroadcastQueue( 1018): 	at android.os.Binder.execTransact(Binder.java:404)
W/BroadcastQueue( 1018): 	at dalvik.system.NativeStart.run(Native Method)
D/dalvikvm(32063): Note: class Landroid/app/ActivityManagerNative; has 181 unimplemented (abstract) methods
I/ActivityManager( 1018): Start proc com.google.android.gm for broadcast com.google.android.gm/.MailIntentReceiver: pid=32118 uid=10059 gids={50059, 3003, 1028, 1015}
I/ActivityManager( 1018): Process com.motorola.ccc.sso (pid 32083) has died.
D/dalvikvm(32065): Note: class Landroid/app/ActivityManagerNative; has 181 unimplemented (abstract) methods
E/memtrack(32063): Couldn't load memtrack module (No such file or directory)
E/android.os.Debug(32063): failed to load memtrack module: -2
E/memtrack(32065): Couldn't load memtrack module (No such file or directory)
E/android.os.Debug(32065): failed to load memtrack module: -2
D/AndroidRuntime(32063): Calling main entry com.android.commands.pm.Pm
I/ActivityManager( 1018): Process com.facebook.katana (pid 31780) has died.
W/ActivityManager( 1018): Scheduling restart of crashed service com.facebook.katana/com.facebook.push.mqtt.service.MqttPushService in 234468ms
D/WifiService( 1018): Client connection lost with reason: 4
D/AndroidRuntime(32065): Calling main entry com.android.commands.pm.Pm
D/AndroidRuntime(32063): Shutting down VM
D/dalvikvm(32063): GC_CONCURRENT freed 456K, 45% free 573K/1032K, paused 0ms+0ms, total 4ms
D/AndroidRuntime(32065): Shutting down VM
W/GAV2    (32118): Thread[main,5,main]: Need to call initialize() and be in fallback mode to start dispatch.
D/dalvikvm(32065): GC_CONCURRENT freed 456K, 45% free 573K/1032K, paused 0ms+1ms, total 3ms
W/BroadcastQueue( 1018): Failure sending broadcast Intent { act=com.facebook.common.executors.WakingExecutorService.ACTION_ALARM.com.facebook.katana flg=0x14 pkg=com.facebook.katana (has extras) }
W/BroadcastQueue( 1018): android.os.DeadObjectException
W/BroadcastQueue( 1018): 	at android.os.BinderProxy.transact(Native Method)
W/BroadcastQueue( 1018): 	at android.content.IIntentReceiver$Stub$Proxy.performReceive(IIntentReceiver.java:124)
W/BroadcastQueue( 1018): 	at com.android.server.am.BroadcastQueue.performReceiveLocked(BroadcastQueue.java:424)
W/BroadcastQueue( 1018): 	at com.android.server.am.BroadcastQueue.deliverToRegisteredReceiverLocked(BroadcastQueue.java:507)
W/BroadcastQueue( 1018): 	at com.android.server.am.BroadcastQueue.processNextBroadcast(BroadcastQueue.java:714)
W/BroadcastQueue( 1018): 	at com.android.server.am.ActivityManagerService.finishReceiver(ActivityManagerService.java:14032)
W/BroadcastQueue( 1018): 	at android.app.ActivityManagerNative.onTransact(ActivityManagerNative.java:394)
W/BroadcastQueue( 1018): 	at com.android.server.am.ActivityManagerService.onTransact(ActivityManagerService.java:2140)
W/BroadcastQueue( 1018): 	at android.os.Binder.execTransact(Binder.java:404)
W/BroadcastQueue( 1018): 	at dalvik.system.NativeStart.run(Native Method)
W/BroadcastQueue( 1018): Failure sending broadcast Intent { act=com.facebook.common.executors.WakingExecutorService.ACTION_ALARM.com.facebook.katana flg=0x14 pkg=com.facebook.katana (has extras) }
W/BroadcastQueue( 1018): android.os.DeadObjectException
W/BroadcastQueue( 1018): 	at android.os.BinderProxy.transact(Native Method)
W/BroadcastQueue( 1018): 	at android.content.IIntentReceiver$Stub$Proxy.performReceive(IIntentReceiver.java:124)
W/BroadcastQueue( 1018): 	at com.android.server.am.BroadcastQueue.performReceiveLocked(BroadcastQueue.java:424)
W/BroadcastQueue( 1018): 	at com.android.server.am.BroadcastQueue.deliverToRegisteredReceiverLocked(BroadcastQueue.java:507)
W/BroadcastQueue( 1018): 	at com.android.server.am.BroadcastQueue.processNextBroadcast(BroadcastQueue.java:714)
W/BroadcastQueue( 1018): 	at com.android.server.am.BroadcastQueue$1.handleMessage(BroadcastQueue.java:141)
W/BroadcastQueue( 1018): 	at android.os.Handler.dispatchMessage(Handler.java:102)
W/BroadcastQueue( 1018): 	at android.os.Looper.loop(Looper.java:136)
W/BroadcastQueue( 1018): 	at com.android.server.am.ActivityManagerService$AThread.run(ActivityManagerService.java:1917)
W/BroadcastQueue( 1018): Failure sending broadcast Intent { act=com.facebook.common.executors.WakingExecutorService.ACTION_ALARM.com.facebook.katana flg=0x14 pkg=com.facebook.katana (has extras) }
W/BroadcastQueue( 1018): android.os.DeadObjectException
W/BroadcastQueue( 1018): 	at android.os.BinderProxy.transact(Native Method)
W/BroadcastQueue( 1018): 	at android.content.IIntentReceiver$Stub$Proxy.performReceive(IIntentReceiver.java:124)
W/BroadcastQueue( 1018): 	at com.android.server.am.BroadcastQueue.performReceiveLocked(BroadcastQueue.java:424)
W/BroadcastQueue( 1018): 	at com.android.server.am.BroadcastQueue.deliverToRegisteredReceiverLocked(BroadcastQueue.java:507)
W/BroadcastQueue( 1018): 	at com.android.server.am.BroadcastQueue.processNextBroadcast(BroadcastQueue.java:714)
W/BroadcastQueue( 1018): 	at com.android.server.am.BroadcastQueue$1.handleMessage(BroadcastQueue.java:141)
W/BroadcastQueue( 1018): 	at android.os.Handler.dispatchMessage(Handler.java:102)
W/BroadcastQueue( 1018): 	at android.os.Looper.loop(Looper.java:136)
W/BroadcastQueue( 1018): 	at com.android.server.am.ActivityManagerService$AThread.run(ActivityManagerService.java:1917)
I/ActivityManager( 1018): Start proc com.swijaya.galaxytorch for broadcast com.swijaya.galaxytorch/.GalaxyTorchWidgetProvider: pid=32141 uid=10204 gids={50204}
W/BroadcastQueue( 1018): Failure sending broadcast Intent { act=com.facebook.common.executors.WakingExecutorService.ACTION_ALARM.com.facebook.katana flg=0x14 pkg=com.facebook.katana (has extras) }
W/BroadcastQueue( 1018): android.os.DeadObjectException
W/BroadcastQueue( 1018): 	at android.os.BinderProxy.transact(Native Method)
W/BroadcastQueue( 1018): 	at android.content.IIntentReceiver$Stub$Proxy.performReceive(IIntentReceiver.java:124)
W/BroadcastQueue( 1018): 	at com.android.server.am.BroadcastQueue.performReceiveLocked(BroadcastQueue.java:424)
W/BroadcastQueue( 1018): 	at com.android.server.am.BroadcastQueue.deliverToRegisteredReceiverLocked(BroadcastQueue.java:507)
W/BroadcastQueue( 1018): 	at com.android.server.am.BroadcastQueue.processNextBroadcast(BroadcastQueue.java:714)
W/BroadcastQueue( 1018): 	at com.android.server.am.ActivityManagerService.finishReceiver(ActivityManagerService.java:14032)
W/BroadcastQueue( 1018): 	at android.app.ActivityManagerNative.onTransact(ActivityManagerNative.java:394)
W/BroadcastQueue( 1018): 	at com.android.server.am.ActivityManagerService.onTransact(ActivityManagerService.java:2140)
W/BroadcastQueue( 1018): 	at android.os.Binder.execTransact(Binder.java:404)
W/BroadcastQueue( 1018): 	at dalvik.system.NativeStart.run(Native Method)
W/BroadcastQueue( 1018): Failure sending broadcast Intent { act=com.facebook.common.executors.WakingExecutorService.ACTION_ALARM.com.facebook.katana flg=0x14 pkg=com.facebook.katana (has extras) }
W/BroadcastQueue( 1018): android.os.DeadObjectException
W/BroadcastQueue( 1018): 	at android.os.BinderProxy.transact(Native Method)
W/BroadcastQueue( 1018): 	at android.content.IIntentReceiver$Stub$Proxy.performReceive(IIntentReceiver.java:124)
W/BroadcastQueue( 1018): 	at com.android.server.am.BroadcastQueue.performReceiveLocked(BroadcastQueue.java:424)
W/BroadcastQueue( 1018): 	at com.android.server.am.BroadcastQueue.deliverToRegisteredReceiverLocked(BroadcastQueue.java:507)
W/BroadcastQueue( 1018): 	at com.android.server.am.BroadcastQueue.processNextBroadcast(BroadcastQueue.java:714)
W/BroadcastQueue( 1018): 	at com.android.server.am.BroadcastQueue$1.handleMessage(BroadcastQueue.java:141)
W/BroadcastQueue( 1018): 	at android.os.Handler.dispatchMessage(Handler.java:102)
W/BroadcastQueue( 1018): 	at android.os.Looper.loop(Looper.java:136)
