I/SFPerfTracer(  271):      triggers: (rate: 0:0) (1305299 sw vsyncs) (0 skipped) (33:1161252 vsyncs) (35:2614794)
V/AlarmManager( 1018): sending alarm Alarm{42884040 type 2 com.google.android.gms}
I/SFPerfTracer(  271):      triggers: (rate: 0:0) (1305299 sw vsyncs) (0 skipped) (18:1161353 vsyncs) (20:2614910)
V/AlarmManager( 1018): sending alarm Alarm{42208b20 type 1 com.alibaba.aliexpresshd}
I/ActivityManager( 1018): Start proc com.mobisystems.ubreader_west for service com.mobisystems.ubreader_west/com.mobisystems.ubreader.service.UserNotificationService: pid=28965 uid=10106 gids={50106, 3003, 1028, 1015}
I/ActivityManager( 1018): Process com.facebook.katana (pid 26860) has died.
D/WifiService( 1018): Client connection lost with reason: 4
W/ActivityManager( 1018): Scheduling restart of crashed service com.facebook.katana/com.facebook.vault.service.VaultManagerService in 1000ms
W/ActivityManager( 1018): Scheduling restart of crashed service com.facebook.katana/com.facebook.push.mqtt.service.MqttPushService in 1000ms
W/ActivityManager( 1018): Service ServiceRecord{42c4f938 u0 com.facebook.katana/com.facebook.fbservice.service.DefaultBlueService} in process ProcessRecord{42d80668 26860:com.facebook.katana/u0a184} not same as in map: null
I/ActivityManager( 1018): Start proc com.facebook.katana for service com.facebook.katana/com.facebook.push.mqtt.service.MqttPushService: pid=29046 uid=10184 gids={50184, 1028, 1015, 3003}
D/WifiService( 1018): New client listening to asynchronous messages
I/ActivityManager( 1018): Process com.facebook.orca (pid 27143) has died.
W/ActivityManager( 1018): Service ServiceRecord{43781248 u0 com.facebook.orca/com.facebook.fbservice.service.DefaultBlueService} in process ProcessRecord{431e7000 27143:com.facebook.orca/u0a186} not same as in map: null
W/ActivityManager( 1018): Scheduling restart of crashed service com.facebook.orca/com.facebook.push.mqtt.service.MqttPushService in 1000ms
I/ActivityManager( 1018): Process com.alibaba.aliexpresshd:push (pid 27267) has died.
W/ActivityManager( 1018): Scheduling restart of crashed service com.alibaba.aliexpresshd/com.taobao.agoo.PushService in 10980ms
I/ActivityManager( 1018): Start proc com.facebook.orca for service com.facebook.orca/com.facebook.push.mqtt.service.MqttPushService: pid=29192 uid=10186 gids={50186, 3003, 1028, 1015}
W/BroadcastQueue( 1018): Permission Denial: broadcasting Intent { act=android.net.conn.INET_CONDITION_ACTION flg=0x4000010 (has extras) } from null (pid=-1, uid=-1) requires com.facebook.permission.prod.FB_APP_COMMUNICATION due to registered receiver BroadcastFilter{42e15630 u0 ReceiverList{42e4ad98 29046 com.facebook.katana/10184/u0 remote:428e2680}}
W/BroadcastQueue( 1018): Permission Denial: broadcasting Intent { act=android.net.conn.CONNECTIVITY_CHANGE flg=0x4000010 (has extras) } from null (pid=-1, uid=-1) requires com.facebook.permission.prod.FB_APP_COMMUNICATION due to registered receiver BroadcastFilter{42e15630 u0 ReceiverList{42e4ad98 29046 com.facebook.katana/10184/u0 remote:428e2680}}
V/AlarmManager( 1018): sending alarm Alarm{42cca9b8 type 2 com.facebook.katana}
V/AlarmManager( 1018): sending alarm Alarm{42980478 type 2 com.facebook.katana}
D/WifiService( 1018): acquireWifiLockLocked: WifiLock{NlpWifiLock type=2 binder=android.os.BinderProxy@421dc0f0}
D/WifiService( 1018): releaseWifiLockLocked: WifiLock{NlpWifiLock type=2 binder=android.os.BinderProxy@421dc0f0}
W/BroadcastQueue( 1018): Permission Denial: broadcasting Intent { act=android.net.conn.CONNECTIVITY_CHANGE flg=0x4000010 (has extras) } from null (pid=-1, uid=-1) requires com.facebook.permission.prod.FB_APP_COMMUNICATION due to registered receiver BroadcastFilter{424877b8 u0 ReceiverList{41fcbf88 29046 com.facebook.katana/10184/u0 remote:42be8d40}}
W/BroadcastQueue( 1018): Permission Denial: broadcasting Intent { act=android.net.conn.INET_CONDITION_ACTION flg=0x4000010 (has extras) } from null (pid=-1, uid=-1) requires com.facebook.permission.prod.FB_APP_COMMUNICATION due to registered receiver BroadcastFilter{42204eb8 u0 ReceiverList{42cdb9a8 29192 com.facebook.orca/10186/u0 remote:42a3a5c8}}
W/BroadcastQueue( 1018): Permission Denial: broadcasting Intent { act=android.net.conn.CONNECTIVITY_CHANGE flg=0x4000010 (has extras) } from null (pid=-1, uid=-1) requires com.facebook.permission.prod.FB_APP_COMMUNICATION due to registered receiver BroadcastFilter{42204eb8 u0 ReceiverList{42cdb9a8 29192 com.facebook.orca/10186/u0 remote:42a3a5c8}}
V/AlarmManager( 1018): sending alarm Alarm{42c11800 type 2 com.facebook.orca}
V/AlarmManager( 1018): sending alarm Alarm{433a7ce0 type 2 com.facebook.orca}
W/BroadcastQueue( 1018): Permission Denial: broadcasting Intent { act=android.net.conn.CONNECTIVITY_CHANGE flg=0x4000010 (has extras) } from null (pid=-1, uid=-1) requires com.facebook.permission.prod.FB_APP_COMMUNICATION due to registered receiver BroadcastFilter{42f8b6c8 u0 ReceiverList{42c0d948 29192 com.facebook.orca/10186/u0 remote:42cdba98}}
V/AlarmManager( 1018): sending alarm Alarm{4289c790 type 2 com.facebook.katana}
V/AlarmManager( 1018): sending alarm Alarm{42899560 type 2 com.facebook.orca}
V/AlarmManager( 1018): sending alarm Alarm{4285ec78 type 1 com.alibaba.aliexpresshd}
V/AlarmManager( 1018): sending alarm Alarm{432081a8 type 2 com.google.android.gms}
I/SFPerfTracer(  271):      triggers: (rate: 0:0) (1305299 sw vsyncs) (0 skipped) (18:1161451 vsyncs) (20:2615027)
I/ActivityManager( 1018): Start proc com.alibaba.aliexpresshd:push for service com.alibaba.aliexpresshd/com.taobao.agoo.PushService: pid=29546 uid=10197 gids={50197, 3003, 1028, 1015}
I/ActivityManager( 1018): Process com.google.android.gms.drive (pid 27810) has died.
W/ActivityManager( 1018): Scheduling restart of crashed service com.google.android.gms/.drive.api.ApiService in 64000ms
I/PowerManagerService( 1018): Going to sleep by user request...
I/SFPerfTracer(  271):      triggers: (rate: 14:2645) (0 sw vsyncs) (0 skipped) (12:929165 vsyncs) (14:1101501)
I/SFPerfTracer(  271):      triggers: (rate: 0:0) (1305299 sw vsyncs) (0 skipped) (28:1161518 vsyncs) (30:2615103)
W/ContextImpl( 1304): Calling a method in the system process without a qualified user: android.app.ContextImpl.sendBroadcast:1252 android.content.ContextWrapper.sendBroadcast:365 com.motorola.motocare.util.TriggerHelper$TriggerBuilder.send:76 com.motorola.motocare.internal.frameworkevents.PauseResumeTrigger.handleFrameworkEvent:53 com.motorola.motocare.internal.frameworkevents.FwEventMonitor$FrameworkListener.processFrameworkEvent:114 
I/PowerManagerService( 1018): Waking up from sleep...
D/UsbDeviceManager( 1018): MSG_USER_LOCKED
F/ProcessStats( 1018): Starting service ServiceState{42fff988 com.whatsapp.messaging.MessageService pkg=com.whatsapp proc=42fff988} without owner
F/ProcessStats( 1018): Starting service ServiceState{4366a010 com.google.android.gms.drive.api.ApiService pkg=com.google.android.gms proc=4366a010} without owner
I/ActivityManager( 1018): Start proc com.swijaya.galaxytorch for broadcast com.swijaya.galaxytorch/.GalaxyTorchWidgetProvider: pid=29677 uid=10204 gids={50204}
I/SFPerfTracer(  271):      triggers: (rate: 477:9452) (compose: 0:86) (post: 0:16) (render: 121:2591) (2:370351 frames) (3:1099385)
D/SFPerfTracer(  271):        layers: (4:11) (DimLayer: 0:158)* (DimLayer: 0:17)* (FocusedStackFrame: 0:5036)* (StatusBar: 0:77053) (NavigationBar: 0:47405) (com.android.systemui.ImageWallpaper: 0:9305)* (DimLayer: 0:4897)* (DimLayer: 0:1683)* (com.redalertisrael.etzly/com.redalertisrael.etzly.RedAlertIsrael: 1:86) (ElectronBeam: 0:27) (Keyguard: 3:3)* 
I/WindowManager( 1018): Lock screen displayed!
D/DisplayPowerController( 1018): Unblocked screen on after 994337206 ms
I/ActivityManager( 1018): Process com.swijaya.galaxytorch (pid 29677) has died.
I/ActivityManager( 1018): Process com.facebook.katana (pid 29046) has died.
W/ActivityManager( 1018): Scheduling restart of crashed service com.facebook.katana/com.facebook.push.mqtt.service.MqttPushService in 4000ms
D/WifiService( 1018): Client connection lost with reason: 4
W/ActivityManager( 1018): Service ServiceRecord{431e4140 u0 com.facebook.katana/com.facebook.fbservice.service.DefaultBlueService} in process ProcessRecord{42bb43a8 29046:com.facebook.katana/u0a184} not same as in map: null
W/ActivityManager( 1018): Scheduling restart of crashed service com.facebook.katana/com.facebook.vault.service.VaultManagerService in 13999ms
W/ActivityManager( 1018): Scheduling restart of crashed service com.facebook.katana/com.facebook.analytics.service.AnalyticsService in 13998ms
F/ProcessStats( 1018): Starting service ServiceState{42fff988 com.whatsapp.messaging.MessageService pkg=com.whatsapp proc=42fff988} without owner
I/SFPerfTracer(  271):      triggers: (rate: 0:0) (1305315 sw vsyncs) (0 skipped) (65:1161601 vsyncs) (67:2615217)
F/ProcessStats( 1018): Starting service ServiceState{4366a010 com.google.android.gms.drive.api.ApiService pkg=com.google.android.gms proc=4366a010} without owner
F/ProcessStats( 1018): Starting service ServiceState{42a68bb0 com.facebook.push.mqtt.service.MqttPushService pkg=com.facebook.katana proc=42a68bb0} without owner
W/ContextImpl( 1304): Calling a method in the system process without a qualified user: android.app.ContextImpl.sendBroadcast:1252 android.content.ContextWrapper.sendBroadcast:365 com.motorola.motocare.util.TriggerHelper$TriggerBuilder.send:76 com.motorola.motocare.internal.frameworkevents.PauseResumeTrigger.handleFrameworkEvent:53 com.motorola.motocare.internal.frameworkevents.FwEventMonitor$FrameworkListener.processFrameworkEvent:114 
I/SFPerfTracer(  271):      triggers: (rate: 14:2645) (0 sw vsyncs) (0 skipped) (35:929211 vsyncs) (37:1101567)
D/UsbDeviceManager( 1018): MSG_USER_PRESENT
W/InputMethodManagerService( 1018): Window already focused, ignoring focus gain of: com.android.internal.view.IInputMethodClient$Stub$Proxy@424ee4d8 attribute=android.view.inputmethod.EditorInfo@4290cbb0, token = android.os.BinderProxy@41ffaa88
W/ContextImpl( 1304): Calling a method in the system process without a qualified user: android.app.ContextImpl.startService:1608 android.content.ContextWrapper.startService:494 android.content.ContextWrapper.startService:494 com.motorola.motocare.internal.batterystats.BatteryStatsAction.onReceive:33 android.app.ActivityThread.handleReceiver:2434 
W/ContextImpl( 1304): Calling a method in the system process without a qualified user: android.app.ContextImpl.startService:1608 android.content.ContextWrapper.startService:494 android.content.ContextWrapper.startService:494 com.motorola.motocare.internal.batterystats.BatteryStatsAction.onReceive:33 android.app.ActivityThread.handleReceiver:2434 
V/AlarmManager( 1018): sending alarm Alarm{42c83928 type 2 com.redalertisrael.etzly}
V/AlarmManager( 1018): sending alarm Alarm{42c75680 type 2 com.google.android.gms}
I/SFPerfTracer(  271):      triggers: (rate: 0:0) (1305315 sw vsyncs) (0 skipped) (38:1161639 vsyncs) (40:2615258)
I/SFPerfTracer(  271):      triggers: (rate: 14:2645) (0 sw vsyncs) (0 skipped) (37:929248 vsyncs) (39:1101606)
V/AlarmManager( 1018): sending alarm Alarm{41fbd9e0 type 3 android}
I/SFPerfTracer(  271):      triggers: (rate: 0:0) (1305315 sw vsyncs) (0 skipped) (18:1161657 vsyncs) (20:2615278)
V/AlarmManager( 1018): sending alarm Alarm{42a4b1b0 type 1 com.alibaba.aliexpresshd}
I/ActivityManager( 1018): Start proc com.facebook.katana for service com.facebook.katana/com.facebook.push.mqtt.service.MqttPushService: pid=29883 uid=10184 gids={50184, 1028, 1015, 3003}
I/SFPerfTracer(  271):      triggers: (rate: 477:9458) (compose: 0:86) (post: 0:16) (render: 121:2591) (25:370408 frames) (26:1099503)
D/SFPerfTracer(  271):        layers: (3:11) (DimLayer: 0:158)* (DimLayer: 0:17)* (FocusedStackFrame: 0:5039)* (StatusBar: 26:77107) (NavigationBar: 0:47445) (com.android.systemui.ImageWallpaper: 0:9307)* (DimLayer: 0:4897)* (DimLayer: 0:1687)* (com.redalertisrael.etzly/com.redalertisrael.etzly.RedAlertIsrael: 0:103) (ElectronBeam: 0:27)* (Keyguard: 0:62)* 
I/SFPerfTracer(  271):      triggers: (rate: 0:0) (1305315 sw vsyncs) (0 skipped) (39:1161769 vsyncs) (41:2615418)
I/SFPerfTracer(  271):      triggers: (rate: 14:2645) (0 sw vsyncs) (0 skipped) (16:929284 vsyncs) (18:1101671)
I/SFPerfTracer(  271):      triggers: (rate: 0:0) (1305315 sw vsyncs) (0 skipped) (0:1161769 vsyncs) (1:2615419)
D/WifiService( 1018): setWifiEnabled: false pid=1146, uid=10024
E/WifiService( 1018): Invoking mWifiStateMachine.setWifiEnabled
W/ContextImpl( 1304): Calling a method in the system process without a qualified user: android.app.ContextImpl.sendBroadcast:1252 android.content.ContextWrapper.sendBroadcast:365 com.motorola.motocare.internal.settings.SettingsTrigger$1.onChange:395 android.database.ContentObserver.onChange:129 android.database.ContentObserver$NotificationRunnable.run:180 
W/ContextImpl( 1304): Calling a method in the system process without a qualified user: android.app.ContextImpl.sendBroadcast:1252 android.content.ContextWrapper.sendBroadcast:365 com.motorola.motocare.internal.settings.SettingsTrigger$1.onChange:395 android.database.ContentObserver.onChange:129 android.database.ContentObserver$NotificationRunnable.run:180 
W/ContextImpl( 1304): Calling a method in the system process without a qualified user: android.app.ContextImpl.sendBroadcast:1252 android.content.ContextWrapper.sendBroadcast:365 com.motorola.motocare.internal.settings.SettingsTrigger$1.onChange:395 android.database.ContentObserver.onChange:129 android.database.ContentObserver$NotificationRunnable.run:180 
V/ConnectivityService( 1018): WiFi NOT Tethered!
D/WifiP2pService( 1018): InactiveState{ when=0 what=143375 target=com.android.internal.util.StateMachine$SmHandler }
D/WifiP2pService( 1018): P2pEnabledState{ when=-1ms what=143375 target=com.android.internal.util.StateMachine$SmHandler }
D/ConnectivityService( 1018): ConnectivityChange for WIFI: DISCONNECTED/DISCONNECTED
D/ConnectivityService( 1018): tryFailover: set mActiveDefaultNetwork=-1, prevNetType=1
D/ConnectivityService( 1018): Attempting to switch to mobile
D/ConnectivityService( 1018): Attempting to switch to BLUETOOTH_TETHER
D/ConnectivityService( 1018): Attempting to switch to ETHERNET
D/MobileDataStateTracker( 1018): default: Broadcast received: android.intent.action.ANY_DATA_STATE apnType=default
D/MobileDataStateTracker( 1018): default: Received state=CONNECTING, old=DISCONNECTED, reason=dataEnabled
D/MobileDataStateTracker( 1018): default: setDetailed state, old =IDLE and new state=CONNECTING
I/ActivityManager( 1018): Start proc com.android.mms for broadcast com.android.mms/.transaction.MmsSystemEventReceiver: pid=29997 uid=10027 gids={50027, 3003, 1028, 1015}
D/WifiP2pService( 1018): InactiveState{ when=0 what=143376 obj=IL target=com.android.internal.util.StateMachine$SmHandler }
D/WifiP2pService( 1018): P2pEnabledState{ when=0 what=143376 obj=IL target=com.android.internal.util.StateMachine$SmHandler }
D/ConnectivityService( 1018): resetConnections(wlan0, 3)
I/SFPerfTracer(  271):      triggers: (rate: 14:2645) (0 sw vsyncs) (0 skipped) (18:929302 vsyncs) (20:1101692)
D/WifiP2pService( 1018): InactiveState{ when=0 what=143375 target=com.android.internal.util.StateMachine$SmHandler }
D/WifiP2pService( 1018): P2pEnabledState{ when=-1ms what=143375 target=com.android.internal.util.StateMachine$SmHandler }
I/SFPerfTracer(  271):      triggers: (rate: 0:0) (1305315 sw vsyncs) (0 skipped) (0:1161788 vsyncs) (1:2615442)
D/Nat464Xlat( 1018): requiresClat: netType=1, hasIPv4Address=false
D/ConnectivityService( 1018): ConnectivityChange for WIFI: DISCONNECTED/DISCONNECTED
D/ConnectivityService( 1018): Attempting to switch to mobile
D/ConnectivityService( 1018): Attempting to switch to BLUETOOTH_TETHER
D/ConnectivityService( 1018): Attempting to switch to ETHERNET
D/WifiP2pService( 1018): InactiveState{ when=0 what=131204 target=com.android.internal.util.StateMachine$SmHandler }
D/WifiP2pService( 1018): P2pEnabledState{ when=-1ms what=131204 target=com.android.internal.util.StateMachine$SmHandler }
D/WifiP2pService( 1018): P2pDisablingState
D/WifiP2pService( 1018): P2pDisablingState{ when=-1ms what=147458 target=com.android.internal.util.StateMachine$SmHandler }
D/WifiP2pService( 1018): p2p socket connection lost
D/WifiP2pService( 1018): P2pDisabledState
D/Nat464Xlat( 1018): requiresClat: netType=1, hasIPv4Address=false
D/ConnectivityService( 1018): handleInetConditionChange: no active default network - ignore
D/MobileDataStateTracker( 1018): default: setPolicyDataEnable(enabled=true)
D/MobileDataStateTracker( 1018): default: setPolicyDataEnable(enabled=true)
D/MobileDataStateTracker( 1018): default: setPolicyDataEnable(enabled=true)
W/ProcessCpuTracker( 1018): Skipping unknown process pid 30015
V/AlarmManager( 1018): sending alarm Alarm{430ca7b8 type 1 com.alibaba.aliexpresshd}
D/MobileDataStateTracker( 1018): default: setPolicyDataEnable(enabled=true)
D/MobileDataStateTracker( 1018): default: setPolicyDataEnable(enabled=true)
E/ActivityThread(29520): Service com.google.android.gms.checkin.CheckinService has leaked ServiceConnection gbe@42023b28 that was originally bound here
E/ActivityThread(29520): android.app.ServiceConnectionLeaked: Service com.google.android.gms.checkin.CheckinService has leaked ServiceConnection gbe@42023b28 that was originally bound here
E/ActivityThread(29520): 	at android.app.LoadedApk$ServiceDispatcher.<init>(LoadedApk.java:970)
E/ActivityThread(29520): 	at android.app.LoadedApk.getServiceDispatcher(LoadedApk.java:864)
E/ActivityThread(29520): 	at android.app.ContextImpl.bindServiceCommon(ContextImpl.java:1690)
E/ActivityThread(29520): 	at android.app.ContextImpl.bindService(ContextImpl.java:1673)
E/ActivityThread(29520): 	at android.content.ContextWrapper.bindService(ContextWrapper.java:517)
E/ActivityThread(29520): 	at gbd.<init>(SourceFile:99)
E/ActivityThread(29520): 	at gaz.<init>(SourceFile:226)
E/ActivityThread(29520): 	at java.lang.reflect.Constructor.constructNative(Native Method)
E/ActivityThread(29520): 	at java.lang.reflect.Constructor.newInstance(Constructor.java:423)
E/ActivityThread(29520): 	at xt.<init>(SourceFile:175)
E/ActivityThread(29520): 	at bku.a(SourceFile:226)
E/ActivityThread(29520): 	at bkt.a(SourceFile:298)
E/ActivityThread(29520): 	at bkt.doInBackground(SourceFile:288)
E/ActivityThread(29520): 	at android.os.AsyncTask$2.call(AsyncTask.java:288)
E/ActivityThread(29520): 	at java.util.concurrent.FutureTask.run(FutureTask.java:237)
E/ActivityThread(29520): 	at java.lang.Thread.run(Thread.java:841)
D/WifiService( 1018): New client listening to asynchronous messages
I/ActivityManager( 1018): Start proc com.android.settings for broadcast com.android.settings/.widget.SettingsAppWidgetProvider: pid=30032 uid=1000 gids={41000, 1028, 1015, 3002, 3001, 3003, 3006, 1021, 3004, 3005, 1000, 3009, 1023, 1010, 1004, 2002}
I/ActivityManager( 1018): Process com.android.mms (pid 29997) has died.
D/WifiService( 1018): New client listening to asynchronous messages
W/ContextImpl(30032): Calling a method in the system process without a qualified user: android.app.ContextImpl.bindService:1672 android.content.ContextWrapper.bindService:517 android.bluetooth.BluetoothA2dp.doBind:165 android.bluetooth.BluetoothA2dp.<init>:158 android.bluetooth.BluetoothAdapter.getProfileProxy:1364 
I/SFPerfTracer(  271):      triggers: (rate: 14:2645) (0 sw vsyncs) (0 skipped) (14:929317 vsyncs) (16:1101719)
W/InputMethodManagerService( 1018): Window already focused, ignoring focus gain of: com.android.internal.view.IInputMethodClient$Stub$Proxy@42b23e50 attribute=null, token = android.os.BinderProxy@41ffaa88
I/SFPerfTracer(  271):      triggers: (rate: 0:0) (1305315 sw vsyncs) (0 skipped) (16:1161808 vsyncs) (18:2615471)
W/ContextImpl(30032): Calling a method in the system process without a qualified user: android.app.ContextImpl.bindService:1672 android.content.ContextWrapper.bindService:517 android.bluetooth.BluetoothHeadset.doBind:283 android.bluetooth.BluetoothHeadset.<init>:276 android.bluetooth.BluetoothAdapter.getProfileProxy:1361 
I/ActivityManager( 1018): Process com.google.android.gm (pid 21313) has died.
W/ContextImpl(30032): Calling a method in the system process without a qualified user: android.app.ContextImpl.bindService:1672 android.content.ContextWrapper.bindService:517 android.bluetooth.BluetoothInputDevice.doBind:256 android.bluetooth.BluetoothInputDevice.<init>:249 android.bluetooth.BluetoothAdapter.getProfileProxy:1367 
W/ContextImpl(30032): Calling a method in the system process without a qualified user: android.app.ContextImpl.bindService:1672 android.content.ContextWrapper.bindService:517 android.bluetooth.BluetoothPan.doBind:148 android.bluetooth.BluetoothPan.<init>:141 android.bluetooth.BluetoothAdapter.getProfileProxy:1370 
W/ContextImpl(30032): Calling a method in the system process without a qualified user: android.app.ContextImpl.bindService:1672 android.content.ContextWrapper.bindService:517 android.bluetooth.BluetoothMap.doBind:109 android.bluetooth.BluetoothMap.<init>:102 android.bluetooth.BluetoothAdapter.getProfileProxy:1379 
W/ContextImpl(30032): Calling a method in the system process without a qualified user: android.app.ContextImpl.bindService:1672 android.content.ContextWrapper.bindService:517 android.bluetooth.BluetoothPbap.doBind:164 android.bluetooth.BluetoothPbap.<init>:157 com.android.settings.bluetooth.PbapServerProfile.<init>:68 
D/MobileDataStateTracker( 1018): default: Broadcast received: android.intent.action.ANY_DATA_STATE apnType=default
D/MobileDataStateTracker( 1018): default: Received state=CONNECTING, old=CONNECTING, reason=(unspecified)
I/ActivityManager( 1018): Start proc com.google.android.keep for broadcast com.google.android.keep/.notification.AlertReceiver: pid=30113 uid=10138 gids={50138, 3003, 1028, 1015}
I/ActivityManager( 1018): Process com.android.settings (pid 30032) has died.
D/WifiService( 1018): Client connection lost with reason: 4
I/ActivityManager( 1018): Start proc com.android.mms for broadcast com.android.mms/.transaction.MmsSystemEventReceiver: pid=30146 uid=10027 gids={50027, 3003, 1028, 1015}
D/MobileDataStateTracker( 1018): default: Broadcast received: android.intent.action.ANY_DATA_STATE apnType=default
D/MobileDataStateTracker( 1018): default: Received state=CONNECTED, old=CONNECTING, reason=connected
D/MobileDataStateTracker( 1018): default: Unexpected mtu value: 0
D/MobileDataStateTracker( 1018): default: Using FW overlay value config_mobile_mtu
D/MobileDataStateTracker( 1018): default: setDetailed state, old =CONNECTING and new state=CONNECTED
D/ConnectivityService( 1018): ConnectivityChange for mobile: CONNECTED/CONNECTED
V/ConnectivityService( 1018): WiFi NOT Tethered!
D/ConnectivityService( 1018): Setting MTU size: rmnet0, 1500
D/NetworkManagementService( 1018): Enter setMtu in NetworkManagementService
D/NetworkManagementService( 1018): interface rmnet0setmtu 1500
I/ActivityManager( 1018): Process com.google.android.keep (pid 30113) has died.
D/Nat464Xlat( 1018): requiresClat: netType=0, hasIPv4Address=true
D/MobileDataStateTracker( 1018): default: setPolicyDataEnable(enabled=true)
I/ActivityManager( 1018): Process com.android.mms (pid 30146) has died.
I/PowerManagerService( 1018): Going to sleep by user request...
V/AlarmManager( 1018): sending alarm Alarm{42d924c0 type 2 com.facebook.katana}
D/MobileDataStateTracker( 1018): default: setPolicyDataEnable(enabled=true)
V/AlarmManager( 1018): sending alarm Alarm{42d91eb0 type 2 com.google.android.gms}
W/BroadcastQueue( 1018): Permission Denial: broadcasting Intent { act=android.net.conn.INET_CONDITION_ACTION flg=0x4000010 (has extras) } from null (pid=-1, uid=-1) requires com.facebook.permission.prod.FB_APP_COMMUNICATION due to registered receiver BroadcastFilter{42d4b0e0 u0 ReceiverList{42ee7650 29883 com.facebook.katana/10184/u0 remote:42774698}}
W/BroadcastQueue( 1018): Permission Denial: broadcasting Intent { act=android.net.conn.CONNECTIVITY_CHANGE flg=0x4000010 (has extras) } from null (pid=-1, uid=-1) requires com.facebook.permission.prod.FB_APP_COMMUNICATION due to registered receiver BroadcastFilter{42d4b0e0 u0 ReceiverList{42ee7650 29883 com.facebook.katana/10184/u0 remote:42774698}}
V/AlarmManager( 1018): sending alarm Alarm{42ca5338 type 2 com.facebook.katana}
D/ConnectivityService( 1018): setProvNotificationVisible: E visible=false networkType=1 extraInfo=null url=null
I/openssl (25371): Crypto mode not selected, openssl will run on its regular mode.
I/openssl (25371): Crypto mode 0 already enabled
I/ActivityManager( 1018): Start proc com.android.mms for broadcast com.android.mms/.transaction.MmsSystemEventReceiver: pid=30194 uid=10027 gids={50027, 3003, 1028, 1015}
E/ActivityThread(18277): Failed to find provider info for com.motorola.blur.setupprovider
E/ActivityThread(18277): Failed to find provider info for com.motorola.blur.setupprovider
I/ActivityManager( 1018): Start proc com.google.android.gm for service com.google.android.gm/.provider.MailSyncAdapterService: pid=30208 uid=10059 gids={50059, 3003, 1028, 1015}
I/ActivityManager( 1018): Start proc com.google.android.setupwizard for broadcast com.google.android.setupwizard/.MobileConnectivityChangeReceiver: pid=30237 uid=10037 gids={50037, 3003}
D/ConnectivityService( 1018): NetTransition Wakelock for ConnectedState released by timeout
I/ActivityManager( 1018): Process com.android.mms (pid 30194) has died.
I/SFPerfTracer(  271):      triggers: (rate: 14:2645) (0 sw vsyncs) (0 skipped) (23:929340 vsyncs) (25:1101749)
I/SFPerfTracer(  271):      triggers: (rate: 477:9462) (compose: 0:86) (post: 0:16) (render: 121:2591) (23:370505 frames) (24:1099617)
D/SFPerfTracer(  271):        layers: (4:10) (DimLayer: 0:158)* (DimLayer: 0:17)* (FocusedStackFrame: 0:5039)* (StatusBar: 1:77196) (NavigationBar: 0:47445) (com.android.systemui.ImageWallpaper: 0:9307)* (DimLayer: 0:4897)* (DimLayer: 0:1687)* (com.redalertisrael.etzly/com.redalertisrael.etzly.RedAlertIsrael: 0:103) (ElectronBeam: 24:26) 
I/SFPerfTracer(  271):      triggers: (rate: 0:0) (1305316 sw vsyncs) (0 skipped) (25:1161833 vsyncs) (27:2615501)
W/ContextImpl( 1304): Calling a method in the system process without a qualified user: android.app.ContextImpl.sendBroadcast:1252 android.content.ContextWrapper.sendBroadcast:365 com.motorola.motocare.util.TriggerHelper$TriggerBuilder.send:76 com.motorola.motocare.internal.frameworkevents.PauseResumeTrigger.handleFrameworkEvent:53 com.motorola.motocare.internal.frameworkevents.FwEventMonitor$FrameworkListener.processFrameworkEvent:114 
F/ProcessStats( 1018): Starting service ServiceState{42fff988 com.whatsapp.messaging.MessageService pkg=com.whatsapp proc=42fff988} without owner
F/ProcessStats( 1018): Starting service ServiceState{4366a010 com.google.android.gms.drive.api.ApiService pkg=com.google.android.gms proc=4366a010} without owner
D/UsbDeviceManager( 1018): MSG_USER_LOCKED
V/AlarmManager( 1018): sending alarm Alarm{42a02d38 type 2 com.facebook.katana}
V/AlarmManager( 1018): sending alarm Alarm{42007980 type 2 com.facebook.katana}
V/AlarmManager( 1018): sending alarm Alarm{42e69db0 type 2 com.facebook.katana}
D/WifiService( 1018): acquireWifiLockLocked: WifiLock{NlpWifiLock type=2 binder=android.os.BinderProxy@42bd6cd8}
V/AlarmManager( 1018): sending alarm Alarm{42d80958 type 2 com.facebook.katana}
I/ActivityManager( 1018): Process com.google.android.setupwizard (pid 30237) has died.
V/AlarmManager( 1018): sending alarm Alarm{42f0cf28 type 2 com.facebook.katana}
V/AlarmManager( 1018): sending alarm Alarm{42f0a7b0 type 2 com.facebook.katana}
D/WifiService( 1018): releaseWifiLockLocked: WifiLock{NlpWifiLock type=2 binder=android.os.BinderProxy@42bd6cd8}
W/BroadcastQueue( 1018): Permission Denial: broadcasting Intent { act=android.net.conn.CONNECTIVITY_CHANGE flg=0x4000010 (has extras) } from null (pid=-1, uid=-1) requires com.facebook.permission.prod.FB_APP_COMMUNICATION due to registered receiver BroadcastFilter{42e60158 u0 ReceiverList{42fd5b10 29883 com.facebook.katana/10184/u0 remote:42b14f40}}
I/ActivityManager( 1018): Start proc com.android.chrome for broadcast com.android.chrome/com.google.android.apps.chrome.precache.PrecacheServiceLauncher: pid=30308 uid=10050 gids={50050, 3003, 1028, 1015}
V/AlarmManager( 1018): sending alarm Alarm{42ced488 type 2 com.facebook.katana}
D/WifiP2pService( 1018): P2pDisabledState{ when=-5ms what=143366 arg1=11 target=com.android.internal.util.StateMachine$SmHandler }
D/WifiP2pService( 1018): DefaultState{ when=-5ms what=143366 arg1=11 target=com.android.internal.util.StateMachine$SmHandler }
I/ActivityManager( 1018): Start proc com.google.android.apps.plus for broadcast com.google.android.apps.plus/.service.ConnectivityReceiver: pid=30330 uid=10082 gids={50082, 3003, 3002, 1028, 1015}
I/ActivityManager( 1018): Process com.android.chrome (pid 30308) has died.
E/ActivityThread(18277): Failed to find provider info for com.motorola.blur.setupprovider
D/ConnectivityService( 1018): handleInetConditionHoldEnd: net=0, condition=100, published condition=0
D/WifiService( 1018): acquireWifiLockLocked: WifiLock{NlpWifiLock type=2 binder=android.os.BinderProxy@42bd6cd8}
D/WifiService( 1018): releaseWifiLockLocked: WifiLock{NlpWifiLock type=2 binder=android.os.BinderProxy@42bd6cd8}
D/WifiService( 1018): acquireWifiLockLocked: WifiLock{NlpWifiLock type=2 binder=android.os.BinderProxy@42bd6cd8}
D/WifiService( 1018): releaseWifiLockLocked: WifiLock{NlpWifiLock type=2 binder=android.os.BinderProxy@42bd6cd8}
I/ActivityManager( 1018): Start proc com.google.android.gms.unstable for service com.google.android.gms/.droidguard.DroidGuardService: pid=30356 uid=10019 gids={50019, 3007, 2001, 3003, 1007, 3006, 1028, 1015, 3002, 3001}
D/ConnectivityService( 1018): handleInetConditionHoldEnd: net=0, condition=100, published condition=100
I/ActivityManager( 1018): Process com.alibaba.aliexpresshd:push (pid 29546) has died.
W/ActivityManager( 1018): Scheduling restart of crashed service com.alibaba.aliexpresshd/com.taobao.agoo.PushService in 55485ms
I/ActivityManager( 1018): Start proc com.google.android.apps.magazines for broadcast com.google.android.apps.magazines/com.google.apps.dots.android.newsstand.appwidget.NewsWidgetProvider: pid=30440 uid=10069 gids={50069, 3003, 1028, 1015}
V/AlarmManager( 1018): sending alarm Alarm{4324e768 type 2 com.facebook.katana}
V/AlarmManager( 1018): sending alarm Alarm{43247bb0 type 2 com.facebook.orca}
V/AlarmManager( 1018): sending alarm Alarm{43247830 type 0 com.facebook.orca}
V/AlarmManager( 1018): sending alarm Alarm{432357d0 type 1 com.alibaba.aliexpresshd}
I/ActivityManager( 1018): Process com.google.android.apps.plus (pid 30330) has died.
I/ActivityManager( 1018): Process com.facebook.orca (pid 29192) has died.
W/ActivityManager( 1018): Scheduling restart of crashed service com.facebook.orca/com.facebook.analytics.service.AnalyticsService in 1000ms
W/ActivityManager( 1018): Service ServiceRecord{42f0a5b8 u0 com.facebook.orca/com.facebook.fbservice.service.DefaultBlueService} in process ProcessRecord{432da850 29192:com.facebook.orca/u0a186} not same as in map: null
W/ActivityManager( 1018): Scheduling restart of crashed service com.facebook.orca/com.facebook.push.mqtt.service.MqttPushService in 4000ms
I/ActivityManager( 1018): Start proc com.chrome.beta for broadcast com.chrome.beta/com.google.android.apps.chrome.precache.PrecacheServiceLauncher: pid=30507 uid=10199 gids={50199, 3003, 1028, 1015}
I/ActivityManager( 1018): Start proc com.alibaba.aliexpresshd:notify for broadcast com.alibaba.aliexpresshd/com.taobao.agoo.RegistrationReceiver: pid=30538 uid=10197 gids={50197, 3003, 1028, 1015}
I/ActivityManager( 1018): Process com.google.android.apps.magazines (pid 30440) has died.
I/ActivityManager( 1018): Process com.chrome.beta (pid 30507) has died.
I/ActivityManager( 1018): Start proc com.amazon.kindle for broadcast com.amazon.kindle/com.amazon.kcp.periodicals.NewsstandSyncBroadcastEventTracker: pid=30572 uid=10143 gids={50143, 3003, 1028, 1015}
I/ActivityManager( 1018): Process com.alibaba.aliexpresshd:notify (pid 30538) has died.
I/ActivityManager( 1018): Start proc com.amazon.mShop.android for content provider com.amazon.mShop.android/com.amazon.mShop.sso.MShopMAPInformationProvider: pid=30602 uid=10123 gids={50123, 3003}
I/ActivityManager( 1018): Start proc com.ideashower.readitlater.pro for broadcast com.ideashower.readitlater.pro/com.ideashower.readitlater.service.ConnectionReceiver: pid=30618 uid=10161 gids={50161, 3003, 1028, 1015}
I/ActivityManager( 1018): Process com.amazon.kindle (pid 30572) has died.
I/ActivityManager( 1018): Process com.amazon.mShop.android (pid 30602) has died.
I/ActivityManager( 1018): Start proc com.amazon.mShop.android for restart com.amazon.mShop.android: pid=30633 uid=10123 gids={50123, 3003}
I/ActivityManager( 1018): Process com.amazon.mShop.android (pid 30633) has died.
I/ActivityManager( 1018): Start proc com.amazon.mShop.android for restart com.amazon.mShop.android: pid=30655 uid=10123 gids={50123, 3003}
I/ActivityManager( 1018): Process com.amazon.mShop.android (pid 30655) has died.
I/ActivityManager( 1018): Start proc com.amazon.mShop.android for restart com.amazon.mShop.android: pid=30668 uid=10123 gids={50123, 3003}
I/ActivityManager( 1018): Process com.amazon.mShop.android (pid 30668) has died.
I/ActivityManager( 1018): Start proc com.amazon.mShop.android for restart com.amazon.mShop.android: pid=30680 uid=10123 gids={50123, 3003}
I/ActivityManager( 1018): Process com.amazon.mShop.android (pid 30680) has died.
I/ActivityManager( 1018): Start proc com.amazon.mShop.android for restart com.amazon.mShop.android: pid=30695 uid=10123 gids={50123, 3003}
I/ActivityManager( 1018): Process com.amazon.mShop.android (pid 30695) has died.
I/ActivityManager( 1018): Start proc com.amazon.mShop.android for restart com.amazon.mShop.android: pid=30708 uid=10123 gids={50123, 3003}
V/AlarmManager( 1018): sending alarm Alarm{432fa828 type 2 com.facebook.katana}
V/AlarmManager( 1018): sending alarm Alarm{44037058 type 2 com.google.android.gms}
V/AlarmManager( 1018): sending alarm Alarm{44027248 type 0 com.google.android.gms}
I/ActivityManager( 1018): Process com.amazon.mShop.android (pid 30708) has died.
I/ActivityManager( 1018): Start proc com.amazon.mShop.android for restart com.amazon.mShop.android: pid=30720 uid=10123 gids={50123, 3003}
I/ActivityManager( 1018): Process com.amazon.mShop.android (pid 30720) has died.
I/ActivityManager( 1018): Start proc com.amazon.mShop.android for restart com.amazon.mShop.android: pid=30734 uid=10123 gids={50123, 3003}
I/ActivityManager( 1018): Process com.amazon.mShop.android (pid 30734) has died.
I/ActivityManager( 1018): Start proc com.amazon.mShop.android for restart com.amazon.mShop.android: pid=30765 uid=10123 gids={50123, 3003}
I/ActivityManager( 1018): Process com.amazon.mShop.android (pid 30765) has died.
I/ActivityManager( 1018): Start proc com.amazon.mShop.android for restart com.amazon.mShop.android: pid=30784 uid=10123 gids={50123, 3003}
I/ActivityManager( 1018): Process com.ideashower.readitlater.pro (pid 30618) has died.
I/ActivityManager( 1018): Process com.amazon.mShop.android (pid 30784) has died.
I/ActivityManager( 1018): Start proc com.amazon.mShop.android for restart com.amazon.mShop.android: pid=30803 uid=10123 gids={50123, 3003}
I/ActivityManager( 1018): Start proc com.wunderkinder.wunderlistandroid for broadcast com.wunderkinder.wunderlistandroid/.receiver.WLConnectivityReceiver: pid=30821 uid=10157 gids={50157, 3003, 1028, 1015}
I/ActivityManager( 1018): Process com.amazon.mShop.android (pid 30803) has died.
I/ActivityManager( 1018): Start proc com.amazon.mShop.android for restart com.amazon.mShop.android: pid=30834 uid=10123 gids={50123, 3003}
I/ActivityManager( 1018): Process android.process.media (pid 25371) has died.
W/ActivityManager( 1018): Scheduling restart of crashed service com.android.providers.media/.MtpService in 10806ms
I/ActivityManager( 1018): Process com.amazon.mShop.android (pid 30834) has died.
I/ActivityManager( 1018): Start proc com.amazon.mShop.android for restart com.amazon.mShop.android: pid=30846 uid=10123 gids={50123, 3003}
I/ActivityManager( 1018): Process com.amazon.mShop.android (pid 30846) has died.
I/ActivityManager( 1018): Start proc com.amazon.mShop.android for restart com.amazon.mShop.android: pid=30880 uid=10123 gids={50123, 3003}
I/ActivityManager( 1018): Start proc com.amazon.kindle for content provider com.amazon.kindle/.map.StandaloneMAPInformationProvider: pid=30907 uid=10143 gids={50143, 3003, 1028, 1015}
I/ActivityManager( 1018): Process com.amazon.mShop.android (pid 30880) has died.
I/ActivityManager( 1018): Process com.amazon.kindle (pid 30907) has died.
I/ActivityManager( 1018): Start proc com.amazon.kindle for restart com.amazon.kindle: pid=30921 uid=10143 gids={50143, 3003, 1028, 1015}
I/ActivityManager( 1018): Start proc com.facebook.orca for service com.facebook.orca/com.facebook.push.mqtt.service.MqttPushService: pid=30934 uid=10186 gids={50186, 3003, 1028, 1015}
I/ActivityManager( 1018): Process com.amazon.kindle (pid 30921) has died.
I/ActivityManager( 1018): Start proc com.amazon.kindle for restart com.amazon.kindle: pid=30946 uid=10143 gids={50143, 3003, 1028, 1015}
I/ActivityManager( 1018): Process com.amazon.kindle (pid 30946) has died.
I/ActivityManager( 1018): Start proc com.amazon.kindle for restart com.amazon.kindle: pid=30959 uid=10143 gids={50143, 3003, 1028, 1015}
I/ActivityManager( 1018): Process com.amazon.kindle (pid 30959) has died.
I/ActivityManager( 1018): Start proc com.amazon.kindle for restart com.amazon.kindle: pid=30971 uid=10143 gids={50143, 3003, 1028, 1015}
I/ActivityManager( 1018): Process com.amazon.kindle (pid 30971) has died.
I/ActivityManager( 1018): Start proc com.amazon.kindle for restart com.amazon.kindle: pid=30984 uid=10143 gids={50143, 3003, 1028, 1015}
I/ActivityManager( 1018): Process com.amazon.kindle (pid 30984) has died.
I/ActivityManager( 1018): Start proc com.amazon.kindle for restart com.amazon.kindle: pid=30996 uid=10143 gids={50143, 3003, 1028, 1015}
I/ActivityManager( 1018): Process com.amazon.kindle (pid 30996) has died.
I/ActivityManager( 1018): Start proc com.amazon.kindle for restart com.amazon.kindle: pid=31008 uid=10143 gids={50143, 3003, 1028, 1015}
I/ActivityManager( 1018): Process com.deeptrouble.yaarreddit (pid 28394) has died.
W/ActivityManager( 1018): Scheduling restart of crashed service com.deeptrouble.yaarreddit/.utils.MailService in 19409ms
I/ActivityManager( 1018): Process com.amazon.kindle (pid 31008) has died.
I/ActivityManager( 1018): Start proc com.amazon.kindle for restart com.amazon.kindle: pid=31034 uid=10143 gids={50143, 3003, 1028, 1015}
I/ActivityManager( 1018): Process com.moblin.israeltrain (pid 11901) has died.
W/ActivityManager( 1018): Scheduling restart of crashed service com.moblin.israeltrain/com.urbanairship.push.PushService in 19198ms
I/ActivityManager( 1018): Process com.amazon.kindle (pid 31034) has died.
I/ActivityManager( 1018): Start proc com.amazon.kindle for restart com.amazon.kindle: pid=31060 uid=10143 gids={50143, 3003, 1028, 1015}
I/ActivityManager( 1018): Process com.amazon.kindle (pid 31060) has died.
I/ActivityManager( 1018): Start proc com.amazon.kindle for restart com.amazon.kindle: pid=31076 uid=10143 gids={50143, 3003, 1028, 1015}
I/ActivityManager( 1018): Process com.amazon.kindle (pid 31076) has died.
I/ActivityManager( 1018): Start proc com.amazon.kindle for restart com.amazon.kindle: pid=31102 uid=10143 gids={50143, 3003, 1028, 1015}
I/ActivityManager( 1018): Process com.facebook.katana (pid 29883) has died.
W/ActivityManager( 1018): Scheduling restart of crashed service com.facebook.katana/com.facebook.analytics.service.AnalyticsService in 58617ms
W/ActivityManager( 1018): Scheduling restart of crashed service com.facebook.katana/com.facebook.push.mqtt.service.MqttPushService in 58617ms
D/WifiService( 1018): Client connection lost with reason: 4
--------- beginning of /dev/log/main
W/dalvikvm(30934): method Lcom/facebook/reflex/view/bd;.invalidate incorrectly overrides package-private method with same name in Landroid/view/View;
W/dalvikvm(30934): method Lcom/facebook/reflex/view/by;.invalidate incorrectly overrides package-private method with same name in Landroid/view/View;
W/dalvikvm(30934): method Lcom/facebook/reflex/view/w;.invalidate incorrectly overrides package-private method with same name in Landroid/view/View;
D/dalvikvm(31102): Trying to load lib /data/app-lib/com.amazon.kindle-1/libNativeLibraryWrapper.so 0x41f841a0
D/dalvikvm(31102): Added shared lib /data/app-lib/com.amazon.kindle-1/libNativeLibraryWrapper.so 0x41f841a0
D/Wunderlist APID(30821): ffcafa7d-56e1-4ce8-8057-9d9a7c645066
I/ActivityManager( 1018): Start proc com.amazon.mShop.android for content provider com.amazon.mShop.android/com.amazon.mShop.sso.MShopMAPInformationProvider: pid=31143 uid=10123 gids={50123, 3003}
I/dalvikvm(31143): Enabling JNI app bug workarounds for target SDK version 9...
I/ActivityManager( 1018): Start proc com.twitter.android for broadcast com.twitter.android/.client.AppBroadcastReceiver: pid=31156 uid=10130 gids={50130, 3003, 1028, 1015}
I/Unknown/com.amazon.identity.auth.device.api.MAPInit(31143): Initalizing MAP SSO
I/Unknown/com.amazon.identity.platform.setting.PlatformSettingHolder(31143): Initializing the Platform Settings.
W/Unknown/com.amazon.identity.auth.device.utils.ReflectionHelper(31143): Failed to locate class named com.amazon.dcp.settings.SettingsCache. If this is not a Kindle device, you can ignore this warning.
W/Unknown/com.amazon.identity.auth.device.utils.ReflectionHelper(31143): Failed to locate class named com.amazon.acos.util.AmazonBuild. If this is not a Kindle device, you can ignore this warning.
W/Unknown/com.amazon.identity.auth.device.utils.ReflectionHelper(31143): Failed to locate class named com.amazon.dcp.settings.SettingBoolean. If this is not a Kindle device, you can ignore this warning.
I/Unknown/com.amazon.identity.auth.device.utils.CentralApkUtils(31143): Cannot find amazon authenticator. returning null
I/Unknown/com.amazon.identity.auth.device.utils.CentralApkUtils(31143): No central apk detected. This should be a 3P device.
I/Unknown/com.amazon.identity.auth.device.attribute.DeviceAttributeCache(31143): Setting device attribute CentralAPK to false
I/com.amazon.mShop.android/com.amazon.identity.auth.device.utils.CentralApkUtils(31143): Cannot find amazon authenticator. If this is 1P device, this is a bug!
I/com.amazon.mShop.android/com.amazon.identity.auth.device.api.MAPInit(31143): Initalizing MAP (130013210 / MAPAndroidLib-1.0.243.0) for app com.amazon.mShop.android
V/DexElementCompatibility(31102): ElementObjectFileFileDexFile is not the right one for this platform
W/SocketClient(  268): write error (Broken pipe)
V/DexElementCompatibility(31102): ElementObjectFileZipFileDexFile is not the right one for this platform
I/com.amazon.mShop.android/com.amazon.identity.auth.device.features.FeatureCache(31143): Setting feature OverrideDeviceAttributes to true
W/com.amazon.mShop.android/com.amazon.identity.auth.device.utils.ReflectionHelper(31143): Failed to locate class named com.amazon.dcp.settings.SettingString. If this is not a Kindle device, you can ignore this warning.
E/com.amazon.mShop.android/com.amazon.identity.auth.device.utils.DeviceTypeHelpers(31143): Device code is invalid. Device appears to be configured incorrectly.
I/com.amazon.kindle/com.amazon.identity.auth.device.features.FeatureCache(31102): Setting feature OverrideDeviceAttributes to true
I/DPLogger(31143): DPLogger - Name was too long. Truncating; original name: BaseMetricsServiceFactory, truncated name: BaseMetricsServiceFacto
I/DPLogger(31143): DPLogger - Name was too long. Truncating; original name: MetricsConfigurationParser, truncated name: MetricsConfigurationPar
I/MetricsConfigurationPar(31143): MetricsConfigurationParser - Picking configuration; Domain: prod, Build: user, isDebuggable: false
I/Crashlytics(31156): Initializing Crashlytics 1.1.11.11
W/dalvikvm(30934): method Lcom/facebook/messaging/b/y;.invalidate incorrectly overrides package-private method with same name in Landroid/view/View;
I/DPLogger(31143): DPLogger - Name was too long. Truncating; original name: TComm.HttpClientSrrManager, truncated name: TComm.HttpClientSrrMana
I/DPLogger(31143): DPLogger - Name was too long. Truncating; original name: AndroidDeviceInfoManager, truncated name: AndroidDeviceInfoManage
I/DPLogger(31143): DPLogger - Name was too long. Truncating; original name: Metrics:BoundedByteArrayQueue, truncated name: Metrics:BoundedByteArra
I/DPLogger(31143): DPLogger - Name was too long. Truncating; original name: Metrics:NonVolatileBoundedByteArrayQueue, truncated name: Metrics:NonVolatileBoun
I/DPLogger(31143): DPLogger - Name was too long. Truncating; original name: Metrics:BatchTransmitter, truncated name: Metrics:BatchTransmitte
I/DPLogger(31143): DPLogger - Name was too long. Truncating; original name: Metrics:ThreadPoolBatchTransmitter, truncated name: Metrics:ThreadPoolBatch
I/DPLogger(31143): DPLogger - Name was too long. Truncating; original name: PeriodicBatchTransmitter, truncated name: PeriodicBatchTransmitte
I/DPLogger(31143): DPLogger - Name was too long. Truncating; original name: Metrics:UrgentBatchTransmitter, truncated name: Metrics:UrgentBatchTran
W/BaseMetricsServiceFacto(31143): createMetricsService - Skipping batch pipeline setup for ; RESERVED_FOR_LOCATION_SERVICE:  because no configuration is provided.
W/BaseMetricsServiceFacto(31143): createMetricsService - Skipping batch pipeline setup for ; RESERVED_FOR_NON_ANONYMOUS_METRICS:  because no configuration is provided.
I/Metrics:BatchTransmitte(31143): QueuePusher.sendBatches - Drained batch queue.; Number of batches sent: 0
I/DPLogger(31143): DPLogger - Name was too long. Truncating; original name: MetricsBroadcastReceiver, truncated name: MetricsBroadcastReceive
I/com.amazon.mShop.android/com.amazon.identity.auth.device.api.MAPInit(31143): MAP Components already initalized
V/AmazonApplication(31143): Unable to execute setConfigCallbackForViewRoot on Android Platform4.4.3
I/Metrics:BatchTransmitte(31143): QueuePusher.sendBatches - Drained batch queue.; Number of batches sent: 0
I/DPLogger(31143): DPLogger - Name was too long. Truncating; original name: CrashDescriptorStorageUtil, truncated name: CrashDescriptorStorageU
W/msgr(:<default>):bp(30934): Verify
I/CrashDescriptorStorageU(31143): loadFromSharedPreferences - No keys retrieved from shared preferences.;
I/com.amazon.device.a.p(31143): Installing crash detector as default exception handler.
I/com.amazon.mShop.android/com.amazon.identity.auth.device.utils.CentralApkUtils(31143): Cannot find amazon authenticator. If this is 1P device, this is a bug!
I/com.amazon.device.a.p(31143): Skipping crash report upload. WiFi is not connected.
I/ActivityManager( 1018): Process com.amazon.kindle (pid 31102) has died.
I/ActivityThread(31143): Removing dead content provider:android.content.ContentProviderProxy@420f7ac0
I/ActivityManager( 1018): Start proc com.amazon.kindle for content provider com.amazon.kindle/.map.StandaloneMAPInformationProvider: pid=31206 uid=10143 gids={50143, 3003, 1028, 1015}
W/dalvikvm(31206): VFY: unable to resolve static field 37152 (SINGLETON) in Lorg/slf4j/impl/StaticMarkerBinder;
D/dalvikvm(31206): VFY: replacing opcode 0x62 at 0x0000
I/dalvikvm(31206): Could not find method org.slf4j.impl.StaticLoggerBinder.getSingleton, referenced from method org.slf4j.LoggerFactory.bind
W/dalvikvm(31206): VFY: unable to resolve static method 57987: Lorg/slf4j/impl/StaticLoggerBinder;.getSingleton ()Lorg/slf4j/impl/StaticLoggerBinder;
D/dalvikvm(31206): VFY: replacing opcode 0x71 at 0x0007
I/dalvikvm(31206): Could not find method org.slf4j.impl.StaticLoggerBinder.getSingleton, referenced from method org.slf4j.LoggerFactory.getILoggerFactory
W/dalvikvm(31206): VFY: unable to resolve static method 57987: Lorg/slf4j/impl/StaticLoggerBinder;.getSingleton ()Lorg/slf4j/impl/StaticLoggerBinder;
D/dalvikvm(31206): VFY: replacing opcode 0x71 at 0x0017
I/dalvikvm(31206): Could not find method org.slf4j.impl.StaticLoggerBinder.getSingleton, referenced from method org.slf4j.LoggerFactory.reportActualBinding
W/dalvikvm(31206): VFY: unable to resolve static method 57987: Lorg/slf4j/impl/StaticLoggerBinder;.getSingleton ()Lorg/slf4j/impl/StaticLoggerBinder;
D/dalvikvm(31206): VFY: replacing opcode 0x71 at 0x0011
W/dalvikvm(31206): VFY: unable to resolve static field 37150 (REQUESTED_API_VERSION) in Lorg/slf4j/impl/StaticLoggerBinder;
D/dalvikvm(31206): VFY: replacing opcode 0x62 at 0x0000
W/GLSUser ( 6685): GoogleAccountDataService.getToken()
W/GLSUser ( 6685): GoogleAccountDataService.getToken()
W/GLSUser ( 6685): GoogleAccountDataService.getToken()
W/System.err(31206): SLF4J: Failed to load class "org.slf4j.impl.StaticLoggerBinder".
W/System.err(31206): SLF4J: Defaulting to no-operation (NOP) logger implementation
W/System.err(31206): SLF4J: See http://www.slf4j.org/codes.html#StaticLoggerBinder for further details.
W/Unknown/com.amazon.identity.auth.device.utils.ReflectionHelper(31206): Failed to locate class named com.amazon.acos.util.AmazonBuild. If this is not a Kindle device, you can ignore this warning.
I/Unknown/com.amazon.identity.platform.setting.PlatformSettings(31206): DCP settings not available; using defaults
I/Unknown/com.amazon.identity.auth.device.api.MAPInit(31206): Initializing MAP SSO
I/Unknown/com.amazon.identity.auth.device.utils.CentralApkUtils(31206): Cannot find amazon authenticator. returning null
I/Unknown/com.amazon.identity.auth.device.utils.CentralApkUtils(31206): No central apk detected. This should be a 3P device.
